INFO     requests.session:session.py:36 发送请求>>>>>> 接口地址 = GET http://47.107.116.139/phpwind/
INFO     requests.session:session.py:37 发送请求>>>>>> 请求头 = {'User-Agent': 'python-requests/2.28.1', 'Accept-Encoding': 'gzip, deflate, br', 'Accept': '*/*', 'Connection': 'keep-alive'}
INFO     requests.session:session.py:38 发送请求>>>>>> 请求正文 = None
INFO     requests.session:session.py:42 接收响应      <<<<<< 状态码 = 200
INFO     requests.session:session.py:43 接收响应      <<<<<< 响应头 = {'Server': 'nginx', 'Date': 'Thu, 02 Feb 2023 10:29:20 GMT', 'Content-Type': 'text/html;charset=utf-8', 'Transfer-Encoding': 'chunked', 'Connection': 'keep-alive', 'X-Powered-By': 'PHP/5.6.36', 'Set-Cookie': 'W2S_lastvisit=0%091675333760%09%2Fphpwind%2F; expires=Fri, 02-Feb-2024 10:29:20 GMT; Max-Age=31536000; path=/, W2S_visitor=r5cTF708Sjw9Ievv%2FKWsKNCTv4gF%2B9nopY8i0ljN2gSzz%2Fzd3e4Fmw%3D%3D; path=/, csrf_token=b89c7b83fc4d5825; path=/; httponly', 'Content-Encoding': 'gzip', 'Vary': 'Accept-Encoding'}
INFO     requests.session:session.py:44 接收响应      <<<<<< 响应正文 = b'<!doctype html>\r\n<html>\r\n<head>\r\n<meta charset="UTF-8" />\r\n<title>\xe6\x9c\xac\xe7\xab\x99\xe6\x96\xb0\xe5\xb8\x96 - phpwind 9.0 - Powered by phpwind</title>\r\n<meta http-equiv="X-UA-Compatible" content="chrome=1">\r\n<meta name="generator" content="phpwind v9.0.2 20161021" />\r\n<meta name="description" content="\xe3\x80\x90phpwind 9.0\xe3\x80\x91\xe4\xb8\xad\xe7\x9a\x84\xe6\x9c\x80\xe6\x96\xb0\xe5\xb8\x96\xe5\xad\x90\xe5\x88\x97\xe8\xa1\xa8" />\r\n<meta name="keywords" content="" />\r\n<link rel="stylesheet" href="http://47.107.116.139/phpwind/themes/site/default/css/dev/core.css?v=20161021" />\r\n<link rel="stylesheet" href="http://47.107.116.139/phpwind/themes/site/default/css/dev/style.css?v=20161021" />\r\n<!-- <base id="headbase" href="http://47.107.116.139/phpwind/" /> -->\r\n<script>\r\n//\xe5\x85\xa8\xe5\xb1\x80\xe5\x8f\x98\xe9\x87\x8f Global Variables\r\nvar GV = {\r\n\tJS_ROOT : \'http://47.107.116.139/phpwind/res/js/dev/\',\t\t\t\t\t\t\t\t\t\t//js\xe7\x9b\xae\xe5\xbd\x95\r\n\tJS_VERSION : \'20161021\',\t\t\t\t\t\t\t\t\t\t\t//js\xe7\x89\x88\xe6\x9c\xac\xe5\x8f\xb7(\xe4\xb8\x8d\xe8\x83\xbd\xe5\xb8\xa6\xe7\xa9\xba\xe6\xa0\xbc)\r\n\tJS_EXTRES : \'http://47.107.116.139/phpwind/themes/extres\',\r\n\tTOKEN : \'b89c7b83fc4d5825\',\t//token $.ajaxSetup data\r\n\tU_CENTER : \'http://47.107.116.139/phpwind/index.php?m=space\',\t\t//\xe7\x94\xa8\xe6\x88\xb7\xe7\xa9\xba\xe9\x97\xb4(\xe5\x8f\x82\xe6\x95\xb0 : uid)\r\n\tU_AVATAR_DEF : \'http://47.107.116.139/phpwind/res/images/face/face_small.jpg\',\t\t\t\t\t//\xe9\xbb\x98\xe8\xae\xa4\xe5\xb0\x8f\xe5\xa4\xb4\xe5\x83\x8f\r\n\tU_ID : parseInt(\'0\'),\t\t\t\t\t\t\t\t\t//uid\r\n\tREGION_CONFIG : \'\',\t\t\t\t\t\t\t\t\t\t\t\t\t\t//\xe5\x9c\xb0\xe5\x8c\xba\xe6\x95\xb0\xe6\x8d\xae\r\n\tCREDIT_REWARD_JUDGE : \'\',\t\t\t//\xe6\x98\xaf\xe5\x90\xa6\xe7\xa7\xaf\xe5\x88\x86\xe5\xa5\x96\xe5\x8a\xb1\xef\xbc\x8c\xe7\xa9\xba\xe5\x80\xbc:false, 1:true\r\n\tURL : {\r\n\t\tLOGIN : \'http://47.107.116.139/phpwind/index.php?m=u&c=login\',\t\t\t\t\t\t\t\t\t\t//\xe7\x99\xbb\xe5\xbd\x95\xe5\x9c\xb0\xe5\x9d\x80\r\n\t\tQUICK_LOGIN : \'http://47.107.116.139/phpwind/index.php?m=u&c=login&a=fast\',\t\t\t\t\t\t\t\t//\xe5\xbf\xab\xe9\x80\x9f\xe7\x99\xbb\xe5\xbd\x95\r\n\t\tIMAGE_RES: \'http://47.107.116.139/phpwind/res/images\',\t\t\t\t\t\t\t\t\t\t//\xe5\x9b\xbe\xe7\x89\x87\xe7\x9b\xae\xe5\xbd\x95\r\n\t\tCHECK_IMG : \'http://47.107.116.139/phpwind/index.php?m=u&c=login&a=showverify\',\t\t\t\t\t\t\t//\xe9\xaa\x8c\xe8\xaf\x81\xe7\xa0\x81\xe5\x9b\xbe\xe7\x89\x87url\xef\xbc\x8cglobal.js\xe5\xbc\x95\xe7\x94\xa8\r\n\t\tVARIFY : \'http://47.107.116.139/phpwind/index.php?m=verify&a=get\',\t\t\t\t\t\t\t\t\t//\xe9\xaa\x8c\xe8\xaf\x81\xe7\xa0\x81html\r\n\t\tVARIFY_CHECK : \'http://47.107.116.139/phpwind/index.php?m=verify&a=check\',\t\t\t\t\t\t\t//\xe9\xaa\x8c\xe8\xaf\x81\xe7\xa0\x81html\r\n\t\tHEAD_MSG : {\r\n\t\t\tLIST : \'http://47.107.116.139/phpwind/index.php?m=message&c=notice&a=minilist\'\t\t\t\t\t\t\t//\xe5\xa4\xb4\xe9\x83\xa8\xe6\xb6\x88\xe6\x81\xaf_\xe5\x88\x97\xe8\xa1\xa8\r\n\t\t},\r\n\t\tUSER_CARD : \'http://47.107.116.139/phpwind/index.php?m=space&c=card\',\t\t\t\t\t\t\t\t//\xe5\xb0\x8f\xe5\x90\x8d\xe7\x89\x87(\xe5\x8f\x82\xe6\x95\xb0 : uid)\r\n\t\tLIKE_FORWARDING : \'http://47.107.116.139/phpwind/index.php?c=post&a=doreply\',\t\t\t\t\t\t\t//\xe5\x96\x9c\xe6\xac\xa2\xe8\xbd\xac\xe5\x8f\x91(\xe5\x8f\x82\xe6\x95\xb0 : fid)\r\n\t\tREGION : \'http://47.107.116.139/phpwind/index.php?m=misc&c=webData&a=area\',\t\t\t\t\t\t\t\t\t//\xe5\x9c\xb0\xe5\x8c\xba\xe6\x95\xb0\xe6\x8d\xae\r\n\t\tSCHOOL : \'http://47.107.116.139/phpwind/index.php?m=misc&c=webData&a=school\',\t\t\t\t\t\t\t\t//\xe5\xad\xa6\xe6\xa0\xa1\xe6\x95\xb0\xe6\x8d\xae\r\n\t\tEMOTIONS : "http://47.107.116.139/phpwind/index.php?m=emotion&type=bbs",\t\t\t\t\t//\xe8\xa1\xa8\xe6\x83\x85\xe6\x95\xb0\xe6\x8d\xae\r\n\t\tCRON_AJAX : \'\',\t\t\t\t\t\t\t\t\t\t\t//\xe8\xae\xa1\xe5\x88\x92\xe4\xbb\xbb\xe5\x8a\xa1 \xe5\x90\x8e\xe7\xab\xaf\xe8\xbe\x93\xe5\x87\xba\xe6\x89\xa7\xe8\xa1\x8c\r\n\t\tFORUM_LIST : \'http://47.107.116.139/phpwind/index.php?c=forum&a=list\',\t\t\t\t\t\t\t\t//\xe7\x89\x88\xe5\x9d\x97\xe5\x88\x97\xe8\xa1\xa8\xe6\x95\xb0\xe6\x8d\xae\r\n\t\tCREDIT_REWARD_DATA : \'http://47.107.116.139/phpwind/index.php?m=u&a=showcredit\',\t\t\t\t\t//\xe7\xa7\xaf\xe5\x88\x86\xe5\xa5\x96\xe5\x8a\xb1 \xe6\x95\xb0\xe6\x8d\xae\r\n\t\tAT_URL: \'http://47.107.116.139/phpwind/index.php?c=remind\',\t\t\t\t\t\t\t\t\t//@\xe5\xa5\xbd\xe5\x8f\x8b\xe5\x88\x97\xe8\xa1\xa8\xe6\x8e\xa5\xe5\x8f\xa3\r\n\t\tTOPIC_TYPIC: \'http://47.107.116.139/phpwind/index.php?c=forum&a=topictype\'\t\t\t\t\t\t\t//\xe4\xb8\xbb\xe9\xa2\x98\xe5\x88\x86\xe7\xb1\xbb\r\n\t}\r\n};\r\n</script>\r\n<script src="http://47.107.116.139/phpwind/res/js/dev/wind.js?v=20161021"></script>\r\n<link href="http://47.107.116.139/phpwind/themes/site/default/css/dev/forum.css?v=20161021" rel="stylesheet" />\r\n</head>\r\n<body>\r\n<style type="text/css">\r\n</style><div class="wrap">\r\n<header class="header_wrap">\r\n\t<div id="J_header" class="header cc">\r\n\t\t<div class="logo">\r\n\t\t\t<a href="http://47.107.116.139/phpwind/">\r\n\t\t\t\t\t\t\t\t<img src="http://47.107.116.139/phpwind/themes/site/default/images/logo.png" alt="phpwind 9.0">\r\n\t\t\t\t\t\t\t</a>\r\n\t\t</div>\r\n\t\t<nav class="nav_wrap">\r\n\t\t\t<div class="nav">\r\n\t\t\t\t<ul>\r\n\t\t\t\t\t\t<li class="current"><a href="index.php?m=bbs">\xe8\xae\xba\xe5\x9d\x9b</a></li>\r\n\t\t\t\t\t\t<li class=""><a href="index.php?m=bbs&c=forumlist">\xe7\x89\x88\xe5\x9d\x97</a></li>\r\n\t\t\t\t\t\t<li class=""><a href="index.php?m=like&c=like">\xe5\x96\x9c\xe6\xac\xa2</a></li>\r\n\t\t\t\t\t\t<li class=""><a href="index.php?m=tag">\xe8\xaf\x9d\xe9\xa2\x98</a></li>\r\n\t\t\t\t\t</ul>\r\n\t\t\t</div>\r\n\t\t</nav>\r\n\t\t\t\t<div class="header_search" role="search">\r\n\t\t\t<form action="http://47.107.116.139/phpwind/index.php?m=search&c=s" method="post">\r\n\t\t\t\t<input type="text" id="s" aria-label="\xe6\x90\x9c\xe7\xb4\xa2\xe5\x85\xb3\xe9\x94\xae\xe8\xaf\x8d" accesskey="s" placeholder="\xe6\x90\x9c\xe7\xb4\xa2\xe5\x85\xb6\xe5\xae\x9e\xe5\xbe\x88\xe7\xae\x80\xe5\x8d\x95" x-webkit-speech speech name="keyword"/>\r\n\t\t\t\t<button type="submit" aria-label="\xe6\x90\x9c\xe7\xb4\xa2"><span>\xe6\x90\x9c\xe7\xb4\xa2</span></button>\r\n\t\t\t<input type="hidden" name="csrf_token" value="b89c7b83fc4d5825"/><input type="hidden" name="csrf_token" value="b89c7b83fc4d5825"/></form>\r\n\t\t</div>\r\n\t\t<div class="header_login">\r\n\t<a rel="nofollow" href="http://47.107.116.139/phpwind/index.php?m=u&c=login">\xe7\x99\xbb\xe5\xbd\x95</a><a rel="nofollow" href="http://47.107.116.139/phpwind/index.php?m=u&c=register">\xe6\xb3\xa8\xe5\x86\x8c</a>\r\n</div>\r\n\r\n\t</div>\r\n</header>\r\n<div class="tac"> </div>\r\n\t<div class="main_wrap">\r\n\t\t\r\n\t\t<div class="bread_crumb" id="bread_crumb">\r\n\t\t\t<a href="http://47.107.116.139/phpwind/" class="home" title="phpwind 9.0">\xe9\xa6\x96\xe9\xa1\xb5</a><em>&gt;</em><a href="http://47.107.116.139/phpwind/">\xe6\x9c\xac\xe7\xab\x99\xe6\x96\xb0\xe5\xb8\x96</a>\r\n\t\t</div>\r\n\t\t\r\n\t\t<div id="cloudwind_forum_top"></div>\r\n\t\t<div class="main cc">\r\n\t\t\t<div class="main_body">\r\n\t\t\t\t<div class="main_content cc">\r\n\t\t\t\t\t\r\n\t\t\t\t\t \r\n\t\t\t\t\t<div class="box_wrap thread_page J_check_wrap">\r\n\t\t\t\t\t\t<nav>\r\n\t\t\t\t\t\t\t<div class="content_nav" id="hashpos_ttype">\r\n\t\t\t\t\t\t\t\t<div class="content_filter"><a href="http://47.107.116.139/phpwind/index.php?order=postdate" class="">\xe6\x9c\x80\xe6\x96\xb0\xe5\x8f\x91\xe5\xb8\x96</a><span>|</span><a href="http://47.107.116.139/phpwind/index.php?order=lastpost" class=" current">\xe6\x9c\x80\xe5\x90\x8e\xe5\x9b\x9e\xe5\xa4\x8d</a></div>\r\n\t\t\t\t\t\t\t\t<ul>\r\n\t\t\t\t\t\t\t\t\t<li class="current"><a href="http://47.107.116.139/phpwind/index.php?order=lastpost">\xe6\x9c\xac\xe7\xab\x99\xe6\x96\xb0\xe5\xb8\x96</a></li>\r\n\t\t\t\t\t\t\t\t\t\t\t\t\t\t\t\t\t</ul>\r\n\t\t\t\t\t\t\t</div>\r\n\t\t\t\t\t\t</nav>\r\n\t\t\t\t\t\t<!--\xe5\x85\xac\xe5\x91\x8a-->\r\n\t\t\t\t\t\t\t\t\t\t\t\t<!--\xe5\x85\xac\xe5\x91\x8a\xe7\xbb\x93\xe6\x9d\x9f-->\r\n\t\t\t\t\t\t\t\t\t\t\t\t<div class="thread_posts_list">\r\n\t\t\t\t\t\t\t<table width="100%" id="J_posts_list" summary="\xe5\xb8\x96\xe5\xad\x90\xe5\x88\x97\xe8\xa1\xa8">\r\n\t\t\t\t\t\t\t\t\t\t\t\t\t\t\t\t<tr>\r\n\t\t\t\t\t\t\t\t\t<td class="author"><a class="J_user_card_show" data-uid="10611" href="http://47.107.116.139/phpwind/index.php?m=space&uid=10611"><img src="http://47.107.116.139/phpwind/windid/attachment/avatar/000/01/06/10611_small.jpg" onerror="this.onerror=null;this.src=\'http://47.107.116.139/phpwind/res/images/face/face_small.jpg\'" width="45" height="45" alt="samu" /></a></td>\r\n\t\t\t\t\t\t\t\t\t<td class="subject">\r\n\t\t\t\t\t\t\t\t\t\t<p class="title">\r\n\t\t\t\t\t\t\t\t\t\t\t\t\t\t\t\t\t\t\t\t\t\t<a href="http://47.107.116.139/phpwind/read.php?tid=15653&fid=2" target="_blank"><span class="posts_icon"><i class="icon_topic" title="\xe6\x99\xae\xe9\x80\x9a\xe5\xb8\x96  \xe6\x96\xb0\xe7\xaa\x97\xe5\x8f\xa3\xe6\x89\x93\xe5\xbc\x80"></i></span></a>\r\n\t\t\t\t\t\t\t\t\t\t\t\t\t\t\t\t\t\t\t\t\t\t<a href="http://47.107.116.139/phpwind/index.php?c=thread&fid=2" class="st">[\xe6\x96\xb0\xe7\x89\x88\xe5\x9d\x97]</a>\r\n\t\t\t\t\t\t\t\t\t\t\t\t\t\t\t\t\t\t\t\t\t\t<a href="http://47.107.116.139/phpwind/read.php?tid=15653&fid=2" class="st" style="" title="pytest_1675325097.6695313">pytest_1675325097.6695313</a>\r\n\t\t\t\t\t\t\t\t\t\t\t\t\t\t\t\t\t\t\t\t\t</p>\r\n\t\t\t\t\t\t\t\t\t\t<p class="info">\r\n\t\t\t\t\t\t\t\t\t\t\t\xe6\xa5\xbc\xe4\xb8\xbb\xef\xbc\x9a<a class="J_user_card_show" data-uid="10611" href="http://47.107.116.139/phpwind/index.php?m=space&uid=10611">samu</a><span>2023-02-02</span>\r\n\t\t\t\t\t\t\t\t\t\t\t\xe6\x9c\x80\xe5\x90\x8e\xe5\x9b\x9e\xe5\xa4\x8d\xef\xbc\x9a<a class="J_user_card_show" data-uid="10611" href="http://47.107.116.139/phpwind/index.php?m=space&uid=10611">samu</a><span><a href="http://47.107.116.139/phpwind/read.php?tid=15653&fid=2&page=e#a" rel="nofollow" aria-label="\xe6\x9c\x80\xe5\x90\x8e\xe5\x9b\x9e\xe5\xa4\x8d\xe6\x97\xb6\xe9\x97\xb4">02-02 16:05</a></span>\r\n\t\t\t\t\t\t\t\t\t\t</p>\r\n\t\t\t\t\t\t\t\t\t</td>\r\n\t\t\t\t\t\t\t\t\t<td class="num">\r\n\t\t\t\t\t\t\t\t\t\t<span>\xe5\x9b\x9e\xe5\xa4\x8d<em>1</em></span>\r\n\t\t\t\t\t\t\t\t\t\t<span>\xe6\xb5\x8f\xe8\xa7\x88<em>1</em></span>\r\n\t\t\t\t\t\t\t\t\t</td>\r\n\t\t\t\t\t\t\t\t</tr>\r\n\t\t\t\t\t\t\t\t\t\t\t\t\t\t\t\t<tr>\r\n\t\t\t\t\t\t\t\t\t<td class="author"><a class="J_user_card_show" data-uid="10611" href="http://47.107.116.139/phpwind/index.php?m=space&uid=10611"><img src="http://47.107.116.139/phpwind/windid/attachment/avatar/000/01/06/10611_small.jpg" onerror="this.onerror=null;this.src=\'http://47.107.116.139/phpwind/res/images/face/face_small.jpg\'" width="45" height="45" alt="samu" /></a></td>\r\n\t\t\t\t\t\t\t\t\t<td class="subject">\r\n\t\t\t\t\t\t\t\t\t\t<p class="title">\r\n\t\t\t\t\t\t\t\t\t\t\t\t\t\t\t\t\t\t\t\t\t\t<a href="http://47.107.116.139/phpwind/read.php?tid=15652&fid=2" target="_blank"><span class="posts_icon"><i class="icon_topic" title="\xe6\x99\xae\xe9\x80\x9a\xe5\xb8\x96  \xe6\x96\xb0\xe7\xaa\x97\xe5\x8f\xa3\xe6\x89\x93\xe5\xbc\x80"></i></span></a>\r\n\t\t\t\t\t\t\t\t\t\t\t\t\t\t\t\t\t\t\t\t\t\t<a href="http://47.107.116.139/phpwind/index.php?c=thread&fid=2" class="st">[\xe6\x96\xb0\xe7\x89\x88\xe5\x9d\x97]</a>\r\n\t\t\t\t\t\t\t\t\t\t\t\t\t\t\t\t\t\t\t\t\t\t<a href="http://47.107.116.139/phpwind/read.php?tid=15652&fid=2" class="st" style="" title="pytest_1675324607.5379455">pytest_1675324607.5379455</a>\r\n\t\t\t\t\t\t\t\t\t\t\t\t\t\t\t\t\t\t\t\t\t</p>\r\n\t\t\t\t\t\t\t\t\t\t<p class="info">\r\n\t\t\t\t\t\t\t\t\t\t\t\xe6\xa5\xbc\xe4\xb8\xbb\xef\xbc\x9a<a class="J_user_card_show" data-uid="10611" href="http://47.107.116.139/phpwind/index.php?m=space&uid=10611">samu</a><span>2023-02-02</span>\r\n\t\t\t\t\t\t\t\t\t\t\t\xe6\x9c\x80\xe5\x90\x8e\xe5\x9b\x9e\xe5\xa4\x8d\xef\xbc\x9a<a class="J_user_card_show" data-uid="10611" href="http://47.107.116.139/phpwind/index.php?m=space&uid=10611">samu</a><span><a href="http://47.107.116.139/phpwind/read.php?tid=15652&fid=2&page=e#a" rel="nofollow" aria-label="\xe6\x9c\x80\xe5\x90\x8e\xe5\x9b\x9e\xe5\xa4\x8d\xe6\x97\xb6\xe9\x97\xb4">02-02 15:56</a></span>\r\n\t\t\t\t\t\t\t\t\t\t</p>\r\n\t\t\t\t\t\t\t\t\t</td>\r\n\t\t\t\t\t\t\t\t\t<td class="num">\r\n\t\t\t\t\t\t\t\t\t\t<span>\xe5\x9b\x9e\xe5\xa4\x8d<em>1</em></span>\r\n\t\t\t\t\t\t\t\t\t\t<span>\xe6\xb5\x8f\xe8\xa7\x88<em>1</em></span>\r\n\t\t\t\t\t\t\t\t\t</td>\r\n\t\t\t\t\t\t\t\t</tr>\r\n\t\t\t\t\t\t\t\t\t\t\t\t\t\t\t\t<tr>\r\n\t\t\t\t\t\t\t\t\t<td class="author"><a class="J_user_card_show" data-uid="10611" href="http://47.107.116.139/phpwind/index.php?m=space&uid=10611"><img src="http://47.107.116.139/phpwind/windid/attachment/avatar/000/01/06/10611_small.jpg" onerror="this.onerror=null;this.src=\'http://47.107.116.139/phpwind/res/images/face/face_small.jpg\'" width="45" height="45" alt="samu" /></a></td>\r\n\t\t\t\t\t\t\t\t\t<td class="subject">\r\n\t\t\t\t\t\t\t\t\t\t<p class="title">\r\n\t\t\t\t\t\t\t\t\t\t\t\t\t\t\t\t\t\t\t\t\t\t<a href="http://47.107.116.139/phpwind/read.php?tid=15651&fid=2" target="_blank"><span class="posts_icon"><i class="icon_topic" title="\xe6\x99\xae\xe9\x80\x9a\xe5\xb8\x96  \xe6\x96\xb0\xe7\xaa\x97\xe5\x8f\xa3\xe6\x89\x93\xe5\xbc\x80"></i></span></a>\r\n\t\t\t\t\t\t\t\t\t\t\t\t\t\t\t\t\t\t\t\t\t\t<a href="http://47.107.116.139/phpwind/index.php?c=thread&fid=2" class="st">[\xe6\x96\xb0\xe7\x89\x88\xe5\x9d\x97]</a>\r\n\t\t\t\t\t\t\t\t\t\t\t\t\t\t\t\t\t\t\t\t\t\t<a href="http://47.107.116.139/phpwind/read.php?tid=15651&fid=2" class="st" style="" title="pytest_1675324369.6978676">pytest_1675324369.6978676</a>\r\n\t\t\t\t\t\t\t\t\t\t\t\t\t\t\t\t\t\t\t\t\t</p>\r\n\t\t\t\t\t\t\t\t\t\t<p class="info">\r\n\t\t\t\t\t\t\t\t\t\t\t\xe6\xa5\xbc\xe4\xb8\xbb\xef\xbc\x9a<a class="J_user_card_show" data-uid="10611" href="http://47.107.116.139/phpwind/index.php?m=space&uid=10611">samu</a><span>2023-02-02</span>\r\n\t\t\t\t\t\t\t\t\t\t\t\xe6\x9c\x80\xe5\x90\x8e\xe5\x9b\x9e\xe5\xa4\x8d\xef\xbc\x9a<a class="J_user_card_show" data-uid="10611" href="http://47.107.116.139/phpwind/index.php?m=space&uid=10611">samu</a><span><a href="http://47.107.116.139/phpwind/read.php?tid=15651&fid=2&page=e#a" rel="nofollow" aria-label="\xe6\x9c\x80\xe5\x90\x8e\xe5\x9b\x9e\xe5\xa4\x8d\xe6\x97\xb6\xe9\x97\xb4">02-02 15:52</a></span>\r\n\t\t\t\t\t\t\t\t\t\t</p>\r\n\t\t\t\t\t\t\t\t\t</td>\r\n\t\t\t\t\t\t\t\t\t<td class="num">\r\n\t\t\t\t\t\t\t\t\t\t<span>\xe5\x9b\x9e\xe5\xa4\x8d<em>1</em></span>\r\n\t\t\t\t\t\t\t\t\t\t<span>\xe6\xb5\x8f\xe8\xa7\x88<em>1</em></span>\r\n\t\t\t\t\t\t\t\t\t</td>\r\n\t\t\t\t\t\t\t\t</tr>\r\n\t\t\t\t\t\t\t\t\t\t\t\t\t\t\t\t<tr>\r\n\t\t\t\t\t\t\t\t\t<td class="author"><a class="J_user_card_show" data-uid="10611" href="http://47.107.116.139/phpwind/index.php?m=space&uid=10611"><img src="http://47.107.116.139/phpwind/windid/attachment/avatar/000/01/06/10611_small.jpg" onerror="this.onerror=null;this.src=\'http://47.107.116.139/phpwind/res/images/face/face_small.jpg\'" width="45" height="45" alt="samu" /></a></td>\r\n\t\t\t\t\t\t\t\t\t<td class="subject">\r\n\t\t\t\t\t\t\t\t\t\t<p class="title">\r\n\t\t\t\t\t\t\t\t\t\t\t\t\t\t\t\t\t\t\t\t\t\t<a href="http://47.107.116.139/phpwind/read.php?tid=15650&fid=2" target="_blank"><span class="posts_icon"><i class="icon_topic" title="\xe6\x99\xae\xe9\x80\x9a\xe5\xb8\x96  \xe6\x96\xb0\xe7\xaa\x97\xe5\x8f\xa3\xe6\x89\x93\xe5\xbc\x80"></i></span></a>\r\n\t\t\t\t\t\t\t\t\t\t\t\t\t\t\t\t\t\t\t\t\t\t<a href="http://47.107.116.139/phpwind/index.php?c=thread&fid=2" class="st">[\xe6\x96\xb0\xe7\x89\x88\xe5\x9d\x97]</a>\r\n\t\t\t\t\t\t\t\t\t\t\t\t\t\t\t\t\t\t\t\t\t\t<a href="http://47.107.116.139/phpwind/read.php?tid=15650&fid=2" class="st" style="" title="pytest_1675324320.347515">pytest_1675324320.347515</a>\r\n\t\t\t\t\t\t\t\t\t\t\t\t\t\t\t\t\t\t\t\t\t</p>\r\n\t\t\t\t\t\t\t\t\t\t<p class="info">\r\n\t\t\t\t\t\t\t\t\t\t\t\xe6\xa5\xbc\xe4\xb8\xbb\xef\xbc\x9a<a class="J_user_card_show" data-uid="10611" href="http://47.107.116.139/phpwind/index.php?m=space&uid=10611">samu</a><span>2023-02-02</span>\r\n\t\t\t\t\t\t\t\t\t\t\t\xe6\x9c\x80\xe5\x90\x8e\xe5\x9b\x9e\xe5\xa4\x8d\xef\xbc\x9a<a class="J_user_card_show" data-uid="10611" href="http://47.107.116.139/phpwind/index.php?m=space&uid=10611">samu</a><span><a href="http://47.107.116.139/phpwind/read.php?tid=15650&fid=2&page=e#a" rel="nofollow" aria-label="\xe6\x9c\x80\xe5\x90\x8e\xe5\x9b\x9e\xe5\xa4\x8d\xe6\x97\xb6\xe9\x97\xb4">02-02 15:52</a></span>\r\n\t\t\t\t\t\t\t\t\t\t</p>\r\n\t\t\t\t\t\t\t\t\t</td>\r\n\t\t\t\t\t\t\t\t\t<td class="num">\r\n\t\t\t\t\t\t\t\t\t\t<span>\xe5\x9b\x9e\xe5\xa4\x8d<em>1</em></span>\r\n\t\t\t\t\t\t\t\t\t\t<span>\xe6\xb5\x8f\xe8\xa7\x88<em>1</em></span>\r\n\t\t\t\t\t\t\t\t\t</td>\r\n\t\t\t\t\t\t\t\t</tr>\r\n\t\t\t\t\t\t\t\t\t\t\t\t\t\t\t\t<tr>\r\n\t\t\t\t\t\t\t\t\t<td class="author"><a class="J_user_card_show" data-uid="10611" href="http://47.107.116.139/phpwind/index.php?m=space&uid=10611"><img src="http://47.107.116.139/phpwind/windid/attachment/avatar/000/01/06/10611_small.jpg" onerror="this.onerror=null;this.src=\'http://47.107.116.139/phpwind/res/images/face/face_small.jpg\'" width="45" height="45" alt="samu" /></a></td>\r\n\t\t\t\t\t\t\t\t\t<td class="subject">\r\n\t\t\t\t\t\t\t\t\t\t<p class="title">\r\n\t\t\t\t\t\t\t\t\t\t\t\t\t\t\t\t\t\t\t\t\t\t<a href="http://47.107.116.139/phpwind/read.php?tid=15649&fid=2" target="_blank"><span class="posts_icon"><i class="icon_topic" title="\xe6\x99\xae\xe9\x80\x9a\xe5\xb8\x96  \xe6\x96\xb0\xe7\xaa\x97\xe5\x8f\xa3\xe6\x89\x93\xe5\xbc\x80"></i></span></a>\r\n\t\t\t\t\t\t\t\t\t\t\t\t\t\t\t\t\t\t\t\t\t\t<a href="http://47.107.116.139/phpwind/index.php?c=thread&fid=2" class="st">[\xe6\x96\xb0\xe7\x89\x88\xe5\x9d\x97]</a>\r\n\t\t\t\t\t\t\t\t\t\t\t\t\t\t\t\t\t\t\t\t\t\t<a href="http://47.107.116.139/phpwind/read.php?tid=15649&fid=2" class="st" style="" title="pytest_1675324268.7471006">pytest_1675324268.7471006</a>\r\n\t\t\t\t\t\t\t\t\t\t\t\t\t\t\t\t\t\t\t\t\t</p>\r\n\t\t\t\t\t\t\t\t\t\t<p class="info">\r\n\t\t\t\t\t\t\t\t\t\t\t\xe6\xa5\xbc\xe4\xb8\xbb\xef\xbc\x9a<a class="J_user_card_show" data-uid="10611" href="http://47.107.116.139/phpwind/index.php?m=space&uid=10611">samu</a><span>2023-02-02</span>\r\n\t\t\t\t\t\t\t\t\t\t\t\xe6\x9c\x80\xe5\x90\x8e\xe5\x9b\x9e\xe5\xa4\x8d\xef\xbc\x9a<a class="J_user_card_show" data-uid="10611" href="http://47.107.116.139/phpwind/index.php?m=space&uid=10611">samu</a><span><a href="http://47.107.116.139/phpwind/read.php?tid=15649&fid=2&page=e#a" rel="nofollow" aria-label="\xe6\x9c\x80\xe5\x90\x8e\xe5\x9b\x9e\xe5\xa4\x8d\xe6\x97\xb6\xe9\x97\xb4">02-02 15:51</a></span>\r\n\t\t\t\t\t\t\t\t\t\t</p>\r\n\t\t\t\t\t\t\t\t\t</td>\r\n\t\t\t\t\t\t\t\t\t<td class="num">\r\n\t\t\t\t\t\t\t\t\t\t<span>\xe5\x9b\x9e\xe5\xa4\x8d<em>1</em></span>\r\n\t\t\t\t\t\t\t\t\t\t<span>\xe6\xb5\x8f\xe8\xa7\x88<em>1</em></span>\r\n\t\t\t\t\t\t\t\t\t</td>\r\n\t\t\t\t\t\t\t\t</tr>\r\n\t\t\t\t\t\t\t\t\t\t\t\t\t\t\t\t<tr>\r\n\t\t\t\t\t\t\t\t\t<td class="author"><a class="J_user_card_show" data-uid="10611" href="http://47.107.116.139/phpwind/index.php?m=space&uid=10611"><img src="http://47.107.116.139/phpwind/windid/attachment/avatar/000/01/06/10611_small.jpg" onerror="this.onerror=null;this.src=\'http://47.107.116.139/phpwind/res/images/face/face_small.jpg\'" width="45" height="45" alt="samu" /></a></td>\r\n\t\t\t\t\t\t\t\t\t<td class="subject">\r\n\t\t\t\t\t\t\t\t\t\t<p class="title">\r\n\t\t\t\t\t\t\t\t\t\t\t\t\t\t\t\t\t\t\t\t\t\t<a href="http://47.107.116.139/phpwind/read.php?tid=15648&fid=2" target="_blank"><span class="posts_icon"><i class="icon_topic" title="\xe6\x99\xae\xe9\x80\x9a\xe5\xb8\x96  \xe6\x96\xb0\xe7\xaa\x97\xe5\x8f\xa3\xe6\x89\x93\xe5\xbc\x80"></i></span></a>\r\n\t\t\t\t\t\t\t\t\t\t\t\t\t\t\t\t\t\t\t\t\t\t<a href="http://47.107.116.139/phpwind/index.php?c=thread&fid=2" class="st">[\xe6\x96\xb0\xe7\x89\x88\xe5\x9d\x97]</a>\r\n\t\t\t\t\t\t\t\t\t\t\t\t\t\t\t\t\t\t\t\t\t\t<a href="http://47.107.116.139/phpwind/read.php?tid=15648&fid=2" class="st" style="" title="pytest_1675324219.9098566">pytest_1675324219.9098566</a>\r\n\t\t\t\t\t\t\t\t\t\t\t\t\t\t\t\t\t\t\t\t\t</p>\r\n\t\t\t\t\t\t\t\t\t\t<p class="info">\r\n\t\t\t\t\t\t\t\t\t\t\t\xe6\xa5\xbc\xe4\xb8\xbb\xef\xbc\x9a<a class="J_user_card_show" data-uid="10611" href="http://47.107.116.139/phpwind/index.php?m=space&uid=10611">samu</a><span>2023-02-02</span>\r\n\t\t\t\t\t\t\t\t\t\t\t\xe6\x9c\x80\xe5\x90\x8e\xe5\x9b\x9e\xe5\xa4\x8d\xef\xbc\x9a<a class="J_user_card_show" data-uid="10611" href="http://47.107.116.139/phpwind/index.php?m=space&uid=10611">samu</a><span><a href="http://47.107.116.139/phpwind/read.php?tid=15648&fid=2&page=e#a" rel="nofollow" aria-label="\xe6\x9c\x80\xe5\x90\x8e\xe5\x9b\x9e\xe5\xa4\x8d\xe6\x97\xb6\xe9\x97\xb4">02-02 15:50</a></span>\r\n\t\t\t\t\t\t\t\t\t\t</p>\r\n\t\t\t\t\t\t\t\t\t</td>\r\n\t\t\t\t\t\t\t\t\t<td class="num">\r\n\t\t\t\t\t\t\t\t\t\t<span>\xe5\x9b\x9e\xe5\xa4\x8d<em>1</em></span>\r\n\t\t\t\t\t\t\t\t\t\t<span>\xe6\xb5\x8f\xe8\xa7\x88<em>1</em></span>\r\n\t\t\t\t\t\t\t\t\t</td>\r\n\t\t\t\t\t\t\t\t</tr>\r\n\t\t\t\t\t\t\t\t\t\t\t\t\t\t\t\t<tr>\r\n\t\t\t\t\t\t\t\t\t<td class="author"><a class="J_user_card_show" data-uid="10611" href="http://47.107.116.139/phpwind/index.php?m=space&uid=10611"><img src="http://47.107.116.139/phpwind/windid/attachment/avatar/000/01/06/10611_small.jpg" onerror="this.onerror=null;this.src=\'http://47.107.116.139/phpwind/res/images/face/face_small.jpg\'" width="45" height="45" alt="samu" /></a></td>\r\n\t\t\t\t\t\t\t\t\t<td class="subject">\r\n\t\t\t\t\t\t\t\t\t\t<p class="title">\r\n\t\t\t\t\t\t\t\t\t\t\t\t\t\t\t\t\t\t\t\t\t\t<a href="http://47.107.116.139/phpwind/read.php?tid=15647&fid=2" target="_blank"><span class="posts_icon"><i class="icon_topic" title="\xe6\x99\xae\xe9\x80\x9a\xe5\xb8\x96  \xe6\x96\xb0\xe7\xaa\x97\xe5\x8f\xa3\xe6\x89\x93\xe5\xbc\x80"></i></span></a>\r\n\t\t\t\t\t\t\t\t\t\t\t\t\t\t\t\t\t\t\t\t\t\t<a href="http://47.107.116.139/phpwind/index.php?c=thread&fid=2" class="st">[\xe6\x96\xb0\xe7\x89\x88\xe5\x9d\x97]</a>\r\n\t\t\t\t\t\t\t\t\t\t\t\t\t\t\t\t\t\t\t\t\t\t<a href="http://47.107.116.139/phpwind/read.php?tid=15647&fid=2" class="st" style="" title="pytest_1675324199.3294551">pytest_1675324199.3294551</a>\r\n\t\t\t\t\t\t\t\t\t\t\t\t\t\t\t\t\t\t\t\t\t</p>\r\n\t\t\t\t\t\t\t\t\t\t<p class="info">\r\n\t\t\t\t\t\t\t\t\t\t\t\xe6\xa5\xbc\xe4\xb8\xbb\xef\xbc\x9a<a class="J_user_card_show" data-uid="10611" href="http://47.107.116.139/phpwind/index.php?m=space&uid=10611">samu</a><span>2023-02-02</span>\r\n\t\t\t\t\t\t\t\t\t\t\t\xe6\x9c\x80\xe5\x90\x8e\xe5\x9b\x9e\xe5\xa4\x8d\xef\xbc\x9a<a class="J_user_card_show" data-uid="10611" href="http://47.107.116.139/phpwind/index.php?m=space&uid=10611">samu</a><span><a href="http://47.107.116.139/phpwind/read.php?tid=15647&fid=2&page=e#a" rel="nofollow" aria-label="\xe6\x9c\x80\xe5\x90\x8e\xe5\x9b\x9e\xe5\xa4\x8d\xe6\x97\xb6\xe9\x97\xb4">02-02 15:50</a></span>\r\n\t\t\t\t\t\t\t\t\t\t</p>\r\n\t\t\t\t\t\t\t\t\t</td>\r\n\t\t\t\t\t\t\t\t\t<td class="num">\r\n\t\t\t\t\t\t\t\t\t\t<span>\xe5\x9b\x9e\xe5\xa4\x8d<em>1</em></span>\r\n\t\t\t\t\t\t\t\t\t\t<span>\xe6\xb5\x8f\xe8\xa7\x88<em>1</em></span>\r\n\t\t\t\t\t\t\t\t\t</td>\r\n\t\t\t\t\t\t\t\t</tr>\r\n\t\t\t\t\t\t\t\t\t\t\t\t\t\t\t\t<tr>\r\n\t\t\t\t\t\t\t\t\t<td class="author"><a class="J_user_card_show" data-uid="10611" href="http://47.107.116.139/phpwind/index.php?m=space&uid=10611"><img src="http://47.107.116.139/phpwind/windid/attachment/avatar/000/01/06/10611_small.jpg" onerror="this.onerror=null;this.src=\'http://47.107.116.139/phpwind/res/images/face/face_small.jpg\'" width="45" height="45" alt="samu" /></a></td>\r\n\t\t\t\t\t\t\t\t\t<td class="subject">\r\n\t\t\t\t\t\t\t\t\t\t<p class="title">\r\n\t\t\t\t\t\t\t\t\t\t\t\t\t\t\t\t\t\t\t\t\t\t<a href="http://47.107.116.139/phpwind/read.php?tid=15646&fid=2" target="_blank"><span class="posts_icon"><i class="icon_topic" title="\xe6\x99\xae\xe9\x80\x9a\xe5\xb8\x96  \xe6\x96\xb0\xe7\xaa\x97\xe5\x8f\xa3\xe6\x89\x93\xe5\xbc\x80"></i></span></a>\r\n\t\t\t\t\t\t\t\t\t\t\t\t\t\t\t\t\t\t\t\t\t\t<a href="http://47.107.116.139/phpwind/index.php?c=thread&fid=2" class="st">[\xe6\x96\xb0\xe7\x89\x88\xe5\x9d\x97]</a>\r\n\t\t\t\t\t\t\t\t\t\t\t\t\t\t\t\t\t\t\t\t\t\t<a href="http://47.107.116.139/phpwind/read.php?tid=15646&fid=2" class="st" style="" title="pytest_1675324154.5878596">pytest_1675324154.5878596</a>\r\n\t\t\t\t\t\t\t\t\t\t\t\t\t\t\t\t\t\t\t\t\t</p>\r\n\t\t\t\t\t\t\t\t\t\t<p class="info">\r\n\t\t\t\t\t\t\t\t\t\t\t\xe6\xa5\xbc\xe4\xb8\xbb\xef\xbc\x9a<a class="J_user_card_show" data-uid="10611" href="http://47.107.116.139/phpwind/index.php?m=space&uid=10611">samu</a><span>2023-02-02</span>\r\n\t\t\t\t\t\t\t\t\t\t\t\xe6\x9c\x80\xe5\x90\x8e\xe5\x9b\x9e\xe5\xa4\x8d\xef\xbc\x9a<a class="J_user_card_show" data-uid="10611" href="http://47.107.116.139/phpwind/index.php?m=space&uid=10611">samu</a><span><a href="http://47.107.116.139/phpwind/read.php?tid=15646&fid=2&page=e#a" rel="nofollow" aria-label="\xe6\x9c\x80\xe5\x90\x8e\xe5\x9b\x9e\xe5\xa4\x8d\xe6\x97\xb6\xe9\x97\xb4">02-02 15:49</a></span>\r\n\t\t\t\t\t\t\t\t\t\t</p>\r\n\t\t\t\t\t\t\t\t\t</td>\r\n\t\t\t\t\t\t\t\t\t<td class="num">\r\n\t\t\t\t\t\t\t\t\t\t<span>\xe5\x9b\x9e\xe5\xa4\x8d<em>1</em></span>\r\n\t\t\t\t\t\t\t\t\t\t<span>\xe6\xb5\x8f\xe8\xa7\x88<em>1</em></span>\r\n\t\t\t\t\t\t\t\t\t</td>\r\n\t\t\t\t\t\t\t\t</tr>\r\n\t\t\t\t\t\t\t\t\t\t\t\t\t\t\t\t<tr>\r\n\t\t\t\t\t\t\t\t\t<td class="author"><a class="J_user_card_show" data-uid="10611" href="http://47.107.116.139/phpwind/index.php?m=space&uid=10611"><img src="http://47.107.116.139/phpwind/windid/attachment/avatar/000/01/06/10611_small.jpg" onerror="this.onerror=null;this.src=\'http://47.107.116.139/phpwind/res/images/face/face_small.jpg\'" width="45" height="45" alt="samu" /></a></td>\r\n\t\t\t\t\t\t\t\t\t<td class="subject">\r\n\t\t\t\t\t\t\t\t\t\t<p class="title">\r\n\t\t\t\t\t\t\t\t\t\t\t\t\t\t\t\t\t\t\t\t\t\t<a href="http://47.107.116.139/phpwind/read.php?tid=15645&fid=2" target="_blank"><span class="posts_icon"><i class="icon_topic" title="\xe6\x99\xae\xe9\x80\x9a\xe5\xb8\x96  \xe6\x96\xb0\xe7\xaa\x97\xe5\x8f\xa3\xe6\x89\x93\xe5\xbc\x80"></i></span></a>\r\n\t\t\t\t\t\t\t\t\t\t\t\t\t\t\t\t\t\t\t\t\t\t<a href="http://47.107.116.139/phpwind/index.php?c=thread&fid=2" class="st">[\xe6\x96\xb0\xe7\x89\x88\xe5\x9d\x97]</a>\r\n\t\t\t\t\t\t\t\t\t\t\t\t\t\t\t\t\t\t\t\t\t\t<a href="http://47.107.116.139/phpwind/read.php?tid=15645&fid=2" class="st" style="" title="pytest_1675324123.8741848">pytest_1675324123.8741848</a>\r\n\t\t\t\t\t\t\t\t\t\t\t\t\t\t\t\t\t\t\t\t\t</p>\r\n\t\t\t\t\t\t\t\t\t\t<p class="info">\r\n\t\t\t\t\t\t\t\t\t\t\t\xe6\xa5\xbc\xe4\xb8\xbb\xef\xbc\x9a<a class="J_user_card_show" data-uid="10611" href="http://47.107.116.139/phpwind/index.php?m=space&uid=10611">samu</a><span>2023-02-02</span>\r\n\t\t\t\t\t\t\t\t\t\t\t\xe6\x9c\x80\xe5\x90\x8e\xe5\x9b\x9e\xe5\xa4\x8d\xef\xbc\x9a<a class="J_user_card_show" data-uid="10611" href="http://47.107.116.139/phpwind/index.php?m=space&uid=10611">samu</a><span><a href="http://47.107.116.139/phpwind/read.php?tid=15645&fid=2&page=e#a" rel="nofollow" aria-label="\xe6\x9c\x80\xe5\x90\x8e\xe5\x9b\x9e\xe5\xa4\x8d\xe6\x97\xb6\xe9\x97\xb4">02-02 15:48</a></span>\r\n\t\t\t\t\t\t\t\t\t\t</p>\r\n\t\t\t\t\t\t\t\t\t</td>\r\n\t\t\t\t\t\t\t\t\t<td class="num">\r\n\t\t\t\t\t\t\t\t\t\t<span>\xe5\x9b\x9e\xe5\xa4\x8d<em>1</em></span>\r\n\t\t\t\t\t\t\t\t\t\t<span>\xe6\xb5\x8f\xe8\xa7\x88<em>1</em></span>\r\n\t\t\t\t\t\t\t\t\t</td>\r\n\t\t\t\t\t\t\t\t</tr>\r\n\t\t\t\t\t\t\t\t\t\t\t\t\t\t\t\t<tr>\r\n\t\t\t\t\t\t\t\t\t<td class="author"><a class="J_user_card_show" data-uid="10611" href="http://47.107.116.139/phpwind/index.php?m=space&uid=10611"><img src="http://47.107.116.139/phpwind/windid/attachment/avatar/000/01/06/10611_small.jpg" onerror="this.onerror=null;this.src=\'http://47.107.116.139/phpwind/res/images/face/face_small.jpg\'" width="45" height="45" alt="samu" /></a></td>\r\n\t\t\t\t\t\t\t\t\t<td class="subject">\r\n\t\t\t\t\t\t\t\t\t\t<p class="title">\r\n\t\t\t\t\t\t\t\t\t\t\t\t\t\t\t\t\t\t\t\t\t\t<a href="http://47.107.116.139/phpwind/read.php?tid=15644&fid=2" target="_blank"><span class="posts_icon"><i class="icon_topic" title="\xe6\x99\xae\xe9\x80\x9a\xe5\xb8\x96  \xe6\x96\xb0\xe7\xaa\x97\xe5\x8f\xa3\xe6\x89\x93\xe5\xbc\x80"></i></span></a>\r\n\t\t\t\t\t\t\t\t\t\t\t\t\t\t\t\t\t\t\t\t\t\t<a href="http://47.107.116.139/phpwind/index.php?c=thread&fid=2" class="st">[\xe6\x96\xb0\xe7\x89\x88\xe5\x9d\x97]</a>\r\n\t\t\t\t\t\t\t\t\t\t\t\t\t\t\t\t\t\t\t\t\t\t<a href="http://47.107.116.139/phpwind/read.php?tid=15644&fid=2" class="st" style="" title="pytest_1675324102.7845185">pytest_1675324102.7845185</a>\r\n\t\t\t\t\t\t\t\t\t\t\t\t\t\t\t\t\t\t\t\t\t</p>\r\n\t\t\t\t\t\t\t\t\t\t<p class="info">\r\n\t\t\t\t\t\t\t\t\t\t\t\xe6\xa5\xbc\xe4\xb8\xbb\xef\xbc\x9a<a class="J_user_card_show" data-uid="10611" href="http://47.107.116.139/phpwind/index.php?m=space&uid=10611">samu</a><span>2023-02-02</span>\r\n\t\t\t\t\t\t\t\t\t\t\t\xe6\x9c\x80\xe5\x90\x8e\xe5\x9b\x9e\xe5\xa4\x8d\xef\xbc\x9a<a class="J_user_card_show" data-uid="10611" href="http://47.107.116.139/phpwind/index.php?m=space&uid=10611">samu</a><span><a href="http://47.107.116.139/phpwind/read.php?tid=15644&fid=2&page=e#a" rel="nofollow" aria-label="\xe6\x9c\x80\xe5\x90\x8e\xe5\x9b\x9e\xe5\xa4\x8d\xe6\x97\xb6\xe9\x97\xb4">02-02 15:48</a></span>\r\n\t\t\t\t\t\t\t\t\t\t</p>\r\n\t\t\t\t\t\t\t\t\t</td>\r\n\t\t\t\t\t\t\t\t\t<td class="num">\r\n\t\t\t\t\t\t\t\t\t\t<span>\xe5\x9b\x9e\xe5\xa4\x8d<em>1</em></span>\r\n\t\t\t\t\t\t\t\t\t\t<span>\xe6\xb5\x8f\xe8\xa7\x88<em>1</em></span>\r\n\t\t\t\t\t\t\t\t\t</td>\r\n\t\t\t\t\t\t\t\t</tr>\r\n\t\t\t\t\t\t\t\t\t\t\t\t\t\t\t\t<tr>\r\n\t\t\t\t\t\t\t\t\t<td class="author"><a class="J_user_card_show" data-uid="10611" href="http://47.107.116.139/phpwind/index.php?m=space&uid=10611"><img src="http://47.107.116.139/phpwind/windid/attachment/avatar/000/01/06/10611_small.jpg" onerror="this.onerror=null;this.src=\'http://47.107.116.139/phpwind/res/images/face/face_small.jpg\'" width="45" height="45" alt="samu" /></a></td>\r\n\t\t\t\t\t\t\t\t\t<td class="subject">\r\n\t\t\t\t\t\t\t\t\t\t<p class="title">\r\n\t\t\t\t\t\t\t\t\t\t\t\t\t\t\t\t\t\t\t\t\t\t<a href="http://47.107.116.139/phpwind/read.php?tid=15643&fid=2" target="_blank"><span class="posts_icon"><i class="icon_topic" title="\xe6\x99\xae\xe9\x80\x9a\xe5\xb8\x96  \xe6\x96\xb0\xe7\xaa\x97\xe5\x8f\xa3\xe6\x89\x93\xe5\xbc\x80"></i></span></a>\r\n\t\t\t\t\t\t\t\t\t\t\t\t\t\t\t\t\t\t\t\t\t\t<a href="http://47.107.116.139/phpwind/index.php?c=thread&fid=2" class="st">[\xe6\x96\xb0\xe7\x89\x88\xe5\x9d\x97]</a>\r\n\t\t\t\t\t\t\t\t\t\t\t\t\t\t\t\t\t\t\t\t\t\t<a href="http://47.107.116.139/phpwind/read.php?tid=15643&fid=2" class="st" style="" title="pytest_1675323062.9039645">pytest_1675323062.9039645</a>\r\n\t\t\t\t\t\t\t\t\t\t\t\t\t\t\t\t\t\t\t\t\t</p>\r\n\t\t\t\t\t\t\t\t\t\t<p class="info">\r\n\t\t\t\t\t\t\t\t\t\t\t\xe6\xa5\xbc\xe4\xb8\xbb\xef\xbc\x9a<a class="J_user_card_show" data-uid="10611" href="http://47.107.116.139/phpwind/index.php?m=space&uid=10611">samu</a><span>2023-02-02</span>\r\n\t\t\t\t\t\t\t\t\t\t\t\xe6\x9c\x80\xe5\x90\x8e\xe5\x9b\x9e\xe5\xa4\x8d\xef\xbc\x9a<a class="J_user_card_show" data-uid="10611" href="http://47.107.116.139/phpwind/index.php?m=space&uid=10611">samu</a><span><a href="http://47.107.116.139/phpwind/read.php?tid=15643&fid=2&page=e#a" rel="nofollow" aria-label="\xe6\x9c\x80\xe5\x90\x8e\xe5\x9b\x9e\xe5\xa4\x8d\xe6\x97\xb6\xe9\x97\xb4">02-02 15:31</a></span>\r\n\t\t\t\t\t\t\t\t\t\t</p>\r\n\t\t\t\t\t\t\t\t\t</td>\r\n\t\t\t\t\t\t\t\t\t<td class="num">\r\n\t\t\t\t\t\t\t\t\t\t<span>\xe5\x9b\x9e\xe5\xa4\x8d<em>1</em></span>\r\n\t\t\t\t\t\t\t\t\t\t<span>\xe6\xb5\x8f\xe8\xa7\x88<em>1</em></span>\r\n\t\t\t\t\t\t\t\t\t</td>\r\n\t\t\t\t\t\t\t\t</tr>\r\n\t\t\t\t\t\t\t\t\t\t\t\t\t\t\t\t<tr>\r\n\t\t\t\t\t\t\t\t\t<td class="author"><a class="J_user_card_show" data-uid="10611" href="http://47.107.116.139/phpwind/index.php?m=space&uid=10611"><img src="http://47.107.116.139/phpwind/windid/attachment/avatar/000/01/06/10611_small.jpg" onerror="this.onerror=null;this.src=\'http://47.107.116.139/phpwind/res/images/face/face_small.jpg\'" width="45" height="45" alt="samu" /></a></td>\r\n\t\t\t\t\t\t\t\t\t<td class="subject">\r\n\t\t\t\t\t\t\t\t\t\t<p class="title">\r\n\t\t\t\t\t\t\t\t\t\t\t\t\t\t\t\t\t\t\t\t\t\t<a href="http://47.107.116.139/phpwind/read.php?tid=15642&fid=2" target="_blank"><span class="posts_icon"><i class="icon_topic" title="\xe6\x99\xae\xe9\x80\x9a\xe5\xb8\x96  \xe6\x96\xb0\xe7\xaa\x97\xe5\x8f\xa3\xe6\x89\x93\xe5\xbc\x80"></i></span></a>\r\n\t\t\t\t\t\t\t\t\t\t\t\t\t\t\t\t\t\t\t\t\t\t<a href="http://47.107.116.139/phpwind/index.php?c=thread&fid=2" class="st">[\xe6\x96\xb0\xe7\x89\x88\xe5\x9d\x97]</a>\r\n\t\t\t\t\t\t\t\t\t\t\t\t\t\t\t\t\t\t\t\t\t\t<a href="http://47.107.116.139/phpwind/read.php?tid=15642&fid=2" class="st" style="" title="pytest_1675322996.3602803">pytest_1675322996.3602803</a>\r\n\t\t\t\t\t\t\t\t\t\t\t\t\t\t\t\t\t\t\t\t\t</p>\r\n\t\t\t\t\t\t\t\t\t\t<p class="info">\r\n\t\t\t\t\t\t\t\t\t\t\t\xe6\xa5\xbc\xe4\xb8\xbb\xef\xbc\x9a<a class="J_user_card_show" data-uid="10611" href="http://47.107.116.139/phpwind/index.php?m=space&uid=10611">samu</a><span>2023-02-02</span>\r\n\t\t\t\t\t\t\t\t\t\t\t\xe6\x9c\x80\xe5\x90\x8e\xe5\x9b\x9e\xe5\xa4\x8d\xef\xbc\x9a<a class="J_user_card_show" data-uid="10611" href="http://47.107.116.139/phpwind/index.php?m=space&uid=10611">samu</a><span><a href="http://47.107.116.139/phpwind/read.php?tid=15642&fid=2&page=e#a" rel="nofollow" aria-label="\xe6\x9c\x80\xe5\x90\x8e\xe5\x9b\x9e\xe5\xa4\x8d\xe6\x97\xb6\xe9\x97\xb4">02-02 15:29</a></span>\r\n\t\t\t\t\t\t\t\t\t\t</p>\r\n\t\t\t\t\t\t\t\t\t</td>\r\n\t\t\t\t\t\t\t\t\t<td class="num">\r\n\t\t\t\t\t\t\t\t\t\t<span>\xe5\x9b\x9e\xe5\xa4\x8d<em>1</em></span>\r\n\t\t\t\t\t\t\t\t\t\t<span>\xe6\xb5\x8f\xe8\xa7\x88<em>1</em></span>\r\n\t\t\t\t\t\t\t\t\t</td>\r\n\t\t\t\t\t\t\t\t</tr>\r\n\t\t\t\t\t\t\t\t\t\t\t\t\t\t\t\t<tr>\r\n\t\t\t\t\t\t\t\t\t<td class="author"><a class="J_user_card_show" data-uid="10611" href="http://47.107.116.139/phpwind/index.php?m=space&uid=10611"><img src="http://47.107.116.139/phpwind/windid/attachment/avatar/000/01/06/10611_small.jpg" onerror="this.onerror=null;this.src=\'http://47.107.116.139/phpwind/res/images/face/face_small.jpg\'" width="45" height="45" alt="samu" /></a></td>\r\n\t\t\t\t\t\t\t\t\t<td class="subject">\r\n\t\t\t\t\t\t\t\t\t\t<p class="title">\r\n\t\t\t\t\t\t\t\t\t\t\t\t\t\t\t\t\t\t\t\t\t\t<a href="http://47.107.116.139/phpwind/read.php?tid=15641&fid=2" target="_blank"><span class="posts_icon"><i class="icon_topic" title="\xe6\x99\xae\xe9\x80\x9a\xe5\xb8\x96  \xe6\x96\xb0\xe7\xaa\x97\xe5\x8f\xa3\xe6\x89\x93\xe5\xbc\x80"></i></span></a>\r\n\t\t\t\t\t\t\t\t\t\t\t\t\t\t\t\t\t\t\t\t\t\t<a href="http://47.107.116.139/phpwind/index.php?c=thread&fid=2" class="st">[\xe6\x96\xb0\xe7\x89\x88\xe5\x9d\x97]</a>\r\n\t\t\t\t\t\t\t\t\t\t\t\t\t\t\t\t\t\t\t\t\t\t<a href="http://47.107.116.139/phpwind/read.php?tid=15641&fid=2" class="st" style="" title="pytest_1675322931.9656408">pytest_1675322931.9656408</a>\r\n\t\t\t\t\t\t\t\t\t\t\t\t\t\t\t\t\t\t\t\t\t</p>\r\n\t\t\t\t\t\t\t\t\t\t<p class="info">\r\n\t\t\t\t\t\t\t\t\t\t\t\xe6\xa5\xbc\xe4\xb8\xbb\xef\xbc\x9a<a class="J_user_card_show" data-uid="10611" href="http://47.107.116.139/phpwind/index.php?m=space&uid=10611">samu</a><span>2023-02-02</span>\r\n\t\t\t\t\t\t\t\t\t\t\t\xe6\x9c\x80\xe5\x90\x8e\xe5\x9b\x9e\xe5\xa4\x8d\xef\xbc\x9a<a class="J_user_card_show" data-uid="10611" href="http://47.107.116.139/phpwind/index.php?m=space&uid=10611">samu</a><span><a href="http://47.107.116.139/phpwind/read.php?tid=15641&fid=2&page=e#a" rel="nofollow" aria-label="\xe6\x9c\x80\xe5\x90\x8e\xe5\x9b\x9e\xe5\xa4\x8d\xe6\x97\xb6\xe9\x97\xb4">02-02 15:28</a></span>\r\n\t\t\t\t\t\t\t\t\t\t</p>\r\n\t\t\t\t\t\t\t\t\t</td>\r\n\t\t\t\t\t\t\t\t\t<td class="num">\r\n\t\t\t\t\t\t\t\t\t\t<span>\xe5\x9b\x9e\xe5\xa4\x8d<em>1</em></span>\r\n\t\t\t\t\t\t\t\t\t\t<span>\xe6\xb5\x8f\xe8\xa7\x88<em>1</em></span>\r\n\t\t\t\t\t\t\t\t\t</td>\r\n\t\t\t\t\t\t\t\t</tr>\r\n\t\t\t\t\t\t\t\t\t\t\t\t\t\t\t\t<tr>\r\n\t\t\t\t\t\t\t\t\t<td class="author"><a class="J_user_card_show" data-uid="10611" href="http://47.107.116.139/phpwind/index.php?m=space&uid=10611"><img src="http://47.107.116.139/phpwind/windid/attachment/avatar/000/01/06/10611_small.jpg" onerror="this.onerror=null;this.src=\'http://47.107.116.139/phpwind/res/images/face/face_small.jpg\'" width="45" height="45" alt="samu" /></a></td>\r\n\t\t\t\t\t\t\t\t\t<td class="subject">\r\n\t\t\t\t\t\t\t\t\t\t<p class="title">\r\n\t\t\t\t\t\t\t\t\t\t\t\t\t\t\t\t\t\t\t\t\t\t<a href="http://47.107.116.139/phpwind/read.php?tid=15640&fid=2" target="_blank"><span class="posts_icon"><i class="icon_topic" title="\xe6\x99\xae\xe9\x80\x9a\xe5\xb8\x96  \xe6\x96\xb0\xe7\xaa\x97\xe5\x8f\xa3\xe6\x89\x93\xe5\xbc\x80"></i></span></a>\r\n\t\t\t\t\t\t\t\t\t\t\t\t\t\t\t\t\t\t\t\t\t\t<a href="http://47.107.116.139/phpwind/index.php?c=thread&fid=2" class="st">[\xe6\x96\xb0\xe7\x89\x88\xe5\x9d\x97]</a>\r\n\t\t\t\t\t\t\t\t\t\t\t\t\t\t\t\t\t\t\t\t\t\t<a href="http://47.107.116.139/phpwind/read.php?tid=15640&fid=2" class="st" style="" title="pytest_1675322906.359132">pytest_1675322906.359132</a>\r\n\t\t\t\t\t\t\t\t\t\t\t\t\t\t\t\t\t\t\t\t\t</p>\r\n\t\t\t\t\t\t\t\t\t\t<p class="info">\r\n\t\t\t\t\t\t\t\t\t\t\t\xe6\xa5\xbc\xe4\xb8\xbb\xef\xbc\x9a<a class="J_user_card_show" data-uid="10611" href="http://47.107.116.139/phpwind/index.php?m=space&uid=10611">samu</a><span>2023-02-02</span>\r\n\t\t\t\t\t\t\t\t\t\t\t\xe6\x9c\x80\xe5\x90\x8e\xe5\x9b\x9e\xe5\xa4\x8d\xef\xbc\x9a<a class="J_user_card_show" data-uid="10611" href="http://47.107.116.139/phpwind/index.php?m=space&uid=10611">samu</a><span><a href="http://47.107.116.139/phpwind/read.php?tid=15640&fid=2&page=e#a" rel="nofollow" aria-label="\xe6\x9c\x80\xe5\x90\x8e\xe5\x9b\x9e\xe5\xa4\x8d\xe6\x97\xb6\xe9\x97\xb4">02-02 15:28</a></span>\r\n\t\t\t\t\t\t\t\t\t\t</p>\r\n\t\t\t\t\t\t\t\t\t</td>\r\n\t\t\t\t\t\t\t\t\t<td class="num">\r\n\t\t\t\t\t\t\t\t\t\t<span>\xe5\x9b\x9e\xe5\xa4\x8d<em>1</em></span>\r\n\t\t\t\t\t\t\t\t\t\t<span>\xe6\xb5\x8f\xe8\xa7\x88<em>1</em></span>\r\n\t\t\t\t\t\t\t\t\t</td>\r\n\t\t\t\t\t\t\t\t</tr>\r\n\t\t\t\t\t\t\t\t\t\t\t\t\t\t\t\t<tr>\r\n\t\t\t\t\t\t\t\t\t<td class="author"><a class="J_user_card_show" data-uid="10611" href="http://47.107.116.139/phpwind/index.php?m=space&uid=10611"><img src="http://47.107.116.139/phpwind/windid/attachment/avatar/000/01/06/10611_small.jpg" onerror="this.onerror=null;this.src=\'http://47.107.116.139/phpwind/res/images/face/face_small.jpg\'" width="45" height="45" alt="samu" /></a></td>\r\n\t\t\t\t\t\t\t\t\t<td class="subject">\r\n\t\t\t\t\t\t\t\t\t\t<p class="title">\r\n\t\t\t\t\t\t\t\t\t\t\t\t\t\t\t\t\t\t\t\t\t\t<a href="http://47.107.116.139/phpwind/read.php?tid=15639&fid=2" target="_blank"><span class="posts_icon"><i class="icon_topic" title="\xe6\x99\xae\xe9\x80\x9a\xe5\xb8\x96  \xe6\x96\xb0\xe7\xaa\x97\xe5\x8f\xa3\xe6\x89\x93\xe5\xbc\x80"></i></span></a>\r\n\t\t\t\t\t\t\t\t\t\t\t\t\t\t\t\t\t\t\t\t\t\t<a href="http://47.107.116.139/phpwind/index.php?c=thread&fid=2" class="st">[\xe6\x96\xb0\xe7\x89\x88\xe5\x9d\x97]</a>\r\n\t\t\t\t\t\t\t\t\t\t\t\t\t\t\t\t\t\t\t\t\t\t<a href="http://47.107.116.139/phpwind/read.php?tid=15639&fid=2" class="st" style="" title="pytest_1675322646.94212">pytest_1675322646.94212</a>\r\n\t\t\t\t\t\t\t\t\t\t\t\t\t\t\t\t\t\t\t\t\t</p>\r\n\t\t\t\t\t\t\t\t\t\t<p class="info">\r\n\t\t\t\t\t\t\t\t\t\t\t\xe6\xa5\xbc\xe4\xb8\xbb\xef\xbc\x9a<a class="J_user_card_show" data-uid="10611" href="http://47.107.116.139/phpwind/index.php?m=space&uid=10611">samu</a><span>2023-02-02</span>\r\n\t\t\t\t\t\t\t\t\t\t\t\xe6\x9c\x80\xe5\x90\x8e\xe5\x9b\x9e\xe5\xa4\x8d\xef\xbc\x9a<a class="J_user_card_show" data-uid="10611" href="http://47.107.116.139/phpwind/index.php?m=space&uid=10611">samu</a><span><a href="http://47.107.116.139/phpwind/read.php?tid=15639&fid=2&page=e#a" rel="nofollow" aria-label="\xe6\x9c\x80\xe5\x90\x8e\xe5\x9b\x9e\xe5\xa4\x8d\xe6\x97\xb6\xe9\x97\xb4">02-02 15:24</a></span>\r\n\t\t\t\t\t\t\t\t\t\t</p>\r\n\t\t\t\t\t\t\t\t\t</td>\r\n\t\t\t\t\t\t\t\t\t<td class="num">\r\n\t\t\t\t\t\t\t\t\t\t<span>\xe5\x9b\x9e\xe5\xa4\x8d<em>1</em></span>\r\n\t\t\t\t\t\t\t\t\t\t<span>\xe6\xb5\x8f\xe8\xa7\x88<em>1</em></span>\r\n\t\t\t\t\t\t\t\t\t</td>\r\n\t\t\t\t\t\t\t\t</tr>\r\n\t\t\t\t\t\t\t\t\t\t\t\t\t\t\t\t<tr>\r\n\t\t\t\t\t\t\t\t\t<td class="author"><a class="J_user_card_show" data-uid="10611" href="http://47.107.116.139/phpwind/index.php?m=space&uid=10611"><img src="http://47.107.116.139/phpwind/windid/attachment/avatar/000/01/06/10611_small.jpg" onerror="this.onerror=null;this.src=\'http://47.107.116.139/phpwind/res/images/face/face_small.jpg\'" width="45" height="45" alt="samu" /></a></td>\r\n\t\t\t\t\t\t\t\t\t<td class="subject">\r\n\t\t\t\t\t\t\t\t\t\t<p class="title">\r\n\t\t\t\t\t\t\t\t\t\t\t\t\t\t\t\t\t\t\t\t\t\t<a href="http://47.107.116.139/phpwind/read.php?tid=15638&fid=2" target="_blank"><span class="posts_icon"><i class="icon_topic" title="\xe6\x99\xae\xe9\x80\x9a\xe5\xb8\x96  \xe6\x96\xb0\xe7\xaa\x97\xe5\x8f\xa3\xe6\x89\x93\xe5\xbc\x80"></i></span></a>\r\n\t\t\t\t\t\t\t\t\t\t\t\t\t\t\t\t\t\t\t\t\t\t<a href="http://47.107.116.139/phpwind/index.php?c=thread&fid=2" class="st">[\xe6\x96\xb0\xe7\x89\x88\xe5\x9d\x97]</a>\r\n\t\t\t\t\t\t\t\t\t\t\t\t\t\t\t\t\t\t\t\t\t\t<a href="http://47.107.116.139/phpwind/read.php?tid=15638&fid=2" class="st" style="" title="pytest_1675322563.5030336">pytest_1675322563.5030336</a>\r\n\t\t\t\t\t\t\t\t\t\t\t\t\t\t\t\t\t\t\t\t\t</p>\r\n\t\t\t\t\t\t\t\t\t\t<p class="info">\r\n\t\t\t\t\t\t\t\t\t\t\t\xe6\xa5\xbc\xe4\xb8\xbb\xef\xbc\x9a<a class="J_user_card_show" data-uid="10611" href="http://47.107.116.139/phpwind/index.php?m=space&uid=10611">samu</a><span>2023-02-02</span>\r\n\t\t\t\t\t\t\t\t\t\t\t\xe6\x9c\x80\xe5\x90\x8e\xe5\x9b\x9e\xe5\xa4\x8d\xef\xbc\x9a<a class="J_user_card_show" data-uid="10611" href="http://47.107.116.139/phpwind/index.php?m=space&uid=10611">samu</a><span><a href="http://47.107.116.139/phpwind/read.php?tid=15638&fid=2&page=e#a" rel="nofollow" aria-label="\xe6\x9c\x80\xe5\x90\x8e\xe5\x9b\x9e\xe5\xa4\x8d\xe6\x97\xb6\xe9\x97\xb4">02-02 15:22</a></span>\r\n\t\t\t\t\t\t\t\t\t\t</p>\r\n\t\t\t\t\t\t\t\t\t</td>\r\n\t\t\t\t\t\t\t\t\t<td class="num">\r\n\t\t\t\t\t\t\t\t\t\t<span>\xe5\x9b\x9e\xe5\xa4\x8d<em>1</em></span>\r\n\t\t\t\t\t\t\t\t\t\t<span>\xe6\xb5\x8f\xe8\xa7\x88<em>1</em></span>\r\n\t\t\t\t\t\t\t\t\t</td>\r\n\t\t\t\t\t\t\t\t</tr>\r\n\t\t\t\t\t\t\t\t\t\t\t\t\t\t\t\t<tr>\r\n\t\t\t\t\t\t\t\t\t<td class="author"><a class="J_user_card_show" data-uid="10611" href="http://47.107.116.139/phpwind/index.php?m=space&uid=10611"><img src="http://47.107.116.139/phpwind/windid/attachment/avatar/000/01/06/10611_small.jpg" onerror="this.onerror=null;this.src=\'http://47.107.116.139/phpwind/res/images/face/face_small.jpg\'" width="45" height="45" alt="samu" /></a></td>\r\n\t\t\t\t\t\t\t\t\t<td class="subject">\r\n\t\t\t\t\t\t\t\t\t\t<p class="title">\r\n\t\t\t\t\t\t\t\t\t\t\t\t\t\t\t\t\t\t\t\t\t\t<a href="http://47.107.116.139/phpwind/read.php?tid=15637&fid=2" target="_blank"><span class="posts_icon"><i class="icon_topic" title="\xe6\x99\xae\xe9\x80\x9a\xe5\xb8\x96  \xe6\x96\xb0\xe7\xaa\x97\xe5\x8f\xa3\xe6\x89\x93\xe5\xbc\x80"></i></span></a>\r\n\t\t\t\t\t\t\t\t\t\t\t\t\t\t\t\t\t\t\t\t\t\t<a href="http://47.107.116.139/phpwind/index.php?c=thread&fid=2" class="st">[\xe6\x96\xb0\xe7\x89\x88\xe5\x9d\x97]</a>\r\n\t\t\t\t\t\t\t\t\t\t\t\t\t\t\t\t\t\t\t\t\t\t<a href="http://47.107.116.139/phpwind/read.php?tid=15637&fid=2" class="st" style="" title="pytest_1675322464.165774">pytest_1675322464.165774</a>\r\n\t\t\t\t\t\t\t\t\t\t\t\t\t\t\t\t\t\t\t\t\t</p>\r\n\t\t\t\t\t\t\t\t\t\t<p class="info">\r\n\t\t\t\t\t\t\t\t\t\t\t\xe6\xa5\xbc\xe4\xb8\xbb\xef\xbc\x9a<a class="J_user_card_show" data-uid="10611" href="http://47.107.116.139/phpwind/index.php?m=space&uid=10611">samu</a><span>2023-02-02</span>\r\n\t\t\t\t\t\t\t\t\t\t\t\xe6\x9c\x80\xe5\x90\x8e\xe5\x9b\x9e\xe5\xa4\x8d\xef\xbc\x9a<a class="J_user_card_show" data-uid="10611" href="http://47.107.116.139/phpwind/index.php?m=space&uid=10611">samu</a><span><a href="http://47.107.116.139/phpwind/read.php?tid=15637&fid=2&page=e#a" rel="nofollow" aria-label="\xe6\x9c\x80\xe5\x90\x8e\xe5\x9b\x9e\xe5\xa4\x8d\xe6\x97\xb6\xe9\x97\xb4">02-02 15:21</a></span>\r\n\t\t\t\t\t\t\t\t\t\t</p>\r\n\t\t\t\t\t\t\t\t\t</td>\r\n\t\t\t\t\t\t\t\t\t<td class="num">\r\n\t\t\t\t\t\t\t\t\t\t<span>\xe5\x9b\x9e\xe5\xa4\x8d<em>1</em></span>\r\n\t\t\t\t\t\t\t\t\t\t<span>\xe6\xb5\x8f\xe8\xa7\x88<em>1</em></span>\r\n\t\t\t\t\t\t\t\t\t</td>\r\n\t\t\t\t\t\t\t\t</tr>\r\n\t\t\t\t\t\t\t\t\t\t\t\t\t\t\t\t<tr>\r\n\t\t\t\t\t\t\t\t\t<td class="author"><a class="J_user_card_show" data-uid="10611" href="http://47.107.116.139/phpwind/index.php?m=space&uid=10611"><img src="http://47.107.116.139/phpwind/windid/attachment/avatar/000/01/06/10611_small.jpg" onerror="this.onerror=null;this.src=\'http://47.107.116.139/phpwind/res/images/face/face_small.jpg\'" width="45" height="45" alt="samu" /></a></td>\r\n\t\t\t\t\t\t\t\t\t<td class="subject">\r\n\t\t\t\t\t\t\t\t\t\t<p class="title">\r\n\t\t\t\t\t\t\t\t\t\t\t\t\t\t\t\t\t\t\t\t\t\t<a href="http://47.107.116.139/phpwind/read.php?tid=15636&fid=2" target="_blank"><span class="posts_icon"><i class="icon_topic" title="\xe6\x99\xae\xe9\x80\x9a\xe5\xb8\x96  \xe6\x96\xb0\xe7\xaa\x97\xe5\x8f\xa3\xe6\x89\x93\xe5\xbc\x80"></i></span></a>\r\n\t\t\t\t\t\t\t\t\t\t\t\t\t\t\t\t\t\t\t\t\t\t<a href="http://47.107.116.139/phpwind/index.php?c=thread&fid=2" class="st">[\xe6\x96\xb0\xe7\x89\x88\xe5\x9d\x97]</a>\r\n\t\t\t\t\t\t\t\t\t\t\t\t\t\t\t\t\t\t\t\t\t\t<a href="http://47.107.116.139/phpwind/read.php?tid=15636&fid=2" class="st" style="" title="pytest_1675322371.0151918">pytest_1675322371.0151918</a>\r\n\t\t\t\t\t\t\t\t\t\t\t\t\t\t\t\t\t\t\t\t\t</p>\r\n\t\t\t\t\t\t\t\t\t\t<p class="info">\r\n\t\t\t\t\t\t\t\t\t\t\t\xe6\xa5\xbc\xe4\xb8\xbb\xef\xbc\x9a<a class="J_user_card_show" data-uid="10611" href="http://47.107.116.139/phpwind/index.php?m=space&uid=10611">samu</a><span>2023-02-02</span>\r\n\t\t\t\t\t\t\t\t\t\t\t\xe6\x9c\x80\xe5\x90\x8e\xe5\x9b\x9e\xe5\xa4\x8d\xef\xbc\x9a<a class="J_user_card_show" data-uid="10611" href="http://47.107.116.139/phpwind/index.php?m=space&uid=10611">samu</a><span><a href="http://47.107.116.139/phpwind/read.php?tid=15636&fid=2&page=e#a" rel="nofollow" aria-label="\xe6\x9c\x80\xe5\x90\x8e\xe5\x9b\x9e\xe5\xa4\x8d\xe6\x97\xb6\xe9\x97\xb4">02-02 15:19</a></span>\r\n\t\t\t\t\t\t\t\t\t\t</p>\r\n\t\t\t\t\t\t\t\t\t</td>\r\n\t\t\t\t\t\t\t\t\t<td class="num">\r\n\t\t\t\t\t\t\t\t\t\t<span>\xe5\x9b\x9e\xe5\xa4\x8d<em>1</em></span>\r\n\t\t\t\t\t\t\t\t\t\t<span>\xe6\xb5\x8f\xe8\xa7\x88<em>1</em></span>\r\n\t\t\t\t\t\t\t\t\t</td>\r\n\t\t\t\t\t\t\t\t</tr>\r\n\t\t\t\t\t\t\t\t\t\t\t\t\t\t\t\t<tr>\r\n\t\t\t\t\t\t\t\t\t<td class="author"><a class="J_user_card_show" data-uid="10611" href="http://47.107.116.139/phpwind/index.php?m=space&uid=10611"><img src="http://47.107.116.139/phpwind/windid/attachment/avatar/000/01/06/10611_small.jpg" onerror="this.onerror=null;this.src=\'http://47.107.116.139/phpwind/res/images/face/face_small.jpg\'" width="45" height="45" alt="samu" /></a></td>\r\n\t\t\t\t\t\t\t\t\t<td class="subject">\r\n\t\t\t\t\t\t\t\t\t\t<p class="title">\r\n\t\t\t\t\t\t\t\t\t\t\t\t\t\t\t\t\t\t\t\t\t\t<a href="http://47.107.116.139/phpwind/read.php?tid=15635&fid=2" target="_blank"><span class="posts_icon"><i class="icon_topic" title="\xe6\x99\xae\xe9\x80\x9a\xe5\xb8\x96  \xe6\x96\xb0\xe7\xaa\x97\xe5\x8f\xa3\xe6\x89\x93\xe5\xbc\x80"></i></span></a>\r\n\t\t\t\t\t\t\t\t\t\t\t\t\t\t\t\t\t\t\t\t\t\t<a href="http://47.107.116.139/phpwind/index.php?c=thread&fid=2" class="st">[\xe6\x96\xb0\xe7\x89\x88\xe5\x9d\x97]</a>\r\n\t\t\t\t\t\t\t\t\t\t\t\t\t\t\t\t\t\t\t\t\t\t<a href="http://47.107.116.139/phpwind/read.php?tid=15635&fid=2" class="st" style="" title="pytest_1675322363.9301581">pytest_1675322363.9301581</a>\r\n\t\t\t\t\t\t\t\t\t\t\t\t\t\t\t\t\t\t\t\t\t</p>\r\n\t\t\t\t\t\t\t\t\t\t<p class="info">\r\n\t\t\t\t\t\t\t\t\t\t\t\xe6\xa5\xbc\xe4\xb8\xbb\xef\xbc\x9a<a class="J_user_card_show" data-uid="10611" href="http://47.107.116.139/phpwind/index.php?m=space&uid=10611">samu</a><span>2023-02-02</span>\r\n\t\t\t\t\t\t\t\t\t\t\t\xe6\x9c\x80\xe5\x90\x8e\xe5\x9b\x9e\xe5\xa4\x8d\xef\xbc\x9a<a class="J_user_card_show" data-uid="10611" href="http://47.107.116.139/phpwind/index.php?m=space&uid=10611">samu</a><span><a href="http://47.107.116.139/phpwind/read.php?tid=15635&fid=2&page=e#a" rel="nofollow" aria-label="\xe6\x9c\x80\xe5\x90\x8e\xe5\x9b\x9e\xe5\xa4\x8d\xe6\x97\xb6\xe9\x97\xb4">02-02 15:19</a></span>\r\n\t\t\t\t\t\t\t\t\t\t</p>\r\n\t\t\t\t\t\t\t\t\t</td>\r\n\t\t\t\t\t\t\t\t\t<td class="num">\r\n\t\t\t\t\t\t\t\t\t\t<span>\xe5\x9b\x9e\xe5\xa4\x8d<em>1</em></span>\r\n\t\t\t\t\t\t\t\t\t\t<span>\xe6\xb5\x8f\xe8\xa7\x88<em>1</em></span>\r\n\t\t\t\t\t\t\t\t\t</td>\r\n\t\t\t\t\t\t\t\t</tr>\r\n\t\t\t\t\t\t\t\t\t\t\t\t\t\t\t\t<tr>\r\n\t\t\t\t\t\t\t\t\t<td class="author"><a class="J_user_card_show" data-uid="10611" href="http://47.107.116.139/phpwind/index.php?m=space&uid=10611"><img src="http://47.107.116.139/phpwind/windid/attachment/avatar/000/01/06/10611_small.jpg" onerror="this.onerror=null;this.src=\'http://47.107.116.139/phpwind/res/images/face/face_small.jpg\'" width="45" height="45" alt="samu" /></a></td>\r\n\t\t\t\t\t\t\t\t\t<td class="subject">\r\n\t\t\t\t\t\t\t\t\t\t<p class="title">\r\n\t\t\t\t\t\t\t\t\t\t\t\t\t\t\t\t\t\t\t\t\t\t<a href="http://47.107.116.139/phpwind/read.php?tid=15634&fid=2" target="_blank"><span class="posts_icon"><i class="icon_topic" title="\xe6\x99\xae\xe9\x80\x9a\xe5\xb8\x96  \xe6\x96\xb0\xe7\xaa\x97\xe5\x8f\xa3\xe6\x89\x93\xe5\xbc\x80"></i></span></a>\r\n\t\t\t\t\t\t\t\t\t\t\t\t\t\t\t\t\t\t\t\t\t\t<a href="http://47.107.116.139/phpwind/index.php?c=thread&fid=2" class="st">[\xe6\x96\xb0\xe7\x89\x88\xe5\x9d\x97]</a>\r\n\t\t\t\t\t\t\t\t\t\t\t\t\t\t\t\t\t\t\t\t\t\t<a href="http://47.107.116.139/phpwind/read.php?tid=15634&fid=2" class="st" style="" title="pytest_1675322326.9137845">pytest_1675322326.9137845</a>\r\n\t\t\t\t\t\t\t\t\t\t\t\t\t\t\t\t\t\t\t\t\t</p>\r\n\t\t\t\t\t\t\t\t\t\t<p class="info">\r\n\t\t\t\t\t\t\t\t\t\t\t\xe6\xa5\xbc\xe4\xb8\xbb\xef\xbc\x9a<a class="J_user_card_show" data-uid="10611" href="http://47.107.116.139/phpwind/index.php?m=space&uid=10611">samu</a><span>2023-02-02</span>\r\n\t\t\t\t\t\t\t\t\t\t\t\xe6\x9c\x80\xe5\x90\x8e\xe5\x9b\x9e\xe5\xa4\x8d\xef\xbc\x9a<a class="J_user_card_show" data-uid="10611" href="http://47.107.116.139/phpwind/index.php?m=space&uid=10611">samu</a><span><a href="http://47.107.116.139/phpwind/read.php?tid=15634&fid=2&page=e#a" rel="nofollow" aria-label="\xe6\x9c\x80\xe5\x90\x8e\xe5\x9b\x9e\xe5\xa4\x8d\xe6\x97\xb6\xe9\x97\xb4">02-02 15:18</a></span>\r\n\t\t\t\t\t\t\t\t\t\t</p>\r\n\t\t\t\t\t\t\t\t\t</td>\r\n\t\t\t\t\t\t\t\t\t<td class="num">\r\n\t\t\t\t\t\t\t\t\t\t<span>\xe5\x9b\x9e\xe5\xa4\x8d<em>1</em></span>\r\n\t\t\t\t\t\t\t\t\t\t<span>\xe6\xb5\x8f\xe8\xa7\x88<em>1</em></span>\r\n\t\t\t\t\t\t\t\t\t</td>\r\n\t\t\t\t\t\t\t\t</tr>\r\n\t\t\t\t\t\t\t\t\t\t\t\t\t\t\t</table>\r\n\t\t\t\t\t\t</div>\r\n\t\t\t\t\t\t\t\t\t\t\t</div>\r\n\t\t\t\t\t<div class="J_page_wrap cc" data-key="true">\r\n\t\t\t\t\t\t<div class="pages">\r\n\t<strong>1</strong>\r\n\t<a href="http://47.107.116.139/phpwind/index.php?page=2">2</a>\r\n\t\t<a href="http://47.107.116.139/phpwind/index.php?page=3">3</a>\r\n\t\t<a href="http://47.107.116.139/phpwind/index.php?page=4">4</a>\r\n\t\t<a href="http://47.107.116.139/phpwind/index.php?page=570">...570</a>\r\n\t\t<a href="http://47.107.116.139/phpwind/index.php?page=2" class="pages_next J_pages_next">\xe4\xb8\x8b\xe4\xb8\x80\xe9\xa1\xb5&nbsp;&raquo;</a>\r\n</div>\r\n\t\t\t\t\t</div>\r\n\t\t\t\t\t\r\n\t\t\t\t\t\t\t\t\t\t \r\n\t\t\t\t</div>\r\n\t\t\t</div>\r\n\t\t\t<div class="main_sidebar">\r\n\t\t\t\t    <div class="box_wrap sidebar_login">\r\n        <!--\r\n\t\t<form id="J_login_form" action="http://47.107.116.139/phpwind/index.php?m=u&c=login&a=dologin" method="post">\r\n\t\t<dl>\r\n\t\t\t<dt id="J_sidebar_login_dt" class="cc">\r\n\t\t\t\t<i class="icon_username" title="\xe8\xaf\xb7\xe8\xbe\x93\xe5\x85\xa5\xe7\x94\xa8\xe6\x88\xb7\xe5\x90\x8d"></i><label for="J_username">\xe7\x94\xa8\xe6\x88\xb7\xe5\x90\x8d</label><input required type="text" class="input" id="J_username" name="username" placeholder="\xe7\x94\xa8\xe6\x88\xb7\xe5\x90\x8d">\r\n\t\t\t\t<i class="icon_password" title="\xe8\xaf\xb7\xe8\xbe\x93\xe5\x85\xa5\xe5\xaf\x86\xe7\xa0\x81"></i><label for="J_password">\xe5\xaf\x86\xe3\x80\x80\xe7\xa0\x81</label><input required type="password" class="input" id="J_password" name="password" placeholder="\xe5\xaf\x86\xe7\xa0\x81">\r\n\t\t\t</dt>\r\n\t\t\t<dd class="associate"><a class="sendpwd" rel="nofollow" href="http://47.107.116.139/phpwind/index.php?m=u&c=findPwd">\xe6\x89\xbe\xe5\x9b\x9e\xe5\xaf\x86\xe7\xa0\x81</a><label for="head_checkbox" title="\xe4\xb8\x8b\xe6\xac\xa1\xe8\x87\xaa\xe5\x8a\xa8\xe7\x99\xbb\xe5\xbd\x95"><input type="checkbox" id="head_checkbox" name="rememberme" value="31536000">\xe8\x87\xaa\xe5\x8a\xa8\xe7\x99\xbb\xe5\xbd\x95</label></dd>\r\n\t\t\t<dd class="operate"><button type="submit" id="J_sidebar_login" class="btn btn_big btn_submit">\xe7\x99\xbb\xe5\xbd\x95</button><a class="btn btn_big btn_error" href="http://47.107.116.139/phpwind/index.php?m=u&c=register" rel="nofollow">\xe7\xab\x8b\xe5\x8d\xb3\xe6\xb3\xa8\xe5\x86\x8c</a></dd>\r\n\t\t</dl>\r\n\t\t<input type="hidden" name="csrf_token" value="b89c7b83fc4d5825"/><input type="hidden" name="csrf_token" value="b89c7b83fc4d5825"/></form>\r\n        -->\r\n        <dd class="operate"><button type="button" id="J_sidebar_login" class="btn btn_big btn_submit" onclick="location.href=\'http://47.107.116.139/phpwind/index.php?m=u&c=login\'">\xe7\x99\xbb\xe5\xbd\x95</button><a class="btn btn_big btn_error" href="http://47.107.116.139/phpwind/index.php?m=u&c=register" rel="nofollow" onclick="location.href=\'http://47.107.116.139/phpwind/index.php?m=u&c=register\'">\xe7\xab\x8b\xe5\x8d\xb3\xe6\xb3\xa8\xe5\x86\x8c</a></dd>\r\n    </div>\r\n<!--advertisement id=\'Site.Sider.User\' sys=\'1\'/-->\r\n\r\n\t\t\t\t<div class="box_wrap" aria-label="\xe7\x89\x88\xe5\x9d\x97\xe5\x88\x97\xe8\xa1\xa8" role="tablist">\r\n\t\t\t<h2 class="box_title J_sidebar_box_toggle">\xe7\x89\x88\xe5\x9d\x97\xe5\x88\x97\xe8\xa1\xa8</h2>\r\n\t\t\t<div class="forum_menu" >\r\n\t\t\t\t\t\t\t<dl class=" current">\r\n\t\t\t\t\t<dt class="J_sidebar_forum_toggle"><a href="http://47.107.116.139/phpwind/index.php?c=cate&fid=1">\xe6\x96\xb0\xe5\x88\x86\xe7\xb1\xbb</a></dt>\r\n\t\t\t\t\t<dd role="tabpanel">\r\n\t\t\t\t\t\t\t\t\t\t\t\t<p><a class="" href="http://47.107.116.139/phpwind/index.php?c=thread&fid=2">\xe6\x96\xb0\xe7\x89\x88\xe5\x9d\x97</a></p>\r\n\t\t\t\t\t\t\t\t\t\t\t\t<p><a class="" href="http://47.107.116.139/phpwind/index.php?c=thread&fid=3">\xe6\x96\xb0\xe9\x97\xbb\xe6\xa8\xa1\xe5\x9d\x97</a></p>\r\n\t\t\t\t\t\t\t\t\t\t\t</dd>\r\n\t\t\t\t</dl>\r\n\t\t\t\t\t\t\t</div>\r\n\t\t</div>\r\n\r\n \r\n<!--design role="segment" id="linkdemo"/-->\r\n\r\n\t\t\t</div>\r\n\t\t</div>\r\n\t\t<div id="cloudwind_forum_bottom"></div>\r\n\t</div>\r\n\t\r\n<!--.main-wrap,#main End-->\r\n<div class="tac">\r\n <br />\r\n \r\n</div>\r\n<div class="footer_wrap">\r\n\t<div class="footer">\r\n\t\t\r\n\t\t<div class="bottom">\r\n\t\t<a href="http://phpwind.com/about.html">\xe5\x85\xb3\xe4\xba\x8ephpwind</a><a href="http://phpwind.com/contact.html">\xe8\x81\x94\xe7\xb3\xbb\xe6\x88\x91\xe4\xbb\xac</a><a href="http://www.phpwind.net/thread-htm-fid-39.html">\xe7\xa8\x8b\xe5\xba\x8f\xe5\xbb\xba\xe8\xae\xae</a><a href="http://www.phpwind.net/thread-htm-fid-54.html">\xe9\x97\xae\xe9\xa2\x98\xe5\x8f\x8d\xe9\xa6\x88</a>\t\t</div>\r\n\t\t<p>Powered by <a href="http://www.phpwind.net/" target="_blank" rel="nofollow">phpwind v9.0.2</a> &copy;2003-2015 <a href="http://www.phpwind.com" target="_blank" rel="nofollow">phpwind.com</a> <a href="http://www.miitbeian.gov.cn" target="_blank" rel="nofollow"></a></p>\r\n\t\t<p></p>\r\n\t</div>\r\n\t \r\n\t \r\n\t \r\n\t<div id="cloudwind_common_bottom"></div>\r\n\t</div>\r\n\r\n<!--\xe8\xbf\x94\xe5\x9b\x9e\xe9\xa1\xb6\xe9\x83\xa8-->\r\n<a href="#" rel="nofollow" role="button" id="back_top" tabindex="-1">\xe8\xbf\x94\xe5\x9b\x9e\xe9\xa1\xb6\xe9\x83\xa8</a>\r\n\r\n</div>\r\n\r\n<script>\r\nvar FID = \'\';\r\nWind.use(\'jquery\', \'global\', function(){\r\n\tif(GV.U_ID) {\r\n\t\tWind.js(GV.JS_ROOT +\'pages/bbs/threadManage.js?v=\' + GV.JS_VERSION);\r\n\t}\r\n});\r\n</script>\r\n\r\n</body>\r\n</html>'
INFO     requests.session:session.py:36 发送请求>>>>>> 接口地址 = POST http://47.107.116.139/phpwind/index.php?m=u&c=login&a=dorun
INFO     requests.session:session.py:37 发送请求>>>>>> 请求头 = {'User-Agent': 'python-requests/2.28.1', 'Accept-Encoding': 'gzip, deflate, br', 'Accept': 'application/json, text/javascript, /; q=0.01', 'Connection': 'keep-alive', 'X-Requested-With': 'XMLHttpRequest', 'Cookie': 'W2S_lastvisit=0%091675333760%09%2Fphpwind%2F; W2S_visitor=r5cTF708Sjw9Ievv%2FKWsKNCTv4gF%2B9nopY8i0ljN2gSzz%2Fzd3e4Fmw%3D%3D; csrf_token=b89c7b83fc4d5825', 'Content-Length': '108', 'Content-Type': 'application/x-www-form-urlencoded'}
INFO     requests.session:session.py:38 发送请求>>>>>> 请求正文 = backurl=http%3A%2F%2F47.107.116.139%2Fphpwind%2F&csrf_token=b89c7b83fc4d5825&password=beifan&username=beifan
INFO     requests.session:session.py:42 接收响应      <<<<<< 状态码 = 200
INFO     requests.session:session.py:43 接收响应      <<<<<< 响应头 = {'Server': 'nginx', 'Date': 'Thu, 02 Feb 2023 10:29:21 GMT', 'Content-Type': 'text/html; charset=UTF-8', 'Transfer-Encoding': 'chunked', 'Connection': 'keep-alive', 'X-Powered-By': 'PHP/5.6.36', 'Set-Cookie': 'W2S_lastvisit=0%091675333760%09%2Fphpwind%2Findex.php%3Fm%3Du%26c%3Dlogin%26a%3Ddorun; expires=Fri, 02-Feb-2024 10:29:20 GMT; Max-Age=31536000; path=/', 'Content-Encoding': 'gzip', 'Vary': 'Accept-Encoding'}
INFO     requests.session:session.py:44 接收响应      <<<<<< 响应正文 = b'{"referer":"http%3A%2F%2F47.107.116.139%2Fphpwind%2Findex.php%3Fm%3Du%26c%3Dlogin%26a%3Dwelcome%26_statu%3DM0FQUXdya0x6cjc3TzFvSWVVRUpidiUyQkZwSENuJTJCRkEzb1RSNEFyM0FpdkNlVFclMkJhcnJMRyUyQlV0ekdySE5wbjhrfGh0dHA6Ly80Ny4xMDcuMTE2LjEzOS9waHB3aW5kL3w","refresh":false,"state":"success","data":"","html":"","message":[""],"__error":""}'
INFO     root:databases.py:12 sql="select count(1) from report where author='beifan'"
INFO     requests.session:session.py:36 发送请求>>>>>> 接口地址 = GET http://47.107.116.139/phpwind/index.php?m=u&c=login&a=welcome&_statu=M0FQUXdya0x6cjc3TzFvSWVVRUpidiUyQkZwSENuJTJCRkEzb1RSNEFyM0FpdkNlVFclMkJhcnJMRyUyQlV0ekdySE5wbjhrfGh0dHA6Ly80Ny4xMDcuMTE2LjEzOS9waHB3aW5kL3w
INFO     requests.session:session.py:37 发送请求>>>>>> 请求头 = {'User-Agent': 'python-requests/2.28.1', 'Accept-Encoding': 'gzip, deflate, br', 'Accept': '*/*', 'Connection': 'keep-alive', 'Cookie': 'W2S_lastvisit=0%091675333760%09%2Fphpwind%2Findex.php%3Fm%3Du%26c%3Dlogin%26a%3Ddorun; W2S_visitor=r5cTF708Sjw9Ievv%2FKWsKNCTv4gF%2B9nopY8i0ljN2gSzz%2Fzd3e4Fmw%3D%3D; csrf_token=b89c7b83fc4d5825'}
INFO     requests.session:session.py:38 发送请求>>>>>> 请求正文 = None
INFO     requests.session:session.py:36 发送请求>>>>>> 接口地址 = GET http://47.107.116.139/phpwind/
INFO     requests.session:session.py:37 发送请求>>>>>> 请求头 = {'User-Agent': 'python-requests/2.28.1', 'Accept-Encoding': 'gzip, deflate, br', 'Accept': '*/*', 'Connection': 'keep-alive', 'Cookie': 'W2S_lastvisit=1%091675333761%09%2Fphpwind%2Findex.php%3Fm%3Du%26c%3Dlogin%26a%3Dwelcome%26_statu%3DM0FQUXdya0x6cjc3TzFvSWVVRUpidiUyQkZwSENuJTJCRkEzb1RSNEFyM0FpdkNlVFclMkJhcnJMRyUyQlV0ekdySE5wbjhrfGh0dHA6Ly80Ny4xMDcuMTE2LjEzOS9waHB3aW5kL3w; W2S_visitor=xCJZ0f1Lst1zZYKMD3aBZ7GrYsaqXkPug0P5VYStG1Q%3D; csrf_token=b89c7b83fc4d5825; W2S_winduser=3APQwrkLzr77O1oIeUEJbv%2BFpHCn%2BFA3oTR4Ar3AivAJDmvSz%2FP1og%3D%3D'}
INFO     requests.session:session.py:38 发送请求>>>>>> 请求正文 = None
INFO     requests.session:session.py:42 接收响应      <<<<<< 状态码 = 200
INFO     requests.session:session.py:43 接收响应      <<<<<< 响应头 = {'Server': 'nginx', 'Date': 'Thu, 02 Feb 2023 10:29:21 GMT', 'Content-Type': 'text/html;charset=utf-8', 'Transfer-Encoding': 'chunked', 'Connection': 'keep-alive', 'X-Powered-By': 'PHP/5.6.36', 'Set-Cookie': 'W2S_lastvisit=1%091675333761%09%2Fphpwind%2F; expires=Fri, 02-Feb-2024 10:29:21 GMT; Max-Age=31536000; path=/', 'Content-Encoding': 'gzip', 'Vary': 'Accept-Encoding'}
INFO     requests.session:session.py:44 接收响应      <<<<<< 响应正文 = b'<!doctype html>\r\n<html>\r\n<head>\r\n<meta charset="UTF-8" />\r\n<title>\xe6\x9c\xac\xe7\xab\x99\xe6\x96\xb0\xe5\xb8\x96 - phpwind 9.0 - Powered by phpwind</title>\r\n<meta http-equiv="X-UA-Compatible" content="chrome=1">\r\n<meta name="generator" content="phpwind v9.0.2 20161021" />\r\n<meta name="description" content="\xe3\x80\x90phpwind 9.0\xe3\x80\x91\xe4\xb8\xad\xe7\x9a\x84\xe6\x9c\x80\xe6\x96\xb0\xe5\xb8\x96\xe5\xad\x90\xe5\x88\x97\xe8\xa1\xa8" />\r\n<meta name="keywords" content="" />\r\n<link rel="stylesheet" href="http://47.107.116.139/phpwind/themes/site/default/css/dev/core.css?v=20161021" />\r\n<link rel="stylesheet" href="http://47.107.116.139/phpwind/themes/site/default/css/dev/style.css?v=20161021" />\r\n<!-- <base id="headbase" href="http://47.107.116.139/phpwind/" /> -->\r\n<script>\r\n//\xe5\x85\xa8\xe5\xb1\x80\xe5\x8f\x98\xe9\x87\x8f Global Variables\r\nvar GV = {\r\n\tJS_ROOT : \'http://47.107.116.139/phpwind/res/js/dev/\',\t\t\t\t\t\t\t\t\t\t//js\xe7\x9b\xae\xe5\xbd\x95\r\n\tJS_VERSION : \'20161021\',\t\t\t\t\t\t\t\t\t\t\t//js\xe7\x89\x88\xe6\x9c\xac\xe5\x8f\xb7(\xe4\xb8\x8d\xe8\x83\xbd\xe5\xb8\xa6\xe7\xa9\xba\xe6\xa0\xbc)\r\n\tJS_EXTRES : \'http://47.107.116.139/phpwind/themes/extres\',\r\n\tTOKEN : \'b89c7b83fc4d5825\',\t//token $.ajaxSetup data\r\n\tU_CENTER : \'http://47.107.116.139/phpwind/index.php?m=space\',\t\t//\xe7\x94\xa8\xe6\x88\xb7\xe7\xa9\xba\xe9\x97\xb4(\xe5\x8f\x82\xe6\x95\xb0 : uid)\r\n\t//\xe7\x99\xbb\xe5\xbd\x95\xe5\x90\x8e\r\n\tU_NAME : \'beifan\',\t\t\t\t\t\t\t\t\t\t//\xe7\x99\xbb\xe5\xbd\x95\xe7\x94\xa8\xe6\x88\xb7\xe5\x90\x8d\r\n\tU_AVATAR : \'http://47.107.116.139/phpwind/windid/attachment/avatar/000/00/08/877_middle.jpg\',\t\t\t\t\t\t\t//\xe7\x99\xbb\xe5\xbd\x95\xe7\x94\xa8\xe6\x88\xb7\xe5\xa4\xb4\xe5\x83\x8f\r\n\tU_AVATAR_DEF : \'http://47.107.116.139/phpwind/res/images/face/face_small.jpg\',\t\t\t\t\t//\xe9\xbb\x98\xe8\xae\xa4\xe5\xb0\x8f\xe5\xa4\xb4\xe5\x83\x8f\r\n\tU_ID : parseInt(\'877\'),\t\t\t\t\t\t\t\t\t//uid\r\n\tREGION_CONFIG : \'\',\t\t\t\t\t\t\t\t\t\t\t\t\t\t//\xe5\x9c\xb0\xe5\x8c\xba\xe6\x95\xb0\xe6\x8d\xae\r\n\tCREDIT_REWARD_JUDGE : \'1\',\t\t\t//\xe6\x98\xaf\xe5\x90\xa6\xe7\xa7\xaf\xe5\x88\x86\xe5\xa5\x96\xe5\x8a\xb1\xef\xbc\x8c\xe7\xa9\xba\xe5\x80\xbc:false, 1:true\r\n\tURL : {\r\n\t\tLOGIN : \'http://47.107.116.139/phpwind/index.php?m=u&c=login\',\t\t\t\t\t\t\t\t\t\t//\xe7\x99\xbb\xe5\xbd\x95\xe5\x9c\xb0\xe5\x9d\x80\r\n\t\tQUICK_LOGIN : \'http://47.107.116.139/phpwind/index.php?m=u&c=login&a=fast\',\t\t\t\t\t\t\t\t//\xe5\xbf\xab\xe9\x80\x9f\xe7\x99\xbb\xe5\xbd\x95\r\n\t\tIMAGE_RES: \'http://47.107.116.139/phpwind/res/images\',\t\t\t\t\t\t\t\t\t\t//\xe5\x9b\xbe\xe7\x89\x87\xe7\x9b\xae\xe5\xbd\x95\r\n\t\tCHECK_IMG : \'http://47.107.116.139/phpwind/index.php?m=u&c=login&a=showverify\',\t\t\t\t\t\t\t//\xe9\xaa\x8c\xe8\xaf\x81\xe7\xa0\x81\xe5\x9b\xbe\xe7\x89\x87url\xef\xbc\x8cglobal.js\xe5\xbc\x95\xe7\x94\xa8\r\n\t\tVARIFY : \'http://47.107.116.139/phpwind/index.php?m=verify&a=get\',\t\t\t\t\t\t\t\t\t//\xe9\xaa\x8c\xe8\xaf\x81\xe7\xa0\x81html\r\n\t\tVARIFY_CHECK : \'http://47.107.116.139/phpwind/index.php?m=verify&a=check\',\t\t\t\t\t\t\t//\xe9\xaa\x8c\xe8\xaf\x81\xe7\xa0\x81html\r\n\t\tHEAD_MSG : {\r\n\t\t\tLIST : \'http://47.107.116.139/phpwind/index.php?m=message&c=notice&a=minilist\'\t\t\t\t\t\t\t//\xe5\xa4\xb4\xe9\x83\xa8\xe6\xb6\x88\xe6\x81\xaf_\xe5\x88\x97\xe8\xa1\xa8\r\n\t\t},\r\n\t\tUSER_CARD : \'http://47.107.116.139/phpwind/index.php?m=space&c=card\',\t\t\t\t\t\t\t\t//\xe5\xb0\x8f\xe5\x90\x8d\xe7\x89\x87(\xe5\x8f\x82\xe6\x95\xb0 : uid)\r\n\t\tLIKE_FORWARDING : \'http://47.107.116.139/phpwind/index.php?c=post&a=doreply\',\t\t\t\t\t\t\t//\xe5\x96\x9c\xe6\xac\xa2\xe8\xbd\xac\xe5\x8f\x91(\xe5\x8f\x82\xe6\x95\xb0 : fid)\r\n\t\tREGION : \'http://47.107.116.139/phpwind/index.php?m=misc&c=webData&a=area\',\t\t\t\t\t\t\t\t\t//\xe5\x9c\xb0\xe5\x8c\xba\xe6\x95\xb0\xe6\x8d\xae\r\n\t\tSCHOOL : \'http://47.107.116.139/phpwind/index.php?m=misc&c=webData&a=school\',\t\t\t\t\t\t\t\t//\xe5\xad\xa6\xe6\xa0\xa1\xe6\x95\xb0\xe6\x8d\xae\r\n\t\tEMOTIONS : "http://47.107.116.139/phpwind/index.php?m=emotion&type=bbs",\t\t\t\t\t//\xe8\xa1\xa8\xe6\x83\x85\xe6\x95\xb0\xe6\x8d\xae\r\n\t\tCRON_AJAX : \'\',\t\t\t\t\t\t\t\t\t\t\t//\xe8\xae\xa1\xe5\x88\x92\xe4\xbb\xbb\xe5\x8a\xa1 \xe5\x90\x8e\xe7\xab\xaf\xe8\xbe\x93\xe5\x87\xba\xe6\x89\xa7\xe8\xa1\x8c\r\n\t\tFORUM_LIST : \'http://47.107.116.139/phpwind/index.php?c=forum&a=list\',\t\t\t\t\t\t\t\t//\xe7\x89\x88\xe5\x9d\x97\xe5\x88\x97\xe8\xa1\xa8\xe6\x95\xb0\xe6\x8d\xae\r\n\t\tCREDIT_REWARD_DATA : \'http://47.107.116.139/phpwind/index.php?m=u&a=showcredit\',\t\t\t\t\t//\xe7\xa7\xaf\xe5\x88\x86\xe5\xa5\x96\xe5\x8a\xb1 \xe6\x95\xb0\xe6\x8d\xae\r\n\t\tAT_URL: \'http://47.107.116.139/phpwind/index.php?c=remind\',\t\t\t\t\t\t\t\t\t//@\xe5\xa5\xbd\xe5\x8f\x8b\xe5\x88\x97\xe8\xa1\xa8\xe6\x8e\xa5\xe5\x8f\xa3\r\n\t\tTOPIC_TYPIC: \'http://47.107.116.139/phpwind/index.php?c=forum&a=topictype\'\t\t\t\t\t\t\t//\xe4\xb8\xbb\xe9\xa2\x98\xe5\x88\x86\xe7\xb1\xbb\r\n\t}\r\n};\r\n</script>\r\n<script src="http://47.107.116.139/phpwind/res/js/dev/wind.js?v=20161021"></script>\r\n<link href="http://47.107.116.139/phpwind/themes/site/default/css/dev/forum.css?v=20161021" rel="stylesheet" />\r\n</head>\r\n<body>\r\n<style type="text/css">\r\n</style><div class="wrap">\r\n<header class="header_wrap">\r\n\t<div id="J_header" class="header cc">\r\n\t\t<div class="logo">\r\n\t\t\t<a href="http://47.107.116.139/phpwind/">\r\n\t\t\t\t\t\t\t\t<img src="http://47.107.116.139/phpwind/themes/site/default/images/logo.png" alt="phpwind 9.0">\r\n\t\t\t\t\t\t\t</a>\r\n\t\t</div>\r\n\t\t<nav class="nav_wrap">\r\n\t\t\t<div class="nav">\r\n\t\t\t\t<ul>\r\n\t\t\t\t\t\t<li class="current"><a href="index.php?m=bbs">\xe8\xae\xba\xe5\x9d\x9b</a></li>\r\n\t\t\t\t\t\t<li class=""><a href="index.php?m=bbs&c=forumlist">\xe7\x89\x88\xe5\x9d\x97</a></li>\r\n\t\t\t\t\t\t<li class=""><a href="index.php?m=like&c=like">\xe5\x96\x9c\xe6\xac\xa2</a></li>\r\n\t\t\t\t\t\t<li class=""><a href="index.php?m=tag">\xe8\xaf\x9d\xe9\xa2\x98</a></li>\r\n\t\t\t\t\t</ul>\r\n\t\t\t</div>\r\n\t\t</nav>\r\n\t\t\t\t<div class="header_search" role="search">\r\n\t\t\t<form action="http://47.107.116.139/phpwind/index.php?m=search&c=s" method="post">\r\n\t\t\t\t<input type="text" id="s" aria-label="\xe6\x90\x9c\xe7\xb4\xa2\xe5\x85\xb3\xe9\x94\xae\xe8\xaf\x8d" accesskey="s" placeholder="\xe6\x90\x9c\xe7\xb4\xa2\xe5\x85\xb6\xe5\xae\x9e\xe5\xbe\x88\xe7\xae\x80\xe5\x8d\x95" x-webkit-speech speech name="keyword"/>\r\n\t\t\t\t<button type="submit" aria-label="\xe6\x90\x9c\xe7\xb4\xa2"><span>\xe6\x90\x9c\xe7\xb4\xa2</span></button>\r\n\t\t\t<input type="hidden" name="csrf_token" value="b89c7b83fc4d5825"/><input type="hidden" name="csrf_token" value="b89c7b83fc4d5825"/></form>\r\n\t\t</div>\r\n\t\t\t<a class="header_login_btn" id="J_head_forum_post" role="button" aria-label="\xe5\xbf\xab\xe9\x80\x9f\xe5\x8f\x91\xe5\xb8\x96" aria-haspopup="J_head_forum_pop" href="#" title="\xe5\xbf\xab\xe9\x80\x9f\xe5\x8f\x91\xe5\xb8\x96" tabindex="-1"><span class="inside"><span class="header_post" >\xe5\x8f\x91\xe5\xb8\x96</span></span></a>\r\n\t<div id="J_head_forum_pop" tabindex="0" class="pop_select_forum" style="display:none;" aria-label="\xe5\xbf\xab\xe9\x80\x9f\xe5\x8f\x91\xe5\xb8\x96\xe8\x8f\x9c\xe5\x8d\x95,\xe6\x8c\x89ESC\xe9\x94\xae\xe5\x85\xb3\xe9\x97\xad\xe8\x8f\x9c\xe5\x8d\x95">\r\n\t\t<a id="J_head_forum_close" href="#" class="pop_close" role="button">\xe5\x85\xb3\xe9\x97\xad\xe7\xaa\x97\xe5\x8f\xa3</a>\r\n\t\t<div class="core_arrow_top" style="left:310px;"><em></em><span></span></div>\r\n\t\t<div class="hd">\xe5\x8f\x91\xe5\xb8\x96\xe5\x88\xb0\xe5\x85\xb6\xe4\xbb\x96\xe7\x89\x88\xe5\x9d\x97</div>\r\n\t\t<div id="J_head_forum_ct" class="ct cc" data-fid="0" data-cid="0">\r\n\t\t\t<div class="pop_loading"></div>\r\n\t\t</div>\r\n\t\t<div class="ft">\r\n\t\t\t<div class="associate">\r\n\t\t\t\t<label class="fr"><input type="checkbox" id="J_head_forum_join" data-url="http://47.107.116.139/phpwind/index.php?c=forum&a=join">\xe6\xb7\xbb\xe5\x8a\xa0\xe5\x88\xb0\xe6\x88\x91\xe7\x9a\x84\xe7\x89\x88\xe5\x9d\x97</label>\r\n\t\t\t\t\xe5\x8f\x91\xe5\xb8\x96\xe5\x88\xb0\xef\xbc\x9a<span id="J_post_to_forum"></span>\r\n\t\t\t</div>\r\n\t\t\t<div class="tac">\r\n\t\t\t\t<button type="button" class="btn btn_submit disabled" disabled="disabled" id="J_head_forum_sub" data-url="http://47.107.116.139/phpwind/index.php?c=post">\xe7\xa1\xae\xe5\xae\x9a</button>\r\n\t\t\t</div>\r\n\t\t</div>\r\n\t</div>\r\n\t\t<a class="header_login_btn" id="J_head_msg_btn" tabindex="0" href="http://47.107.116.139/phpwind/index.php?m=message&c=message" aria-haspopup="J_head_msg_pop" aria-label="\xe6\xb6\x88\xe6\x81\xaf\xe8\x8f\x9c\xe5\x8d\x95,\xe6\x8c\x89pagedown\xe6\x89\x93\xe5\xbc\x80\xe8\x8f\x9c\xe5\x8d\x95,tab\xe9\x94\xae\xe5\xaf\xbc\xe8\x88\xaa,esc\xe9\x94\xae\xe5\x85\xb3\xe9\x97\xad"><span class="inside"><span class="header_message">\xe6\xb6\x88\xe6\x81\xaf<em class="core_num J_hm_num">5</em></span></span></a>\r\n\t<!--\xe6\xb6\x88\xe6\x81\xaf\xe4\xb8\x8b\xe6\x8b\x89\xe8\x8f\x9c\xe5\x8d\x95-->\r\n\t<div id="J_head_msg_pop" tabindex="0" aria-label="\xe6\xb6\x88\xe6\x81\xaf\xe4\xb8\x8b\xe6\x8b\x89\xe8\x8f\x9c\xe5\x8d\x95,\xe6\x8c\x89ESC\xe9\x94\xae\xe5\x85\xb3\xe9\x97\xad\xe8\x8f\x9c\xe5\x8d\x95" class="header_menu_wrap my_message_menu" style="display:none;">\r\n\t\t<div class="header_menu cc">\r\n\t\t\t<div class="header_menu_hd" id="J_head_pl_hm"><span class="header_message header_message_down">\xe6\xb6\x88\xe6\x81\xaf<em class="core_num J_hm_num">5</em></span></div>\r\n\t\t\t<div id="J_head_msg" class="my_message_content"><div class="pop_loading"></div></div>\r\n\t\t</div>\r\n\t</div>\r\n\t<div class="header_login_later">\r\n\t\t\t\t<a aria-haspopup="J_head_user_menu" aria-label="\xe4\xb8\xaa\xe4\xba\xba\xe5\x8a\x9f\xe8\x83\xbd\xe8\x8f\x9c\xe5\x8d\x95,\xe6\x8c\x89pagedown\xe6\x89\x93\xe5\xbc\x80\xe8\x8f\x9c\xe5\x8d\x95,tab\xe9\x94\xae\xe5\xaf\xbc\xe8\x88\xaa,esc\xe9\x94\xae\xe5\x85\xb3\xe9\x97\xad" tabindex="0" rel="nofollow" href="http://47.107.116.139/phpwind/index.php?m=space&uid=877" id="J_head_user_a" class="username" title="beifan">beifan<em class="core_arrow"></em></a>\r\n\t\t\t\t<div class="fl">\r\n\t\t<div id="J_head_user_menu" role="menu" class="header_menu_wrap my_menu_wrap" style="display:none;">\r\n\t\t\t<div class="header_menu my_menu cc">\r\n\t\t\t\t<div class="header_menu_hd" id="J_head_pl_user"><span title="beifan" class="username">beifan</span><em class="core_arrow_up"></em></div>\r\n\t\t\t\t<ul class="ct cc">\r\n\t\t\t\t\t\t\t\t\t<li><a href="index.php?m=space"><em class="icon_space"></em>\xe6\x88\x91\xe7\x9a\x84\xe7\xa9\xba\xe9\x97\xb4</a></li>\r\n\t\t\t\t\t\t\t\t\t<li><a href="index.php?m=my&c=fresh"><em class="icon_fresh"></em>\xe6\x88\x91\xe7\x9a\x84\xe5\x85\xb3\xe6\xb3\xa8</a></li>\r\n\t\t\t\t\t\t\t\t\t<li><a href="index.php?m=bbs&c=forum&a=my"><em class="icon_forum"></em>\xe6\x88\x91\xe7\x9a\x84\xe7\x89\x88\xe5\x9d\x97</a></li>\r\n\t\t\t\t\t\t\t\t\t<li><a href="index.php?m=my&c=article"><em class="icon_article"></em>\xe6\x88\x91\xe7\x9a\x84\xe5\xb8\x96\xe5\xad\x90</a></li>\r\n\t\t\t\t\t\t\t\t\t<li><a href="index.php?m=vote&c=my"><em class="icon_vote"></em>\xe6\x88\x91\xe7\x9a\x84\xe6\x8a\x95\xe7\xa5\xa8</a></li>\r\n\t\t\t\t\t\t\t\t\t<li><a href="index.php?m=task"><em class="icon_task"></em>\xe6\x88\x91\xe7\x9a\x84\xe4\xbb\xbb\xe5\x8a\xa1</a></li>\r\n\t\t\t\t\t\t\t\t\t<li><a href="index.php?m=medal"><em class="icon_medal"></em>\xe6\x88\x91\xe7\x9a\x84\xe5\x8b\x8b\xe7\xab\xa0</a></li>\r\n\t\t\t\t\t\t\t\t</ul>\r\n\t\t\t\t<ul class="ft cc">\r\n\t\t\t\t\t<li><a href="http://47.107.116.139/phpwind/index.php?m=profile"><em class="icon_profile"></em>\xe4\xb8\xaa\xe4\xba\xba\xe8\xae\xbe\xe7\xbd\xae</a></li>\r\n\t\t\t\t\t\t\t\t\t\t<li><a href="http://47.107.116.139/phpwind/index.php?m=u&c=login&a=logout" rel="nofollow"><em class="icon_quit"></em>\xe9\x80\x80\xe5\x87\xba</a></li>\r\n\t\t\t\t</ul>\r\n\t\t\t</div>\r\n\t\t</div>\r\n\t\t</div>\r\n\t</div>\r\n\t\t<audio autoplay="autoplay">\r\n\t\t<source src="http://47.107.116.139/phpwind/themes/site/default/images/message/msg.wav" type="audio/wav" />\r\n\t\t<source src="http://47.107.116.139/phpwind/themes/site/default/images/message/msg.mp3" type="audio/mp3" />\r\n\t\t<div style=\'overflow:hidden;width:0;float:left\'><embed src=\'http://47.107.116.139/phpwind/themes/site/default/images/message/msg.wav\' width=\'0\' height=\'0\' AutoStart=\'true\' type=\'application/x-mplayer2\'></embed></div>\r\n\t</audio>\r\n\t\r\n\t</div>\r\n</header>\r\n<div class="tac"> </div>\r\n\t<div class="main_wrap">\r\n\t\t\r\n\t\t<div class="bread_crumb" id="bread_crumb">\r\n\t\t\t<a href="http://47.107.116.139/phpwind/" class="home" title="phpwind 9.0">\xe9\xa6\x96\xe9\xa1\xb5</a><em>&gt;</em><a href="http://47.107.116.139/phpwind/">\xe6\x9c\xac\xe7\xab\x99\xe6\x96\xb0\xe5\xb8\x96</a>\r\n\t\t</div>\r\n\t\t\r\n\t\t<div id="cloudwind_forum_top"></div>\r\n\t\t<div class="main cc">\r\n\t\t\t<div class="main_body">\r\n\t\t\t\t<div class="main_content cc">\r\n\t\t\t\t\t\r\n\t\t\t\t\t \r\n\t\t\t\t\t<div class="box_wrap thread_page J_check_wrap">\r\n\t\t\t\t\t\t<nav>\r\n\t\t\t\t\t\t\t<div class="content_nav" id="hashpos_ttype">\r\n\t\t\t\t\t\t\t\t<div class="content_filter"><a href="http://47.107.116.139/phpwind/index.php?order=postdate" class="">\xe6\x9c\x80\xe6\x96\xb0\xe5\x8f\x91\xe5\xb8\x96</a><span>|</span><a href="http://47.107.116.139/phpwind/index.php?order=lastpost" class=" current">\xe6\x9c\x80\xe5\x90\x8e\xe5\x9b\x9e\xe5\xa4\x8d</a></div>\r\n\t\t\t\t\t\t\t\t<ul>\r\n\t\t\t\t\t\t\t\t\t<li class="current"><a href="http://47.107.116.139/phpwind/index.php?order=lastpost">\xe6\x9c\xac\xe7\xab\x99\xe6\x96\xb0\xe5\xb8\x96</a></li>\r\n\t\t\t\t\t\t\t\t\t<li><a rel="nofollow" href="http://47.107.116.139/phpwind/index.php?c=forum&a=my">\xe6\x88\x91\xe7\x9a\x84\xe7\x89\x88\xe5\x9d\x97</a></li>\t\t\t\t\t\t\t\t</ul>\r\n\t\t\t\t\t\t\t</div>\r\n\t\t\t\t\t\t</nav>\r\n\t\t\t\t\t\t<!--\xe5\x85\xac\xe5\x91\x8a-->\r\n\t\t\t\t\t\t\t\t\t\t\t\t<!--\xe5\x85\xac\xe5\x91\x8a\xe7\xbb\x93\xe6\x9d\x9f-->\r\n\t\t\t\t\t\t\t\t\t\t\t\t<div class="thread_posts_list">\r\n\t\t\t\t\t\t\t<table width="100%" id="J_posts_list" summary="\xe5\xb8\x96\xe5\xad\x90\xe5\x88\x97\xe8\xa1\xa8">\r\n\t\t\t\t\t\t\t\t\t\t\t\t\t\t\t\t<tr>\r\n\t\t\t\t\t\t\t\t\t<td class="author"><a class="J_user_card_show" data-uid="10611" href="http://47.107.116.139/phpwind/index.php?m=space&uid=10611"><img src="http://47.107.116.139/phpwind/windid/attachment/avatar/000/01/06/10611_small.jpg" onerror="this.onerror=null;this.src=\'http://47.107.116.139/phpwind/res/images/face/face_small.jpg\'" width="45" height="45" alt="samu" /></a></td>\r\n\t\t\t\t\t\t\t\t\t<td class="subject">\r\n\t\t\t\t\t\t\t\t\t\t<p class="title">\r\n\t\t\t\t\t\t\t\t\t\t\t\t\t\t\t\t\t\t\t\t\t\t<a href="http://47.107.116.139/phpwind/read.php?tid=15653&fid=2" target="_blank"><span class="posts_icon"><i class="icon_topic" title="\xe6\x99\xae\xe9\x80\x9a\xe5\xb8\x96  \xe6\x96\xb0\xe7\xaa\x97\xe5\x8f\xa3\xe6\x89\x93\xe5\xbc\x80"></i></span></a>\r\n\t\t\t\t\t\t\t\t\t\t\t\t\t\t\t\t\t\t\t\t\t\t<a href="http://47.107.116.139/phpwind/index.php?c=thread&fid=2" class="st">[\xe6\x96\xb0\xe7\x89\x88\xe5\x9d\x97]</a>\r\n\t\t\t\t\t\t\t\t\t\t\t\t\t\t\t\t\t\t\t\t\t\t<a href="http://47.107.116.139/phpwind/read.php?tid=15653&fid=2" class="st" style="" title="pytest_1675325097.6695313">pytest_1675325097.6695313</a>\r\n\t\t\t\t\t\t\t\t\t\t\t\t\t\t\t\t\t\t\t\t\t</p>\r\n\t\t\t\t\t\t\t\t\t\t<p class="info">\r\n\t\t\t\t\t\t\t\t\t\t\t\xe6\xa5\xbc\xe4\xb8\xbb\xef\xbc\x9a<a class="J_user_card_show" data-uid="10611" href="http://47.107.116.139/phpwind/index.php?m=space&uid=10611">samu</a><span>2023-02-02</span>\r\n\t\t\t\t\t\t\t\t\t\t\t\xe6\x9c\x80\xe5\x90\x8e\xe5\x9b\x9e\xe5\xa4\x8d\xef\xbc\x9a<a class="J_user_card_show" data-uid="10611" href="http://47.107.116.139/phpwind/index.php?m=space&uid=10611">samu</a><span><a href="http://47.107.116.139/phpwind/read.php?tid=15653&fid=2&page=e#a" rel="nofollow" aria-label="\xe6\x9c\x80\xe5\x90\x8e\xe5\x9b\x9e\xe5\xa4\x8d\xe6\x97\xb6\xe9\x97\xb4">02-02 16:05</a></span>\r\n\t\t\t\t\t\t\t\t\t\t</p>\r\n\t\t\t\t\t\t\t\t\t</td>\r\n\t\t\t\t\t\t\t\t\t<td class="num">\r\n\t\t\t\t\t\t\t\t\t\t<span>\xe5\x9b\x9e\xe5\xa4\x8d<em>1</em></span>\r\n\t\t\t\t\t\t\t\t\t\t<span>\xe6\xb5\x8f\xe8\xa7\x88<em>1</em></span>\r\n\t\t\t\t\t\t\t\t\t</td>\r\n\t\t\t\t\t\t\t\t</tr>\r\n\t\t\t\t\t\t\t\t\t\t\t\t\t\t\t\t<tr>\r\n\t\t\t\t\t\t\t\t\t<td class="author"><a class="J_user_card_show" data-uid="10611" href="http://47.107.116.139/phpwind/index.php?m=space&uid=10611"><img src="http://47.107.116.139/phpwind/windid/attachment/avatar/000/01/06/10611_small.jpg" onerror="this.onerror=null;this.src=\'http://47.107.116.139/phpwind/res/images/face/face_small.jpg\'" width="45" height="45" alt="samu" /></a></td>\r\n\t\t\t\t\t\t\t\t\t<td class="subject">\r\n\t\t\t\t\t\t\t\t\t\t<p class="title">\r\n\t\t\t\t\t\t\t\t\t\t\t\t\t\t\t\t\t\t\t\t\t\t<a href="http://47.107.116.139/phpwind/read.php?tid=15652&fid=2" target="_blank"><span class="posts_icon"><i class="icon_topic" title="\xe6\x99\xae\xe9\x80\x9a\xe5\xb8\x96  \xe6\x96\xb0\xe7\xaa\x97\xe5\x8f\xa3\xe6\x89\x93\xe5\xbc\x80"></i></span></a>\r\n\t\t\t\t\t\t\t\t\t\t\t\t\t\t\t\t\t\t\t\t\t\t<a href="http://47.107.116.139/phpwind/index.php?c=thread&fid=2" class="st">[\xe6\x96\xb0\xe7\x89\x88\xe5\x9d\x97]</a>\r\n\t\t\t\t\t\t\t\t\t\t\t\t\t\t\t\t\t\t\t\t\t\t<a href="http://47.107.116.139/phpwind/read.php?tid=15652&fid=2" class="st" style="" title="pytest_1675324607.5379455">pytest_1675324607.5379455</a>\r\n\t\t\t\t\t\t\t\t\t\t\t\t\t\t\t\t\t\t\t\t\t</p>\r\n\t\t\t\t\t\t\t\t\t\t<p class="info">\r\n\t\t\t\t\t\t\t\t\t\t\t\xe6\xa5\xbc\xe4\xb8\xbb\xef\xbc\x9a<a class="J_user_card_show" data-uid="10611" href="http://47.107.116.139/phpwind/index.php?m=space&uid=10611">samu</a><span>2023-02-02</span>\r\n\t\t\t\t\t\t\t\t\t\t\t\xe6\x9c\x80\xe5\x90\x8e\xe5\x9b\x9e\xe5\xa4\x8d\xef\xbc\x9a<a class="J_user_card_show" data-uid="10611" href="http://47.107.116.139/phpwind/index.php?m=space&uid=10611">samu</a><span><a href="http://47.107.116.139/phpwind/read.php?tid=15652&fid=2&page=e#a" rel="nofollow" aria-label="\xe6\x9c\x80\xe5\x90\x8e\xe5\x9b\x9e\xe5\xa4\x8d\xe6\x97\xb6\xe9\x97\xb4">02-02 15:56</a></span>\r\n\t\t\t\t\t\t\t\t\t\t</p>\r\n\t\t\t\t\t\t\t\t\t</td>\r\n\t\t\t\t\t\t\t\t\t<td class="num">\r\n\t\t\t\t\t\t\t\t\t\t<span>\xe5\x9b\x9e\xe5\xa4\x8d<em>1</em></span>\r\n\t\t\t\t\t\t\t\t\t\t<span>\xe6\xb5\x8f\xe8\xa7\x88<em>1</em></span>\r\n\t\t\t\t\t\t\t\t\t</td>\r\n\t\t\t\t\t\t\t\t</tr>\r\n\t\t\t\t\t\t\t\t\t\t\t\t\t\t\t\t<tr>\r\n\t\t\t\t\t\t\t\t\t<td class="author"><a class="J_user_card_show" data-uid="10611" href="http://47.107.116.139/phpwind/index.php?m=space&uid=10611"><img src="http://47.107.116.139/phpwind/windid/attachment/avatar/000/01/06/10611_small.jpg" onerror="this.onerror=null;this.src=\'http://47.107.116.139/phpwind/res/images/face/face_small.jpg\'" width="45" height="45" alt="samu" /></a></td>\r\n\t\t\t\t\t\t\t\t\t<td class="subject">\r\n\t\t\t\t\t\t\t\t\t\t<p class="title">\r\n\t\t\t\t\t\t\t\t\t\t\t\t\t\t\t\t\t\t\t\t\t\t<a href="http://47.107.116.139/phpwind/read.php?tid=15651&fid=2" target="_blank"><span class="posts_icon"><i class="icon_topic" title="\xe6\x99\xae\xe9\x80\x9a\xe5\xb8\x96  \xe6\x96\xb0\xe7\xaa\x97\xe5\x8f\xa3\xe6\x89\x93\xe5\xbc\x80"></i></span></a>\r\n\t\t\t\t\t\t\t\t\t\t\t\t\t\t\t\t\t\t\t\t\t\t<a href="http://47.107.116.139/phpwind/index.php?c=thread&fid=2" class="st">[\xe6\x96\xb0\xe7\x89\x88\xe5\x9d\x97]</a>\r\n\t\t\t\t\t\t\t\t\t\t\t\t\t\t\t\t\t\t\t\t\t\t<a href="http://47.107.116.139/phpwind/read.php?tid=15651&fid=2" class="st" style="" title="pytest_1675324369.6978676">pytest_1675324369.6978676</a>\r\n\t\t\t\t\t\t\t\t\t\t\t\t\t\t\t\t\t\t\t\t\t</p>\r\n\t\t\t\t\t\t\t\t\t\t<p class="info">\r\n\t\t\t\t\t\t\t\t\t\t\t\xe6\xa5\xbc\xe4\xb8\xbb\xef\xbc\x9a<a class="J_user_card_show" data-uid="10611" href="http://47.107.116.139/phpwind/index.php?m=space&uid=10611">samu</a><span>2023-02-02</span>\r\n\t\t\t\t\t\t\t\t\t\t\t\xe6\x9c\x80\xe5\x90\x8e\xe5\x9b\x9e\xe5\xa4\x8d\xef\xbc\x9a<a class="J_user_card_show" data-uid="10611" href="http://47.107.116.139/phpwind/index.php?m=space&uid=10611">samu</a><span><a href="http://47.107.116.139/phpwind/read.php?tid=15651&fid=2&page=e#a" rel="nofollow" aria-label="\xe6\x9c\x80\xe5\x90\x8e\xe5\x9b\x9e\xe5\xa4\x8d\xe6\x97\xb6\xe9\x97\xb4">02-02 15:52</a></span>\r\n\t\t\t\t\t\t\t\t\t\t</p>\r\n\t\t\t\t\t\t\t\t\t</td>\r\n\t\t\t\t\t\t\t\t\t<td class="num">\r\n\t\t\t\t\t\t\t\t\t\t<span>\xe5\x9b\x9e\xe5\xa4\x8d<em>1</em></span>\r\n\t\t\t\t\t\t\t\t\t\t<span>\xe6\xb5\x8f\xe8\xa7\x88<em>1</em></span>\r\n\t\t\t\t\t\t\t\t\t</td>\r\n\t\t\t\t\t\t\t\t</tr>\r\n\t\t\t\t\t\t\t\t\t\t\t\t\t\t\t\t<tr>\r\n\t\t\t\t\t\t\t\t\t<td class="author"><a class="J_user_card_show" data-uid="10611" href="http://47.107.116.139/phpwind/index.php?m=space&uid=10611"><img src="http://47.107.116.139/phpwind/windid/attachment/avatar/000/01/06/10611_small.jpg" onerror="this.onerror=null;this.src=\'http://47.107.116.139/phpwind/res/images/face/face_small.jpg\'" width="45" height="45" alt="samu" /></a></td>\r\n\t\t\t\t\t\t\t\t\t<td class="subject">\r\n\t\t\t\t\t\t\t\t\t\t<p class="title">\r\n\t\t\t\t\t\t\t\t\t\t\t\t\t\t\t\t\t\t\t\t\t\t<a href="http://47.107.116.139/phpwind/read.php?tid=15650&fid=2" target="_blank"><span class="posts_icon"><i class="icon_topic" title="\xe6\x99\xae\xe9\x80\x9a\xe5\xb8\x96  \xe6\x96\xb0\xe7\xaa\x97\xe5\x8f\xa3\xe6\x89\x93\xe5\xbc\x80"></i></span></a>\r\n\t\t\t\t\t\t\t\t\t\t\t\t\t\t\t\t\t\t\t\t\t\t<a href="http://47.107.116.139/phpwind/index.php?c=thread&fid=2" class="st">[\xe6\x96\xb0\xe7\x89\x88\xe5\x9d\x97]</a>\r\n\t\t\t\t\t\t\t\t\t\t\t\t\t\t\t\t\t\t\t\t\t\t<a href="http://47.107.116.139/phpwind/read.php?tid=15650&fid=2" class="st" style="" title="pytest_1675324320.347515">pytest_1675324320.347515</a>\r\n\t\t\t\t\t\t\t\t\t\t\t\t\t\t\t\t\t\t\t\t\t</p>\r\n\t\t\t\t\t\t\t\t\t\t<p class="info">\r\n\t\t\t\t\t\t\t\t\t\t\t\xe6\xa5\xbc\xe4\xb8\xbb\xef\xbc\x9a<a class="J_user_card_show" data-uid="10611" href="http://47.107.116.139/phpwind/index.php?m=space&uid=10611">samu</a><span>2023-02-02</span>\r\n\t\t\t\t\t\t\t\t\t\t\t\xe6\x9c\x80\xe5\x90\x8e\xe5\x9b\x9e\xe5\xa4\x8d\xef\xbc\x9a<a class="J_user_card_show" data-uid="10611" href="http://47.107.116.139/phpwind/index.php?m=space&uid=10611">samu</a><span><a href="http://47.107.116.139/phpwind/read.php?tid=15650&fid=2&page=e#a" rel="nofollow" aria-label="\xe6\x9c\x80\xe5\x90\x8e\xe5\x9b\x9e\xe5\xa4\x8d\xe6\x97\xb6\xe9\x97\xb4">02-02 15:52</a></span>\r\n\t\t\t\t\t\t\t\t\t\t</p>\r\n\t\t\t\t\t\t\t\t\t</td>\r\n\t\t\t\t\t\t\t\t\t<td class="num">\r\n\t\t\t\t\t\t\t\t\t\t<span>\xe5\x9b\x9e\xe5\xa4\x8d<em>1</em></span>\r\n\t\t\t\t\t\t\t\t\t\t<span>\xe6\xb5\x8f\xe8\xa7\x88<em>1</em></span>\r\n\t\t\t\t\t\t\t\t\t</td>\r\n\t\t\t\t\t\t\t\t</tr>\r\n\t\t\t\t\t\t\t\t\t\t\t\t\t\t\t\t<tr>\r\n\t\t\t\t\t\t\t\t\t<td class="author"><a class="J_user_card_show" data-uid="10611" href="http://47.107.116.139/phpwind/index.php?m=space&uid=10611"><img src="http://47.107.116.139/phpwind/windid/attachment/avatar/000/01/06/10611_small.jpg" onerror="this.onerror=null;this.src=\'http://47.107.116.139/phpwind/res/images/face/face_small.jpg\'" width="45" height="45" alt="samu" /></a></td>\r\n\t\t\t\t\t\t\t\t\t<td class="subject">\r\n\t\t\t\t\t\t\t\t\t\t<p class="title">\r\n\t\t\t\t\t\t\t\t\t\t\t\t\t\t\t\t\t\t\t\t\t\t<a href="http://47.107.116.139/phpwind/read.php?tid=15649&fid=2" target="_blank"><span class="posts_icon"><i class="icon_topic" title="\xe6\x99\xae\xe9\x80\x9a\xe5\xb8\x96  \xe6\x96\xb0\xe7\xaa\x97\xe5\x8f\xa3\xe6\x89\x93\xe5\xbc\x80"></i></span></a>\r\n\t\t\t\t\t\t\t\t\t\t\t\t\t\t\t\t\t\t\t\t\t\t<a href="http://47.107.116.139/phpwind/index.php?c=thread&fid=2" class="st">[\xe6\x96\xb0\xe7\x89\x88\xe5\x9d\x97]</a>\r\n\t\t\t\t\t\t\t\t\t\t\t\t\t\t\t\t\t\t\t\t\t\t<a href="http://47.107.116.139/phpwind/read.php?tid=15649&fid=2" class="st" style="" title="pytest_1675324268.7471006">pytest_1675324268.7471006</a>\r\n\t\t\t\t\t\t\t\t\t\t\t\t\t\t\t\t\t\t\t\t\t</p>\r\n\t\t\t\t\t\t\t\t\t\t<p class="info">\r\n\t\t\t\t\t\t\t\t\t\t\t\xe6\xa5\xbc\xe4\xb8\xbb\xef\xbc\x9a<a class="J_user_card_show" data-uid="10611" href="http://47.107.116.139/phpwind/index.php?m=space&uid=10611">samu</a><span>2023-02-02</span>\r\n\t\t\t\t\t\t\t\t\t\t\t\xe6\x9c\x80\xe5\x90\x8e\xe5\x9b\x9e\xe5\xa4\x8d\xef\xbc\x9a<a class="J_user_card_show" data-uid="10611" href="http://47.107.116.139/phpwind/index.php?m=space&uid=10611">samu</a><span><a href="http://47.107.116.139/phpwind/read.php?tid=15649&fid=2&page=e#a" rel="nofollow" aria-label="\xe6\x9c\x80\xe5\x90\x8e\xe5\x9b\x9e\xe5\xa4\x8d\xe6\x97\xb6\xe9\x97\xb4">02-02 15:51</a></span>\r\n\t\t\t\t\t\t\t\t\t\t</p>\r\n\t\t\t\t\t\t\t\t\t</td>\r\n\t\t\t\t\t\t\t\t\t<td class="num">\r\n\t\t\t\t\t\t\t\t\t\t<span>\xe5\x9b\x9e\xe5\xa4\x8d<em>1</em></span>\r\n\t\t\t\t\t\t\t\t\t\t<span>\xe6\xb5\x8f\xe8\xa7\x88<em>1</em></span>\r\n\t\t\t\t\t\t\t\t\t</td>\r\n\t\t\t\t\t\t\t\t</tr>\r\n\t\t\t\t\t\t\t\t\t\t\t\t\t\t\t\t<tr>\r\n\t\t\t\t\t\t\t\t\t<td class="author"><a class="J_user_card_show" data-uid="10611" href="http://47.107.116.139/phpwind/index.php?m=space&uid=10611"><img src="http://47.107.116.139/phpwind/windid/attachment/avatar/000/01/06/10611_small.jpg" onerror="this.onerror=null;this.src=\'http://47.107.116.139/phpwind/res/images/face/face_small.jpg\'" width="45" height="45" alt="samu" /></a></td>\r\n\t\t\t\t\t\t\t\t\t<td class="subject">\r\n\t\t\t\t\t\t\t\t\t\t<p class="title">\r\n\t\t\t\t\t\t\t\t\t\t\t\t\t\t\t\t\t\t\t\t\t\t<a href="http://47.107.116.139/phpwind/read.php?tid=15648&fid=2" target="_blank"><span class="posts_icon"><i class="icon_topic" title="\xe6\x99\xae\xe9\x80\x9a\xe5\xb8\x96  \xe6\x96\xb0\xe7\xaa\x97\xe5\x8f\xa3\xe6\x89\x93\xe5\xbc\x80"></i></span></a>\r\n\t\t\t\t\t\t\t\t\t\t\t\t\t\t\t\t\t\t\t\t\t\t<a href="http://47.107.116.139/phpwind/index.php?c=thread&fid=2" class="st">[\xe6\x96\xb0\xe7\x89\x88\xe5\x9d\x97]</a>\r\n\t\t\t\t\t\t\t\t\t\t\t\t\t\t\t\t\t\t\t\t\t\t<a href="http://47.107.116.139/phpwind/read.php?tid=15648&fid=2" class="st" style="" title="pytest_1675324219.9098566">pytest_1675324219.9098566</a>\r\n\t\t\t\t\t\t\t\t\t\t\t\t\t\t\t\t\t\t\t\t\t</p>\r\n\t\t\t\t\t\t\t\t\t\t<p class="info">\r\n\t\t\t\t\t\t\t\t\t\t\t\xe6\xa5\xbc\xe4\xb8\xbb\xef\xbc\x9a<a class="J_user_card_show" data-uid="10611" href="http://47.107.116.139/phpwind/index.php?m=space&uid=10611">samu</a><span>2023-02-02</span>\r\n\t\t\t\t\t\t\t\t\t\t\t\xe6\x9c\x80\xe5\x90\x8e\xe5\x9b\x9e\xe5\xa4\x8d\xef\xbc\x9a<a class="J_user_card_show" data-uid="10611" href="http://47.107.116.139/phpwind/index.php?m=space&uid=10611">samu</a><span><a href="http://47.107.116.139/phpwind/read.php?tid=15648&fid=2&page=e#a" rel="nofollow" aria-label="\xe6\x9c\x80\xe5\x90\x8e\xe5\x9b\x9e\xe5\xa4\x8d\xe6\x97\xb6\xe9\x97\xb4">02-02 15:50</a></span>\r\n\t\t\t\t\t\t\t\t\t\t</p>\r\n\t\t\t\t\t\t\t\t\t</td>\r\n\t\t\t\t\t\t\t\t\t<td class="num">\r\n\t\t\t\t\t\t\t\t\t\t<span>\xe5\x9b\x9e\xe5\xa4\x8d<em>1</em></span>\r\n\t\t\t\t\t\t\t\t\t\t<span>\xe6\xb5\x8f\xe8\xa7\x88<em>1</em></span>\r\n\t\t\t\t\t\t\t\t\t</td>\r\n\t\t\t\t\t\t\t\t</tr>\r\n\t\t\t\t\t\t\t\t\t\t\t\t\t\t\t\t<tr>\r\n\t\t\t\t\t\t\t\t\t<td class="author"><a class="J_user_card_show" data-uid="10611" href="http://47.107.116.139/phpwind/index.php?m=space&uid=10611"><img src="http://47.107.116.139/phpwind/windid/attachment/avatar/000/01/06/10611_small.jpg" onerror="this.onerror=null;this.src=\'http://47.107.116.139/phpwind/res/images/face/face_small.jpg\'" width="45" height="45" alt="samu" /></a></td>\r\n\t\t\t\t\t\t\t\t\t<td class="subject">\r\n\t\t\t\t\t\t\t\t\t\t<p class="title">\r\n\t\t\t\t\t\t\t\t\t\t\t\t\t\t\t\t\t\t\t\t\t\t<a href="http://47.107.116.139/phpwind/read.php?tid=15647&fid=2" target="_blank"><span class="posts_icon"><i class="icon_topic" title="\xe6\x99\xae\xe9\x80\x9a\xe5\xb8\x96  \xe6\x96\xb0\xe7\xaa\x97\xe5\x8f\xa3\xe6\x89\x93\xe5\xbc\x80"></i></span></a>\r\n\t\t\t\t\t\t\t\t\t\t\t\t\t\t\t\t\t\t\t\t\t\t<a href="http://47.107.116.139/phpwind/index.php?c=thread&fid=2" class="st">[\xe6\x96\xb0\xe7\x89\x88\xe5\x9d\x97]</a>\r\n\t\t\t\t\t\t\t\t\t\t\t\t\t\t\t\t\t\t\t\t\t\t<a href="http://47.107.116.139/phpwind/read.php?tid=15647&fid=2" class="st" style="" title="pytest_1675324199.3294551">pytest_1675324199.3294551</a>\r\n\t\t\t\t\t\t\t\t\t\t\t\t\t\t\t\t\t\t\t\t\t</p>\r\n\t\t\t\t\t\t\t\t\t\t<p class="info">\r\n\t\t\t\t\t\t\t\t\t\t\t\xe6\xa5\xbc\xe4\xb8\xbb\xef\xbc\x9a<a class="J_user_card_show" data-uid="10611" href="http://47.107.116.139/phpwind/index.php?m=space&uid=10611">samu</a><span>2023-02-02</span>\r\n\t\t\t\t\t\t\t\t\t\t\t\xe6\x9c\x80\xe5\x90\x8e\xe5\x9b\x9e\xe5\xa4\x8d\xef\xbc\x9a<a class="J_user_card_show" data-uid="10611" href="http://47.107.116.139/phpwind/index.php?m=space&uid=10611">samu</a><span><a href="http://47.107.116.139/phpwind/read.php?tid=15647&fid=2&page=e#a" rel="nofollow" aria-label="\xe6\x9c\x80\xe5\x90\x8e\xe5\x9b\x9e\xe5\xa4\x8d\xe6\x97\xb6\xe9\x97\xb4">02-02 15:50</a></span>\r\n\t\t\t\t\t\t\t\t\t\t</p>\r\n\t\t\t\t\t\t\t\t\t</td>\r\n\t\t\t\t\t\t\t\t\t<td class="num">\r\n\t\t\t\t\t\t\t\t\t\t<span>\xe5\x9b\x9e\xe5\xa4\x8d<em>1</em></span>\r\n\t\t\t\t\t\t\t\t\t\t<span>\xe6\xb5\x8f\xe8\xa7\x88<em>1</em></span>\r\n\t\t\t\t\t\t\t\t\t</td>\r\n\t\t\t\t\t\t\t\t</tr>\r\n\t\t\t\t\t\t\t\t\t\t\t\t\t\t\t\t<tr>\r\n\t\t\t\t\t\t\t\t\t<td class="author"><a class="J_user_card_show" data-uid="10611" href="http://47.107.116.139/phpwind/index.php?m=space&uid=10611"><img src="http://47.107.116.139/phpwind/windid/attachment/avatar/000/01/06/10611_small.jpg" onerror="this.onerror=null;this.src=\'http://47.107.116.139/phpwind/res/images/face/face_small.jpg\'" width="45" height="45" alt="samu" /></a></td>\r\n\t\t\t\t\t\t\t\t\t<td class="subject">\r\n\t\t\t\t\t\t\t\t\t\t<p class="title">\r\n\t\t\t\t\t\t\t\t\t\t\t\t\t\t\t\t\t\t\t\t\t\t<a href="http://47.107.116.139/phpwind/read.php?tid=15646&fid=2" target="_blank"><span class="posts_icon"><i class="icon_topic" title="\xe6\x99\xae\xe9\x80\x9a\xe5\xb8\x96  \xe6\x96\xb0\xe7\xaa\x97\xe5\x8f\xa3\xe6\x89\x93\xe5\xbc\x80"></i></span></a>\r\n\t\t\t\t\t\t\t\t\t\t\t\t\t\t\t\t\t\t\t\t\t\t<a href="http://47.107.116.139/phpwind/index.php?c=thread&fid=2" class="st">[\xe6\x96\xb0\xe7\x89\x88\xe5\x9d\x97]</a>\r\n\t\t\t\t\t\t\t\t\t\t\t\t\t\t\t\t\t\t\t\t\t\t<a href="http://47.107.116.139/phpwind/read.php?tid=15646&fid=2" class="st" style="" title="pytest_1675324154.5878596">pytest_1675324154.5878596</a>\r\n\t\t\t\t\t\t\t\t\t\t\t\t\t\t\t\t\t\t\t\t\t</p>\r\n\t\t\t\t\t\t\t\t\t\t<p class="info">\r\n\t\t\t\t\t\t\t\t\t\t\t\xe6\xa5\xbc\xe4\xb8\xbb\xef\xbc\x9a<a class="J_user_card_show" data-uid="10611" href="http://47.107.116.139/phpwind/index.php?m=space&uid=10611">samu</a><span>2023-02-02</span>\r\n\t\t\t\t\t\t\t\t\t\t\t\xe6\x9c\x80\xe5\x90\x8e\xe5\x9b\x9e\xe5\xa4\x8d\xef\xbc\x9a<a class="J_user_card_show" data-uid="10611" href="http://47.107.116.139/phpwind/index.php?m=space&uid=10611">samu</a><span><a href="http://47.107.116.139/phpwind/read.php?tid=15646&fid=2&page=e#a" rel="nofollow" aria-label="\xe6\x9c\x80\xe5\x90\x8e\xe5\x9b\x9e\xe5\xa4\x8d\xe6\x97\xb6\xe9\x97\xb4">02-02 15:49</a></span>\r\n\t\t\t\t\t\t\t\t\t\t</p>\r\n\t\t\t\t\t\t\t\t\t</td>\r\n\t\t\t\t\t\t\t\t\t<td class="num">\r\n\t\t\t\t\t\t\t\t\t\t<span>\xe5\x9b\x9e\xe5\xa4\x8d<em>1</em></span>\r\n\t\t\t\t\t\t\t\t\t\t<span>\xe6\xb5\x8f\xe8\xa7\x88<em>1</em></span>\r\n\t\t\t\t\t\t\t\t\t</td>\r\n\t\t\t\t\t\t\t\t</tr>\r\n\t\t\t\t\t\t\t\t\t\t\t\t\t\t\t\t<tr>\r\n\t\t\t\t\t\t\t\t\t<td class="author"><a class="J_user_card_show" data-uid="10611" href="http://47.107.116.139/phpwind/index.php?m=space&uid=10611"><img src="http://47.107.116.139/phpwind/windid/attachment/avatar/000/01/06/10611_small.jpg" onerror="this.onerror=null;this.src=\'http://47.107.116.139/phpwind/res/images/face/face_small.jpg\'" width="45" height="45" alt="samu" /></a></td>\r\n\t\t\t\t\t\t\t\t\t<td class="subject">\r\n\t\t\t\t\t\t\t\t\t\t<p class="title">\r\n\t\t\t\t\t\t\t\t\t\t\t\t\t\t\t\t\t\t\t\t\t\t<a href="http://47.107.116.139/phpwind/read.php?tid=15645&fid=2" target="_blank"><span class="posts_icon"><i class="icon_topic" title="\xe6\x99\xae\xe9\x80\x9a\xe5\xb8\x96  \xe6\x96\xb0\xe7\xaa\x97\xe5\x8f\xa3\xe6\x89\x93\xe5\xbc\x80"></i></span></a>\r\n\t\t\t\t\t\t\t\t\t\t\t\t\t\t\t\t\t\t\t\t\t\t<a href="http://47.107.116.139/phpwind/index.php?c=thread&fid=2" class="st">[\xe6\x96\xb0\xe7\x89\x88\xe5\x9d\x97]</a>\r\n\t\t\t\t\t\t\t\t\t\t\t\t\t\t\t\t\t\t\t\t\t\t<a href="http://47.107.116.139/phpwind/read.php?tid=15645&fid=2" class="st" style="" title="pytest_1675324123.8741848">pytest_1675324123.8741848</a>\r\n\t\t\t\t\t\t\t\t\t\t\t\t\t\t\t\t\t\t\t\t\t</p>\r\n\t\t\t\t\t\t\t\t\t\t<p class="info">\r\n\t\t\t\t\t\t\t\t\t\t\t\xe6\xa5\xbc\xe4\xb8\xbb\xef\xbc\x9a<a class="J_user_card_show" data-uid="10611" href="http://47.107.116.139/phpwind/index.php?m=space&uid=10611">samu</a><span>2023-02-02</span>\r\n\t\t\t\t\t\t\t\t\t\t\t\xe6\x9c\x80\xe5\x90\x8e\xe5\x9b\x9e\xe5\xa4\x8d\xef\xbc\x9a<a class="J_user_card_show" data-uid="10611" href="http://47.107.116.139/phpwind/index.php?m=space&uid=10611">samu</a><span><a href="http://47.107.116.139/phpwind/read.php?tid=15645&fid=2&page=e#a" rel="nofollow" aria-label="\xe6\x9c\x80\xe5\x90\x8e\xe5\x9b\x9e\xe5\xa4\x8d\xe6\x97\xb6\xe9\x97\xb4">02-02 15:48</a></span>\r\n\t\t\t\t\t\t\t\t\t\t</p>\r\n\t\t\t\t\t\t\t\t\t</td>\r\n\t\t\t\t\t\t\t\t\t<td class="num">\r\n\t\t\t\t\t\t\t\t\t\t<span>\xe5\x9b\x9e\xe5\xa4\x8d<em>1</em></span>\r\n\t\t\t\t\t\t\t\t\t\t<span>\xe6\xb5\x8f\xe8\xa7\x88<em>1</em></span>\r\n\t\t\t\t\t\t\t\t\t</td>\r\n\t\t\t\t\t\t\t\t</tr>\r\n\t\t\t\t\t\t\t\t\t\t\t\t\t\t\t\t<tr>\r\n\t\t\t\t\t\t\t\t\t<td class="author"><a class="J_user_card_show" data-uid="10611" href="http://47.107.116.139/phpwind/index.php?m=space&uid=10611"><img src="http://47.107.116.139/phpwind/windid/attachment/avatar/000/01/06/10611_small.jpg" onerror="this.onerror=null;this.src=\'http://47.107.116.139/phpwind/res/images/face/face_small.jpg\'" width="45" height="45" alt="samu" /></a></td>\r\n\t\t\t\t\t\t\t\t\t<td class="subject">\r\n\t\t\t\t\t\t\t\t\t\t<p class="title">\r\n\t\t\t\t\t\t\t\t\t\t\t\t\t\t\t\t\t\t\t\t\t\t<a href="http://47.107.116.139/phpwind/read.php?tid=15644&fid=2" target="_blank"><span class="posts_icon"><i class="icon_topic" title="\xe6\x99\xae\xe9\x80\x9a\xe5\xb8\x96  \xe6\x96\xb0\xe7\xaa\x97\xe5\x8f\xa3\xe6\x89\x93\xe5\xbc\x80"></i></span></a>\r\n\t\t\t\t\t\t\t\t\t\t\t\t\t\t\t\t\t\t\t\t\t\t<a href="http://47.107.116.139/phpwind/index.php?c=thread&fid=2" class="st">[\xe6\x96\xb0\xe7\x89\x88\xe5\x9d\x97]</a>\r\n\t\t\t\t\t\t\t\t\t\t\t\t\t\t\t\t\t\t\t\t\t\t<a href="http://47.107.116.139/phpwind/read.php?tid=15644&fid=2" class="st" style="" title="pytest_1675324102.7845185">pytest_1675324102.7845185</a>\r\n\t\t\t\t\t\t\t\t\t\t\t\t\t\t\t\t\t\t\t\t\t</p>\r\n\t\t\t\t\t\t\t\t\t\t<p class="info">\r\n\t\t\t\t\t\t\t\t\t\t\t\xe6\xa5\xbc\xe4\xb8\xbb\xef\xbc\x9a<a class="J_user_card_show" data-uid="10611" href="http://47.107.116.139/phpwind/index.php?m=space&uid=10611">samu</a><span>2023-02-02</span>\r\n\t\t\t\t\t\t\t\t\t\t\t\xe6\x9c\x80\xe5\x90\x8e\xe5\x9b\x9e\xe5\xa4\x8d\xef\xbc\x9a<a class="J_user_card_show" data-uid="10611" href="http://47.107.116.139/phpwind/index.php?m=space&uid=10611">samu</a><span><a href="http://47.107.116.139/phpwind/read.php?tid=15644&fid=2&page=e#a" rel="nofollow" aria-label="\xe6\x9c\x80\xe5\x90\x8e\xe5\x9b\x9e\xe5\xa4\x8d\xe6\x97\xb6\xe9\x97\xb4">02-02 15:48</a></span>\r\n\t\t\t\t\t\t\t\t\t\t</p>\r\n\t\t\t\t\t\t\t\t\t</td>\r\n\t\t\t\t\t\t\t\t\t<td class="num">\r\n\t\t\t\t\t\t\t\t\t\t<span>\xe5\x9b\x9e\xe5\xa4\x8d<em>1</em></span>\r\n\t\t\t\t\t\t\t\t\t\t<span>\xe6\xb5\x8f\xe8\xa7\x88<em>1</em></span>\r\n\t\t\t\t\t\t\t\t\t</td>\r\n\t\t\t\t\t\t\t\t</tr>\r\n\t\t\t\t\t\t\t\t\t\t\t\t\t\t\t\t<tr>\r\n\t\t\t\t\t\t\t\t\t<td class="author"><a class="J_user_card_show" data-uid="10611" href="http://47.107.116.139/phpwind/index.php?m=space&uid=10611"><img src="http://47.107.116.139/phpwind/windid/attachment/avatar/000/01/06/10611_small.jpg" onerror="this.onerror=null;this.src=\'http://47.107.116.139/phpwind/res/images/face/face_small.jpg\'" width="45" height="45" alt="samu" /></a></td>\r\n\t\t\t\t\t\t\t\t\t<td class="subject">\r\n\t\t\t\t\t\t\t\t\t\t<p class="title">\r\n\t\t\t\t\t\t\t\t\t\t\t\t\t\t\t\t\t\t\t\t\t\t<a href="http://47.107.116.139/phpwind/read.php?tid=15643&fid=2" target="_blank"><span class="posts_icon"><i class="icon_topic" title="\xe6\x99\xae\xe9\x80\x9a\xe5\xb8\x96  \xe6\x96\xb0\xe7\xaa\x97\xe5\x8f\xa3\xe6\x89\x93\xe5\xbc\x80"></i></span></a>\r\n\t\t\t\t\t\t\t\t\t\t\t\t\t\t\t\t\t\t\t\t\t\t<a href="http://47.107.116.139/phpwind/index.php?c=thread&fid=2" class="st">[\xe6\x96\xb0\xe7\x89\x88\xe5\x9d\x97]</a>\r\n\t\t\t\t\t\t\t\t\t\t\t\t\t\t\t\t\t\t\t\t\t\t<a href="http://47.107.116.139/phpwind/read.php?tid=15643&fid=2" class="st" style="" title="pytest_1675323062.9039645">pytest_1675323062.9039645</a>\r\n\t\t\t\t\t\t\t\t\t\t\t\t\t\t\t\t\t\t\t\t\t</p>\r\n\t\t\t\t\t\t\t\t\t\t<p class="info">\r\n\t\t\t\t\t\t\t\t\t\t\t\xe6\xa5\xbc\xe4\xb8\xbb\xef\xbc\x9a<a class="J_user_card_show" data-uid="10611" href="http://47.107.116.139/phpwind/index.php?m=space&uid=10611">samu</a><span>2023-02-02</span>\r\n\t\t\t\t\t\t\t\t\t\t\t\xe6\x9c\x80\xe5\x90\x8e\xe5\x9b\x9e\xe5\xa4\x8d\xef\xbc\x9a<a class="J_user_card_show" data-uid="10611" href="http://47.107.116.139/phpwind/index.php?m=space&uid=10611">samu</a><span><a href="http://47.107.116.139/phpwind/read.php?tid=15643&fid=2&page=e#a" rel="nofollow" aria-label="\xe6\x9c\x80\xe5\x90\x8e\xe5\x9b\x9e\xe5\xa4\x8d\xe6\x97\xb6\xe9\x97\xb4">02-02 15:31</a></span>\r\n\t\t\t\t\t\t\t\t\t\t</p>\r\n\t\t\t\t\t\t\t\t\t</td>\r\n\t\t\t\t\t\t\t\t\t<td class="num">\r\n\t\t\t\t\t\t\t\t\t\t<span>\xe5\x9b\x9e\xe5\xa4\x8d<em>1</em></span>\r\n\t\t\t\t\t\t\t\t\t\t<span>\xe6\xb5\x8f\xe8\xa7\x88<em>1</em></span>\r\n\t\t\t\t\t\t\t\t\t</td>\r\n\t\t\t\t\t\t\t\t</tr>\r\n\t\t\t\t\t\t\t\t\t\t\t\t\t\t\t\t<tr>\r\n\t\t\t\t\t\t\t\t\t<td class="author"><a class="J_user_card_show" data-uid="10611" href="http://47.107.116.139/phpwind/index.php?m=space&uid=10611"><img src="http://47.107.116.139/phpwind/windid/attachment/avatar/000/01/06/10611_small.jpg" onerror="this.onerror=null;this.src=\'http://47.107.116.139/phpwind/res/images/face/face_small.jpg\'" width="45" height="45" alt="samu" /></a></td>\r\n\t\t\t\t\t\t\t\t\t<td class="subject">\r\n\t\t\t\t\t\t\t\t\t\t<p class="title">\r\n\t\t\t\t\t\t\t\t\t\t\t\t\t\t\t\t\t\t\t\t\t\t<a href="http://47.107.116.139/phpwind/read.php?tid=15642&fid=2" target="_blank"><span class="posts_icon"><i class="icon_topic" title="\xe6\x99\xae\xe9\x80\x9a\xe5\xb8\x96  \xe6\x96\xb0\xe7\xaa\x97\xe5\x8f\xa3\xe6\x89\x93\xe5\xbc\x80"></i></span></a>\r\n\t\t\t\t\t\t\t\t\t\t\t\t\t\t\t\t\t\t\t\t\t\t<a href="http://47.107.116.139/phpwind/index.php?c=thread&fid=2" class="st">[\xe6\x96\xb0\xe7\x89\x88\xe5\x9d\x97]</a>\r\n\t\t\t\t\t\t\t\t\t\t\t\t\t\t\t\t\t\t\t\t\t\t<a href="http://47.107.116.139/phpwind/read.php?tid=15642&fid=2" class="st" style="" title="pytest_1675322996.3602803">pytest_1675322996.3602803</a>\r\n\t\t\t\t\t\t\t\t\t\t\t\t\t\t\t\t\t\t\t\t\t</p>\r\n\t\t\t\t\t\t\t\t\t\t<p class="info">\r\n\t\t\t\t\t\t\t\t\t\t\t\xe6\xa5\xbc\xe4\xb8\xbb\xef\xbc\x9a<a class="J_user_card_show" data-uid="10611" href="http://47.107.116.139/phpwind/index.php?m=space&uid=10611">samu</a><span>2023-02-02</span>\r\n\t\t\t\t\t\t\t\t\t\t\t\xe6\x9c\x80\xe5\x90\x8e\xe5\x9b\x9e\xe5\xa4\x8d\xef\xbc\x9a<a class="J_user_card_show" data-uid="10611" href="http://47.107.116.139/phpwind/index.php?m=space&uid=10611">samu</a><span><a href="http://47.107.116.139/phpwind/read.php?tid=15642&fid=2&page=e#a" rel="nofollow" aria-label="\xe6\x9c\x80\xe5\x90\x8e\xe5\x9b\x9e\xe5\xa4\x8d\xe6\x97\xb6\xe9\x97\xb4">02-02 15:29</a></span>\r\n\t\t\t\t\t\t\t\t\t\t</p>\r\n\t\t\t\t\t\t\t\t\t</td>\r\n\t\t\t\t\t\t\t\t\t<td class="num">\r\n\t\t\t\t\t\t\t\t\t\t<span>\xe5\x9b\x9e\xe5\xa4\x8d<em>1</em></span>\r\n\t\t\t\t\t\t\t\t\t\t<span>\xe6\xb5\x8f\xe8\xa7\x88<em>1</em></span>\r\n\t\t\t\t\t\t\t\t\t</td>\r\n\t\t\t\t\t\t\t\t</tr>\r\n\t\t\t\t\t\t\t\t\t\t\t\t\t\t\t\t<tr>\r\n\t\t\t\t\t\t\t\t\t<td class="author"><a class="J_user_card_show" data-uid="10611" href="http://47.107.116.139/phpwind/index.php?m=space&uid=10611"><img src="http://47.107.116.139/phpwind/windid/attachment/avatar/000/01/06/10611_small.jpg" onerror="this.onerror=null;this.src=\'http://47.107.116.139/phpwind/res/images/face/face_small.jpg\'" width="45" height="45" alt="samu" /></a></td>\r\n\t\t\t\t\t\t\t\t\t<td class="subject">\r\n\t\t\t\t\t\t\t\t\t\t<p class="title">\r\n\t\t\t\t\t\t\t\t\t\t\t\t\t\t\t\t\t\t\t\t\t\t<a href="http://47.107.116.139/phpwind/read.php?tid=15641&fid=2" target="_blank"><span class="posts_icon"><i class="icon_topic" title="\xe6\x99\xae\xe9\x80\x9a\xe5\xb8\x96  \xe6\x96\xb0\xe7\xaa\x97\xe5\x8f\xa3\xe6\x89\x93\xe5\xbc\x80"></i></span></a>\r\n\t\t\t\t\t\t\t\t\t\t\t\t\t\t\t\t\t\t\t\t\t\t<a href="http://47.107.116.139/phpwind/index.php?c=thread&fid=2" class="st">[\xe6\x96\xb0\xe7\x89\x88\xe5\x9d\x97]</a>\r\n\t\t\t\t\t\t\t\t\t\t\t\t\t\t\t\t\t\t\t\t\t\t<a href="http://47.107.116.139/phpwind/read.php?tid=15641&fid=2" class="st" style="" title="pytest_1675322931.9656408">pytest_1675322931.9656408</a>\r\n\t\t\t\t\t\t\t\t\t\t\t\t\t\t\t\t\t\t\t\t\t</p>\r\n\t\t\t\t\t\t\t\t\t\t<p class="info">\r\n\t\t\t\t\t\t\t\t\t\t\t\xe6\xa5\xbc\xe4\xb8\xbb\xef\xbc\x9a<a class="J_user_card_show" data-uid="10611" href="http://47.107.116.139/phpwind/index.php?m=space&uid=10611">samu</a><span>2023-02-02</span>\r\n\t\t\t\t\t\t\t\t\t\t\t\xe6\x9c\x80\xe5\x90\x8e\xe5\x9b\x9e\xe5\xa4\x8d\xef\xbc\x9a<a class="J_user_card_show" data-uid="10611" href="http://47.107.116.139/phpwind/index.php?m=space&uid=10611">samu</a><span><a href="http://47.107.116.139/phpwind/read.php?tid=15641&fid=2&page=e#a" rel="nofollow" aria-label="\xe6\x9c\x80\xe5\x90\x8e\xe5\x9b\x9e\xe5\xa4\x8d\xe6\x97\xb6\xe9\x97\xb4">02-02 15:28</a></span>\r\n\t\t\t\t\t\t\t\t\t\t</p>\r\n\t\t\t\t\t\t\t\t\t</td>\r\n\t\t\t\t\t\t\t\t\t<td class="num">\r\n\t\t\t\t\t\t\t\t\t\t<span>\xe5\x9b\x9e\xe5\xa4\x8d<em>1</em></span>\r\n\t\t\t\t\t\t\t\t\t\t<span>\xe6\xb5\x8f\xe8\xa7\x88<em>1</em></span>\r\n\t\t\t\t\t\t\t\t\t</td>\r\n\t\t\t\t\t\t\t\t</tr>\r\n\t\t\t\t\t\t\t\t\t\t\t\t\t\t\t\t<tr>\r\n\t\t\t\t\t\t\t\t\t<td class="author"><a class="J_user_card_show" data-uid="10611" href="http://47.107.116.139/phpwind/index.php?m=space&uid=10611"><img src="http://47.107.116.139/phpwind/windid/attachment/avatar/000/01/06/10611_small.jpg" onerror="this.onerror=null;this.src=\'http://47.107.116.139/phpwind/res/images/face/face_small.jpg\'" width="45" height="45" alt="samu" /></a></td>\r\n\t\t\t\t\t\t\t\t\t<td class="subject">\r\n\t\t\t\t\t\t\t\t\t\t<p class="title">\r\n\t\t\t\t\t\t\t\t\t\t\t\t\t\t\t\t\t\t\t\t\t\t<a href="http://47.107.116.139/phpwind/read.php?tid=15640&fid=2" target="_blank"><span class="posts_icon"><i class="icon_topic" title="\xe6\x99\xae\xe9\x80\x9a\xe5\xb8\x96  \xe6\x96\xb0\xe7\xaa\x97\xe5\x8f\xa3\xe6\x89\x93\xe5\xbc\x80"></i></span></a>\r\n\t\t\t\t\t\t\t\t\t\t\t\t\t\t\t\t\t\t\t\t\t\t<a href="http://47.107.116.139/phpwind/index.php?c=thread&fid=2" class="st">[\xe6\x96\xb0\xe7\x89\x88\xe5\x9d\x97]</a>\r\n\t\t\t\t\t\t\t\t\t\t\t\t\t\t\t\t\t\t\t\t\t\t<a href="http://47.107.116.139/phpwind/read.php?tid=15640&fid=2" class="st" style="" title="pytest_1675322906.359132">pytest_1675322906.359132</a>\r\n\t\t\t\t\t\t\t\t\t\t\t\t\t\t\t\t\t\t\t\t\t</p>\r\n\t\t\t\t\t\t\t\t\t\t<p class="info">\r\n\t\t\t\t\t\t\t\t\t\t\t\xe6\xa5\xbc\xe4\xb8\xbb\xef\xbc\x9a<a class="J_user_card_show" data-uid="10611" href="http://47.107.116.139/phpwind/index.php?m=space&uid=10611">samu</a><span>2023-02-02</span>\r\n\t\t\t\t\t\t\t\t\t\t\t\xe6\x9c\x80\xe5\x90\x8e\xe5\x9b\x9e\xe5\xa4\x8d\xef\xbc\x9a<a class="J_user_card_show" data-uid="10611" href="http://47.107.116.139/phpwind/index.php?m=space&uid=10611">samu</a><span><a href="http://47.107.116.139/phpwind/read.php?tid=15640&fid=2&page=e#a" rel="nofollow" aria-label="\xe6\x9c\x80\xe5\x90\x8e\xe5\x9b\x9e\xe5\xa4\x8d\xe6\x97\xb6\xe9\x97\xb4">02-02 15:28</a></span>\r\n\t\t\t\t\t\t\t\t\t\t</p>\r\n\t\t\t\t\t\t\t\t\t</td>\r\n\t\t\t\t\t\t\t\t\t<td class="num">\r\n\t\t\t\t\t\t\t\t\t\t<span>\xe5\x9b\x9e\xe5\xa4\x8d<em>1</em></span>\r\n\t\t\t\t\t\t\t\t\t\t<span>\xe6\xb5\x8f\xe8\xa7\x88<em>1</em></span>\r\n\t\t\t\t\t\t\t\t\t</td>\r\n\t\t\t\t\t\t\t\t</tr>\r\n\t\t\t\t\t\t\t\t\t\t\t\t\t\t\t\t<tr>\r\n\t\t\t\t\t\t\t\t\t<td class="author"><a class="J_user_card_show" data-uid="10611" href="http://47.107.116.139/phpwind/index.php?m=space&uid=10611"><img src="http://47.107.116.139/phpwind/windid/attachment/avatar/000/01/06/10611_small.jpg" onerror="this.onerror=null;this.src=\'http://47.107.116.139/phpwind/res/images/face/face_small.jpg\'" width="45" height="45" alt="samu" /></a></td>\r\n\t\t\t\t\t\t\t\t\t<td class="subject">\r\n\t\t\t\t\t\t\t\t\t\t<p class="title">\r\n\t\t\t\t\t\t\t\t\t\t\t\t\t\t\t\t\t\t\t\t\t\t<a href="http://47.107.116.139/phpwind/read.php?tid=15639&fid=2" target="_blank"><span class="posts_icon"><i class="icon_topic" title="\xe6\x99\xae\xe9\x80\x9a\xe5\xb8\x96  \xe6\x96\xb0\xe7\xaa\x97\xe5\x8f\xa3\xe6\x89\x93\xe5\xbc\x80"></i></span></a>\r\n\t\t\t\t\t\t\t\t\t\t\t\t\t\t\t\t\t\t\t\t\t\t<a href="http://47.107.116.139/phpwind/index.php?c=thread&fid=2" class="st">[\xe6\x96\xb0\xe7\x89\x88\xe5\x9d\x97]</a>\r\n\t\t\t\t\t\t\t\t\t\t\t\t\t\t\t\t\t\t\t\t\t\t<a href="http://47.107.116.139/phpwind/read.php?tid=15639&fid=2" class="st" style="" title="pytest_1675322646.94212">pytest_1675322646.94212</a>\r\n\t\t\t\t\t\t\t\t\t\t\t\t\t\t\t\t\t\t\t\t\t</p>\r\n\t\t\t\t\t\t\t\t\t\t<p class="info">\r\n\t\t\t\t\t\t\t\t\t\t\t\xe6\xa5\xbc\xe4\xb8\xbb\xef\xbc\x9a<a class="J_user_card_show" data-uid="10611" href="http://47.107.116.139/phpwind/index.php?m=space&uid=10611">samu</a><span>2023-02-02</span>\r\n\t\t\t\t\t\t\t\t\t\t\t\xe6\x9c\x80\xe5\x90\x8e\xe5\x9b\x9e\xe5\xa4\x8d\xef\xbc\x9a<a class="J_user_card_show" data-uid="10611" href="http://47.107.116.139/phpwind/index.php?m=space&uid=10611">samu</a><span><a href="http://47.107.116.139/phpwind/read.php?tid=15639&fid=2&page=e#a" rel="nofollow" aria-label="\xe6\x9c\x80\xe5\x90\x8e\xe5\x9b\x9e\xe5\xa4\x8d\xe6\x97\xb6\xe9\x97\xb4">02-02 15:24</a></span>\r\n\t\t\t\t\t\t\t\t\t\t</p>\r\n\t\t\t\t\t\t\t\t\t</td>\r\n\t\t\t\t\t\t\t\t\t<td class="num">\r\n\t\t\t\t\t\t\t\t\t\t<span>\xe5\x9b\x9e\xe5\xa4\x8d<em>1</em></span>\r\n\t\t\t\t\t\t\t\t\t\t<span>\xe6\xb5\x8f\xe8\xa7\x88<em>1</em></span>\r\n\t\t\t\t\t\t\t\t\t</td>\r\n\t\t\t\t\t\t\t\t</tr>\r\n\t\t\t\t\t\t\t\t\t\t\t\t\t\t\t\t<tr>\r\n\t\t\t\t\t\t\t\t\t<td class="author"><a class="J_user_card_show" data-uid="10611" href="http://47.107.116.139/phpwind/index.php?m=space&uid=10611"><img src="http://47.107.116.139/phpwind/windid/attachment/avatar/000/01/06/10611_small.jpg" onerror="this.onerror=null;this.src=\'http://47.107.116.139/phpwind/res/images/face/face_small.jpg\'" width="45" height="45" alt="samu" /></a></td>\r\n\t\t\t\t\t\t\t\t\t<td class="subject">\r\n\t\t\t\t\t\t\t\t\t\t<p class="title">\r\n\t\t\t\t\t\t\t\t\t\t\t\t\t\t\t\t\t\t\t\t\t\t<a href="http://47.107.116.139/phpwind/read.php?tid=15638&fid=2" target="_blank"><span class="posts_icon"><i class="icon_topic" title="\xe6\x99\xae\xe9\x80\x9a\xe5\xb8\x96  \xe6\x96\xb0\xe7\xaa\x97\xe5\x8f\xa3\xe6\x89\x93\xe5\xbc\x80"></i></span></a>\r\n\t\t\t\t\t\t\t\t\t\t\t\t\t\t\t\t\t\t\t\t\t\t<a href="http://47.107.116.139/phpwind/index.php?c=thread&fid=2" class="st">[\xe6\x96\xb0\xe7\x89\x88\xe5\x9d\x97]</a>\r\n\t\t\t\t\t\t\t\t\t\t\t\t\t\t\t\t\t\t\t\t\t\t<a href="http://47.107.116.139/phpwind/read.php?tid=15638&fid=2" class="st" style="" title="pytest_1675322563.5030336">pytest_1675322563.5030336</a>\r\n\t\t\t\t\t\t\t\t\t\t\t\t\t\t\t\t\t\t\t\t\t</p>\r\n\t\t\t\t\t\t\t\t\t\t<p class="info">\r\n\t\t\t\t\t\t\t\t\t\t\t\xe6\xa5\xbc\xe4\xb8\xbb\xef\xbc\x9a<a class="J_user_card_show" data-uid="10611" href="http://47.107.116.139/phpwind/index.php?m=space&uid=10611">samu</a><span>2023-02-02</span>\r\n\t\t\t\t\t\t\t\t\t\t\t\xe6\x9c\x80\xe5\x90\x8e\xe5\x9b\x9e\xe5\xa4\x8d\xef\xbc\x9a<a class="J_user_card_show" data-uid="10611" href="http://47.107.116.139/phpwind/index.php?m=space&uid=10611">samu</a><span><a href="http://47.107.116.139/phpwind/read.php?tid=15638&fid=2&page=e#a" rel="nofollow" aria-label="\xe6\x9c\x80\xe5\x90\x8e\xe5\x9b\x9e\xe5\xa4\x8d\xe6\x97\xb6\xe9\x97\xb4">02-02 15:22</a></span>\r\n\t\t\t\t\t\t\t\t\t\t</p>\r\n\t\t\t\t\t\t\t\t\t</td>\r\n\t\t\t\t\t\t\t\t\t<td class="num">\r\n\t\t\t\t\t\t\t\t\t\t<span>\xe5\x9b\x9e\xe5\xa4\x8d<em>1</em></span>\r\n\t\t\t\t\t\t\t\t\t\t<span>\xe6\xb5\x8f\xe8\xa7\x88<em>1</em></span>\r\n\t\t\t\t\t\t\t\t\t</td>\r\n\t\t\t\t\t\t\t\t</tr>\r\n\t\t\t\t\t\t\t\t\t\t\t\t\t\t\t\t<tr>\r\n\t\t\t\t\t\t\t\t\t<td class="author"><a class="J_user_card_show" data-uid="10611" href="http://47.107.116.139/phpwind/index.php?m=space&uid=10611"><img src="http://47.107.116.139/phpwind/windid/attachment/avatar/000/01/06/10611_small.jpg" onerror="this.onerror=null;this.src=\'http://47.107.116.139/phpwind/res/images/face/face_small.jpg\'" width="45" height="45" alt="samu" /></a></td>\r\n\t\t\t\t\t\t\t\t\t<td class="subject">\r\n\t\t\t\t\t\t\t\t\t\t<p class="title">\r\n\t\t\t\t\t\t\t\t\t\t\t\t\t\t\t\t\t\t\t\t\t\t<a href="http://47.107.116.139/phpwind/read.php?tid=15637&fid=2" target="_blank"><span class="posts_icon"><i class="icon_topic" title="\xe6\x99\xae\xe9\x80\x9a\xe5\xb8\x96  \xe6\x96\xb0\xe7\xaa\x97\xe5\x8f\xa3\xe6\x89\x93\xe5\xbc\x80"></i></span></a>\r\n\t\t\t\t\t\t\t\t\t\t\t\t\t\t\t\t\t\t\t\t\t\t<a href="http://47.107.116.139/phpwind/index.php?c=thread&fid=2" class="st">[\xe6\x96\xb0\xe7\x89\x88\xe5\x9d\x97]</a>\r\n\t\t\t\t\t\t\t\t\t\t\t\t\t\t\t\t\t\t\t\t\t\t<a href="http://47.107.116.139/phpwind/read.php?tid=15637&fid=2" class="st" style="" title="pytest_1675322464.165774">pytest_1675322464.165774</a>\r\n\t\t\t\t\t\t\t\t\t\t\t\t\t\t\t\t\t\t\t\t\t</p>\r\n\t\t\t\t\t\t\t\t\t\t<p class="info">\r\n\t\t\t\t\t\t\t\t\t\t\t\xe6\xa5\xbc\xe4\xb8\xbb\xef\xbc\x9a<a class="J_user_card_show" data-uid="10611" href="http://47.107.116.139/phpwind/index.php?m=space&uid=10611">samu</a><span>2023-02-02</span>\r\n\t\t\t\t\t\t\t\t\t\t\t\xe6\x9c\x80\xe5\x90\x8e\xe5\x9b\x9e\xe5\xa4\x8d\xef\xbc\x9a<a class="J_user_card_show" data-uid="10611" href="http://47.107.116.139/phpwind/index.php?m=space&uid=10611">samu</a><span><a href="http://47.107.116.139/phpwind/read.php?tid=15637&fid=2&page=e#a" rel="nofollow" aria-label="\xe6\x9c\x80\xe5\x90\x8e\xe5\x9b\x9e\xe5\xa4\x8d\xe6\x97\xb6\xe9\x97\xb4">02-02 15:21</a></span>\r\n\t\t\t\t\t\t\t\t\t\t</p>\r\n\t\t\t\t\t\t\t\t\t</td>\r\n\t\t\t\t\t\t\t\t\t<td class="num">\r\n\t\t\t\t\t\t\t\t\t\t<span>\xe5\x9b\x9e\xe5\xa4\x8d<em>1</em></span>\r\n\t\t\t\t\t\t\t\t\t\t<span>\xe6\xb5\x8f\xe8\xa7\x88<em>1</em></span>\r\n\t\t\t\t\t\t\t\t\t</td>\r\n\t\t\t\t\t\t\t\t</tr>\r\n\t\t\t\t\t\t\t\t\t\t\t\t\t\t\t\t<tr>\r\n\t\t\t\t\t\t\t\t\t<td class="author"><a class="J_user_card_show" data-uid="10611" href="http://47.107.116.139/phpwind/index.php?m=space&uid=10611"><img src="http://47.107.116.139/phpwind/windid/attachment/avatar/000/01/06/10611_small.jpg" onerror="this.onerror=null;this.src=\'http://47.107.116.139/phpwind/res/images/face/face_small.jpg\'" width="45" height="45" alt="samu" /></a></td>\r\n\t\t\t\t\t\t\t\t\t<td class="subject">\r\n\t\t\t\t\t\t\t\t\t\t<p class="title">\r\n\t\t\t\t\t\t\t\t\t\t\t\t\t\t\t\t\t\t\t\t\t\t<a href="http://47.107.116.139/phpwind/read.php?tid=15636&fid=2" target="_blank"><span class="posts_icon"><i class="icon_topic" title="\xe6\x99\xae\xe9\x80\x9a\xe5\xb8\x96  \xe6\x96\xb0\xe7\xaa\x97\xe5\x8f\xa3\xe6\x89\x93\xe5\xbc\x80"></i></span></a>\r\n\t\t\t\t\t\t\t\t\t\t\t\t\t\t\t\t\t\t\t\t\t\t<a href="http://47.107.116.139/phpwind/index.php?c=thread&fid=2" class="st">[\xe6\x96\xb0\xe7\x89\x88\xe5\x9d\x97]</a>\r\n\t\t\t\t\t\t\t\t\t\t\t\t\t\t\t\t\t\t\t\t\t\t<a href="http://47.107.116.139/phpwind/read.php?tid=15636&fid=2" class="st" style="" title="pytest_1675322371.0151918">pytest_1675322371.0151918</a>\r\n\t\t\t\t\t\t\t\t\t\t\t\t\t\t\t\t\t\t\t\t\t</p>\r\n\t\t\t\t\t\t\t\t\t\t<p class="info">\r\n\t\t\t\t\t\t\t\t\t\t\t\xe6\xa5\xbc\xe4\xb8\xbb\xef\xbc\x9a<a class="J_user_card_show" data-uid="10611" href="http://47.107.116.139/phpwind/index.php?m=space&uid=10611">samu</a><span>2023-02-02</span>\r\n\t\t\t\t\t\t\t\t\t\t\t\xe6\x9c\x80\xe5\x90\x8e\xe5\x9b\x9e\xe5\xa4\x8d\xef\xbc\x9a<a class="J_user_card_show" data-uid="10611" href="http://47.107.116.139/phpwind/index.php?m=space&uid=10611">samu</a><span><a href="http://47.107.116.139/phpwind/read.php?tid=15636&fid=2&page=e#a" rel="nofollow" aria-label="\xe6\x9c\x80\xe5\x90\x8e\xe5\x9b\x9e\xe5\xa4\x8d\xe6\x97\xb6\xe9\x97\xb4">02-02 15:19</a></span>\r\n\t\t\t\t\t\t\t\t\t\t</p>\r\n\t\t\t\t\t\t\t\t\t</td>\r\n\t\t\t\t\t\t\t\t\t<td class="num">\r\n\t\t\t\t\t\t\t\t\t\t<span>\xe5\x9b\x9e\xe5\xa4\x8d<em>1</em></span>\r\n\t\t\t\t\t\t\t\t\t\t<span>\xe6\xb5\x8f\xe8\xa7\x88<em>1</em></span>\r\n\t\t\t\t\t\t\t\t\t</td>\r\n\t\t\t\t\t\t\t\t</tr>\r\n\t\t\t\t\t\t\t\t\t\t\t\t\t\t\t\t<tr>\r\n\t\t\t\t\t\t\t\t\t<td class="author"><a class="J_user_card_show" data-uid="10611" href="http://47.107.116.139/phpwind/index.php?m=space&uid=10611"><img src="http://47.107.116.139/phpwind/windid/attachment/avatar/000/01/06/10611_small.jpg" onerror="this.onerror=null;this.src=\'http://47.107.116.139/phpwind/res/images/face/face_small.jpg\'" width="45" height="45" alt="samu" /></a></td>\r\n\t\t\t\t\t\t\t\t\t<td class="subject">\r\n\t\t\t\t\t\t\t\t\t\t<p class="title">\r\n\t\t\t\t\t\t\t\t\t\t\t\t\t\t\t\t\t\t\t\t\t\t<a href="http://47.107.116.139/phpwind/read.php?tid=15635&fid=2" target="_blank"><span class="posts_icon"><i class="icon_topic" title="\xe6\x99\xae\xe9\x80\x9a\xe5\xb8\x96  \xe6\x96\xb0\xe7\xaa\x97\xe5\x8f\xa3\xe6\x89\x93\xe5\xbc\x80"></i></span></a>\r\n\t\t\t\t\t\t\t\t\t\t\t\t\t\t\t\t\t\t\t\t\t\t<a href="http://47.107.116.139/phpwind/index.php?c=thread&fid=2" class="st">[\xe6\x96\xb0\xe7\x89\x88\xe5\x9d\x97]</a>\r\n\t\t\t\t\t\t\t\t\t\t\t\t\t\t\t\t\t\t\t\t\t\t<a href="http://47.107.116.139/phpwind/read.php?tid=15635&fid=2" class="st" style="" title="pytest_1675322363.9301581">pytest_1675322363.9301581</a>\r\n\t\t\t\t\t\t\t\t\t\t\t\t\t\t\t\t\t\t\t\t\t</p>\r\n\t\t\t\t\t\t\t\t\t\t<p class="info">\r\n\t\t\t\t\t\t\t\t\t\t\t\xe6\xa5\xbc\xe4\xb8\xbb\xef\xbc\x9a<a class="J_user_card_show" data-uid="10611" href="http://47.107.116.139/phpwind/index.php?m=space&uid=10611">samu</a><span>2023-02-02</span>\r\n\t\t\t\t\t\t\t\t\t\t\t\xe6\x9c\x80\xe5\x90\x8e\xe5\x9b\x9e\xe5\xa4\x8d\xef\xbc\x9a<a class="J_user_card_show" data-uid="10611" href="http://47.107.116.139/phpwind/index.php?m=space&uid=10611">samu</a><span><a href="http://47.107.116.139/phpwind/read.php?tid=15635&fid=2&page=e#a" rel="nofollow" aria-label="\xe6\x9c\x80\xe5\x90\x8e\xe5\x9b\x9e\xe5\xa4\x8d\xe6\x97\xb6\xe9\x97\xb4">02-02 15:19</a></span>\r\n\t\t\t\t\t\t\t\t\t\t</p>\r\n\t\t\t\t\t\t\t\t\t</td>\r\n\t\t\t\t\t\t\t\t\t<td class="num">\r\n\t\t\t\t\t\t\t\t\t\t<span>\xe5\x9b\x9e\xe5\xa4\x8d<em>1</em></span>\r\n\t\t\t\t\t\t\t\t\t\t<span>\xe6\xb5\x8f\xe8\xa7\x88<em>1</em></span>\r\n\t\t\t\t\t\t\t\t\t</td>\r\n\t\t\t\t\t\t\t\t</tr>\r\n\t\t\t\t\t\t\t\t\t\t\t\t\t\t\t\t<tr>\r\n\t\t\t\t\t\t\t\t\t<td class="author"><a class="J_user_card_show" data-uid="10611" href="http://47.107.116.139/phpwind/index.php?m=space&uid=10611"><img src="http://47.107.116.139/phpwind/windid/attachment/avatar/000/01/06/10611_small.jpg" onerror="this.onerror=null;this.src=\'http://47.107.116.139/phpwind/res/images/face/face_small.jpg\'" width="45" height="45" alt="samu" /></a></td>\r\n\t\t\t\t\t\t\t\t\t<td class="subject">\r\n\t\t\t\t\t\t\t\t\t\t<p class="title">\r\n\t\t\t\t\t\t\t\t\t\t\t\t\t\t\t\t\t\t\t\t\t\t<a href="http://47.107.116.139/phpwind/read.php?tid=15634&fid=2" target="_blank"><span class="posts_icon"><i class="icon_topic" title="\xe6\x99\xae\xe9\x80\x9a\xe5\xb8\x96  \xe6\x96\xb0\xe7\xaa\x97\xe5\x8f\xa3\xe6\x89\x93\xe5\xbc\x80"></i></span></a>\r\n\t\t\t\t\t\t\t\t\t\t\t\t\t\t\t\t\t\t\t\t\t\t<a href="http://47.107.116.139/phpwind/index.php?c=thread&fid=2" class="st">[\xe6\x96\xb0\xe7\x89\x88\xe5\x9d\x97]</a>\r\n\t\t\t\t\t\t\t\t\t\t\t\t\t\t\t\t\t\t\t\t\t\t<a href="http://47.107.116.139/phpwind/read.php?tid=15634&fid=2" class="st" style="" title="pytest_1675322326.9137845">pytest_1675322326.9137845</a>\r\n\t\t\t\t\t\t\t\t\t\t\t\t\t\t\t\t\t\t\t\t\t</p>\r\n\t\t\t\t\t\t\t\t\t\t<p class="info">\r\n\t\t\t\t\t\t\t\t\t\t\t\xe6\xa5\xbc\xe4\xb8\xbb\xef\xbc\x9a<a class="J_user_card_show" data-uid="10611" href="http://47.107.116.139/phpwind/index.php?m=space&uid=10611">samu</a><span>2023-02-02</span>\r\n\t\t\t\t\t\t\t\t\t\t\t\xe6\x9c\x80\xe5\x90\x8e\xe5\x9b\x9e\xe5\xa4\x8d\xef\xbc\x9a<a class="J_user_card_show" data-uid="10611" href="http://47.107.116.139/phpwind/index.php?m=space&uid=10611">samu</a><span><a href="http://47.107.116.139/phpwind/read.php?tid=15634&fid=2&page=e#a" rel="nofollow" aria-label="\xe6\x9c\x80\xe5\x90\x8e\xe5\x9b\x9e\xe5\xa4\x8d\xe6\x97\xb6\xe9\x97\xb4">02-02 15:18</a></span>\r\n\t\t\t\t\t\t\t\t\t\t</p>\r\n\t\t\t\t\t\t\t\t\t</td>\r\n\t\t\t\t\t\t\t\t\t<td class="num">\r\n\t\t\t\t\t\t\t\t\t\t<span>\xe5\x9b\x9e\xe5\xa4\x8d<em>1</em></span>\r\n\t\t\t\t\t\t\t\t\t\t<span>\xe6\xb5\x8f\xe8\xa7\x88<em>1</em></span>\r\n\t\t\t\t\t\t\t\t\t</td>\r\n\t\t\t\t\t\t\t\t</tr>\r\n\t\t\t\t\t\t\t\t\t\t\t\t\t\t\t</table>\r\n\t\t\t\t\t\t</div>\r\n\t\t\t\t\t\t\t\t\t\t\t</div>\r\n\t\t\t\t\t<div class="J_page_wrap cc" data-key="true">\r\n\t\t\t\t\t\t<div class="pages">\r\n\t<strong>1</strong>\r\n\t<a href="http://47.107.116.139/phpwind/index.php?page=2">2</a>\r\n\t\t<a href="http://47.107.116.139/phpwind/index.php?page=3">3</a>\r\n\t\t<a href="http://47.107.116.139/phpwind/index.php?page=4">4</a>\r\n\t\t<a href="http://47.107.116.139/phpwind/index.php?page=570">...570</a>\r\n\t\t<a href="http://47.107.116.139/phpwind/index.php?page=2" class="pages_next J_pages_next">\xe4\xb8\x8b\xe4\xb8\x80\xe9\xa1\xb5&nbsp;&raquo;</a>\r\n</div>\r\n\t\t\t\t\t</div>\r\n\t\t\t\t\t\r\n\t\t\t\t\t\t\t\t\t\t \r\n\t\t\t\t</div>\r\n\t\t\t</div>\r\n\t\t\t<div class="main_sidebar">\r\n\t\t\t\t\t<div class="box_wrap user_info">\r\n\t\t<dl class="cc">\r\n\t\t\t<dt id="J_ava_ie6">\r\n\t\t\t\t<a href="http://47.107.116.139/phpwind/index.php?m=space&uid=877"><img class="J_avatar" src="http://47.107.116.139/phpwind/windid/attachment/avatar/000/00/08/877_middle.jpg" data-type="middle" width="72" height="72" alt="beifan" /></a>\r\n\t\t\t\t<a href="http://47.107.116.139/phpwind/index.php?m=profile&c=avatar&_left=avatar"><b></b><span>\xe4\xbf\xae\xe6\x94\xb9\xe5\xa4\xb4\xe5\x83\x8f</span></a>\r\n\t\t\t</dt>\r\n\t\t\t<dd>\r\n\t\t\t\t<div class="name"><a href="http://47.107.116.139/phpwind/index.php?m=space&uid=877" class="username">beifan<i></i></a></div>\r\n\t\t\t\t<div class="level"><a href="http://47.107.116.139/phpwind/index.php?m=profile&c=right&_left=right">\xe5\x9c\xa3\xe9\xaa\x91\xe5\xa3\xab</a></div>\r\n\t\t\t\t<div class="level_img">\r\n\t\t\t\t\t<a href="http://47.107.116.139/phpwind/index.php?m=profile&c=credit"><img src="http://47.107.116.139/phpwind/res/images/level/8.gif" alt="\xe5\x9c\xa3\xe9\xaa\x91\xe5\xa3\xab" /></a>\r\n\t\t\t\t</div>\r\n\t\t\t</dd>\r\n\t\t</dl>\r\n\t\t<div class="num">\r\n\t\t\t<ul class="cc">\r\n\t\t\t\t<li><a href="http://47.107.116.139/phpwind/index.php?m=my&c=follow"><span>0</span><em>\xe5\x85\xb3\xe6\xb3\xa8</em></a></li>\r\n\t\t\t\t<li><a href="http://47.107.116.139/phpwind/index.php?m=my&c=fans"><span>0</span><em>\xe7\xb2\x89\xe4\xb8\x9d</em></a></li>\r\n\t\t\t\t<li class="tail"><a href="http://47.107.116.139/phpwind/index.php?m=my&c=article"><span>178</span><em>\xe5\xb8\x96\xe5\xad\x90</em></a></li>\r\n\t\t\t</ul>\r\n\t\t</div>\r\n\t\t\t<div class="medal_widget" id="J_medal_widget">\r\n\t\t\t<a href="javascript:;" class="next next_disabled J_lazyslide_next" title="\xe4\xb8\x8b\xe4\xb8\x80\xe7\xbb\x84"><em></em></a>\r\n\t\t\t<a href="javascript:;" class="pre pre_disabled J_lazyslide_prev" title="\xe4\xb8\x8a\xe4\xb8\x80\xe7\xbb\x84"><em></em></a>\r\n\t\t\t<div class="medal_list_wrap">\r\n\t\t\t<ul id="J_medal_widget_ul" class="cc J_lazyslide_list" style="width:900px;">\r\n\t\t\t\t\t\t\t\t<li class="doing"><a href="http://47.107.116.139/phpwind/index.php?m=medal"><img src="http://47.107.116.139/phpwind/res/images/medal/icon/shequjumin.gif" width="30" height="30" title="\xe7\xa4\xbe\xe5\x8c\xba\xe5\xb1\x85\xe6\xb0\x91" alt="\xe7\xa4\xbe\xe5\x8c\xba\xe5\xb1\x85\xe6\xb0\x91" /></a></li>\r\n\t\t\t\t\t\t\t\t\t<li class="doing"><a href="http://47.107.116.139/phpwind/index.php?m=medal"><img src="http://47.107.116.139/phpwind/res/images/medal/icon/zhongshihuiyuan.gif" width="30" height="30" title="\xe5\xbf\xa0\xe5\xae\x9e\xe4\xbc\x9a\xe5\x91\x98" alt="\xe5\xbf\xa0\xe5\xae\x9e\xe4\xbc\x9a\xe5\x91\x98" /></a></li>\r\n\t\t\t\t\t\t\t\t\t<li class="doing"><a href="http://47.107.116.139/phpwind/index.php?m=medal"><img src="http://47.107.116.139/phpwind/res/images/medal/icon/yuanchuangxieshou.gif" width="30" height="30" title="\xe5\x8e\x9f\xe5\x88\x9b\xe5\x86\x99\xe6\x89\x8b" alt="\xe5\x8e\x9f\xe5\x88\x9b\xe5\x86\x99\xe6\x89\x8b" /></a></li>\r\n\t\t\t\t\t\t\t\t\t<li class="doing"><a href="http://47.107.116.139/phpwind/index.php?m=medal"><img src="http://47.107.116.139/phpwind/res/images/medal/icon/shequmingxing.gif" width="30" height="30" title="\xe7\xa4\xbe\xe5\x8c\xba\xe6\x98\x8e\xe6\x98\x9f" alt="\xe7\xa4\xbe\xe5\x8c\xba\xe6\x98\x8e\xe6\x98\x9f" /></a></li>\r\n\t\t\t\t\t\t\t\t\t<li class="doing"><a href="http://47.107.116.139/phpwind/index.php?m=medal"><img src="http://47.107.116.139/phpwind/res/images/medal/icon/zuiaishafa.gif" width="30" height="30" title="\xe6\x9c\x80\xe7\x88\xb1\xe6\xb2\x99\xe5\x8f\x91" alt="\xe6\x9c\x80\xe7\x88\xb1\xe6\xb2\x99\xe5\x8f\x91" /></a></li>\r\n\t\t\t\t\t\t\t\t\t<li class="doing"><a href="http://47.107.116.139/phpwind/index.php?m=medal"><img src="http://47.107.116.139/phpwind/res/images/medal/icon/xihuandaren.gif" width="30" height="30" title="\xe5\x96\x9c\xe6\xac\xa2\xe8\xbe\xbe\xe4\xba\xba" alt="\xe5\x96\x9c\xe6\xac\xa2\xe8\xbe\xbe\xe4\xba\xba" /></a></li>\r\n\t\t\t\t\t\t\t</ul>\r\n\t\t\t<textarea id="J_sidebar_medal_ta" style="display:none">\r\n\t\t\t\t<li class="doing"><a href="http://47.107.116.139/phpwind/index.php?m=medal"><img src="http://47.107.116.139/phpwind/res/images/medal/icon/shequjumin.gif" width="30" height="30" title="\xe7\xa4\xbe\xe5\x8c\xba\xe5\xb1\x85\xe6\xb0\x91" alt="\xe7\xa4\xbe\xe5\x8c\xba\xe5\xb1\x85\xe6\xb0\x91" /></a></li><li class="doing"><a href="http://47.107.116.139/phpwind/index.php?m=medal"><img src="http://47.107.116.139/phpwind/res/images/medal/icon/zhongshihuiyuan.gif" width="30" height="30" title="\xe5\xbf\xa0\xe5\xae\x9e\xe4\xbc\x9a\xe5\x91\x98" alt="\xe5\xbf\xa0\xe5\xae\x9e\xe4\xbc\x9a\xe5\x91\x98" /></a></li><li class="doing"><a href="http://47.107.116.139/phpwind/index.php?m=medal"><img src="http://47.107.116.139/phpwind/res/images/medal/icon/yuanchuangxieshou.gif" width="30" height="30" title="\xe5\x8e\x9f\xe5\x88\x9b\xe5\x86\x99\xe6\x89\x8b" alt="\xe5\x8e\x9f\xe5\x88\x9b\xe5\x86\x99\xe6\x89\x8b" /></a></li><li class="doing"><a href="http://47.107.116.139/phpwind/index.php?m=medal"><img src="http://47.107.116.139/phpwind/res/images/medal/icon/shequmingxing.gif" width="30" height="30" title="\xe7\xa4\xbe\xe5\x8c\xba\xe6\x98\x8e\xe6\x98\x9f" alt="\xe7\xa4\xbe\xe5\x8c\xba\xe6\x98\x8e\xe6\x98\x9f" /></a></li><li class="doing"><a href="http://47.107.116.139/phpwind/index.php?m=medal"><img src="http://47.107.116.139/phpwind/res/images/medal/icon/zuiaishafa.gif" width="30" height="30" title="\xe6\x9c\x80\xe7\x88\xb1\xe6\xb2\x99\xe5\x8f\x91" alt="\xe6\x9c\x80\xe7\x88\xb1\xe6\xb2\x99\xe5\x8f\x91" /></a></li><li class="doing"><a href="http://47.107.116.139/phpwind/index.php?m=medal"><img src="http://47.107.116.139/phpwind/res/images/medal/icon/xihuandaren.gif" width="30" height="30" title="\xe5\x96\x9c\xe6\xac\xa2\xe8\xbe\xbe\xe4\xba\xba" alt="\xe5\x96\x9c\xe6\xac\xa2\xe8\xbe\xbe\xe4\xba\xba" /></a></li><li class="doing"><a href="http://47.107.116.139/phpwind/index.php?m=medal"><img src="http://47.107.116.139/phpwind/res/images/medal/icon/shequlaomo.gif" width="30" height="30" title="\xe7\xa4\xbe\xe5\x8c\xba\xe5\x8a\xb3\xe6\xa8\xa1" alt="\xe7\xa4\xbe\xe5\x8c\xba\xe5\x8a\xb3\xe6\xa8\xa1" /></a></li><li class="doing"><a href="http://47.107.116.139/phpwind/index.php?m=medal"><img src="http://47.107.116.139/phpwind/res/images/medal/icon/zhuixingyizu.gif" width="30" height="30" title="\xe8\xbf\xbd\xe6\x98\x9f\xe4\xb8\x80\xe6\x97\x8f" alt="\xe8\xbf\xbd\xe6\x98\x9f\xe4\xb8\x80\xe6\x97\x8f" /></a></li></textarea>\r\n\t\t\t</div>\r\n\t\t</div>\r\n\t\t<div class="cc punch_widget_wrap">\r\n\t\t<div id="J_punch_main_tip" class="fl dn">\r\n\t\t\t\t</div>\r\n\t\t<div class="punch_widget " id="J_punch_widget">\r\n\t\t\t<div class="date">02.02<span>\xe5\x91\xa8\xe5\x9b\x9b</span></div>\r\n\t\t\t<div class="cont"><a data-tips="http://47.107.116.139/phpwind/index.php?m=space&c=punch&a=punchtip" data-uri="http://47.107.116.139/phpwind/index.php?m=space&c=punch&a=punch" href="#" id="J_punch_mine" tabindex="-1" target="_blank">\xe6\xaf\x8f\xe6\x97\xa5\xe6\x89\x93\xe5\x8d\xa1</a></div>\r\n\t\t\t\t\t\t<a data-uri="http://47.107.116.139/phpwind/index.php?m=space&c=punch&a=friend" href="#" id="J_punch_friend" class="help_ta" tabindex="-1" target="_blank">\xe5\xb8\xaeTa\xe6\x89\x93\xe5\x8d\xa1</a>\r\n\t\t\t\t\t</div>\r\n\t</div>\r\n\t</div>\r\n<!--advertisement id=\'Site.Sider.User\' sys=\'1\'/-->\r\n\r\n\t\t\t\t<div class="box_wrap" aria-label="\xe7\x89\x88\xe5\x9d\x97\xe5\x88\x97\xe8\xa1\xa8" role="tablist">\r\n\t\t\t<h2 class="box_title J_sidebar_box_toggle">\xe7\x89\x88\xe5\x9d\x97\xe5\x88\x97\xe8\xa1\xa8</h2>\r\n\t\t\t<div class="forum_menu" >\r\n\t\t\t\t\t\t\t<dl class=" current">\r\n\t\t\t\t\t<dt class="J_sidebar_forum_toggle"><a href="http://47.107.116.139/phpwind/index.php?c=cate&fid=1">\xe6\x96\xb0\xe5\x88\x86\xe7\xb1\xbb</a></dt>\r\n\t\t\t\t\t<dd role="tabpanel">\r\n\t\t\t\t\t\t\t\t\t\t\t\t<p><a class="" href="http://47.107.116.139/phpwind/index.php?c=thread&fid=2">\xe6\x96\xb0\xe7\x89\x88\xe5\x9d\x97</a></p>\r\n\t\t\t\t\t\t\t\t\t\t\t\t<p><a class="" href="http://47.107.116.139/phpwind/index.php?c=thread&fid=3">\xe6\x96\xb0\xe9\x97\xbb\xe6\xa8\xa1\xe5\x9d\x97</a></p>\r\n\t\t\t\t\t\t\t\t\t\t\t</dd>\r\n\t\t\t\t</dl>\r\n\t\t\t\t\t\t\t</div>\r\n\t\t</div>\r\n\r\n \r\n<!--design role="segment" id="linkdemo"/-->\r\n\r\n\t\t\t</div>\r\n\t\t</div>\r\n\t\t<div id="cloudwind_forum_bottom"></div>\r\n\t</div>\r\n\t\r\n<!--.main-wrap,#main End-->\r\n<div class="tac">\r\n <br />\r\n \r\n</div>\r\n<div class="footer_wrap">\r\n\t<div class="footer">\r\n\t\t\r\n\t\t<div class="bottom">\r\n\t\t<a href="http://phpwind.com/about.html">\xe5\x85\xb3\xe4\xba\x8ephpwind</a><a href="http://phpwind.com/contact.html">\xe8\x81\x94\xe7\xb3\xbb\xe6\x88\x91\xe4\xbb\xac</a><a href="http://www.phpwind.net/thread-htm-fid-39.html">\xe7\xa8\x8b\xe5\xba\x8f\xe5\xbb\xba\xe8\xae\xae</a><a href="http://www.phpwind.net/thread-htm-fid-54.html">\xe9\x97\xae\xe9\xa2\x98\xe5\x8f\x8d\xe9\xa6\x88</a>\t\t</div>\r\n\t\t<p>Powered by <a href="http://www.phpwind.net/" target="_blank" rel="nofollow">phpwind v9.0.2</a> &copy;2003-2015 <a href="http://www.phpwind.com" target="_blank" rel="nofollow">phpwind.com</a> <a href="http://www.miitbeian.gov.cn" target="_blank" rel="nofollow"></a></p>\r\n\t\t<p></p>\r\n\t</div>\r\n\t \r\n\t \r\n\t \r\n\t<div id="cloudwind_common_bottom"></div>\r\n\t</div>\r\n\r\n<!--\xe8\xbf\x94\xe5\x9b\x9e\xe9\xa1\xb6\xe9\x83\xa8-->\r\n<a href="#" rel="nofollow" role="button" id="back_top" tabindex="-1">\xe8\xbf\x94\xe5\x9b\x9e\xe9\xa1\xb6\xe9\x83\xa8</a>\r\n\r\n</div>\r\n\r\n<script>\r\nvar FID = \'\';\r\nWind.use(\'jquery\', \'global\', function(){\r\n\tif(GV.U_ID) {\r\n\t\tWind.js(GV.JS_ROOT +\'pages/bbs/threadManage.js?v=\' + GV.JS_VERSION);\r\n\t}\r\n});\r\n</script>\r\n\r\n</body>\r\n</html>'
INFO     requests.session:session.py:42 接收响应      <<<<<< 状态码 = 200
INFO     requests.session:session.py:43 接收响应      <<<<<< 响应头 = {'Server': 'nginx', 'Date': 'Thu, 02 Feb 2023 10:29:21 GMT', 'Content-Type': 'text/html;charset=utf-8', 'Transfer-Encoding': 'chunked', 'Connection': 'keep-alive', 'X-Powered-By': 'PHP/5.6.36', 'Set-Cookie': 'W2S_lastvisit=1%091675333761%09%2Fphpwind%2F; expires=Fri, 02-Feb-2024 10:29:21 GMT; Max-Age=31536000; path=/', 'Content-Encoding': 'gzip', 'Vary': 'Accept-Encoding'}
INFO     requests.session:session.py:44 接收响应      <<<<<< 响应正文 = b'<!doctype html>\r\n<html>\r\n<head>\r\n<meta charset="UTF-8" />\r\n<title>\xe6\x9c\xac\xe7\xab\x99\xe6\x96\xb0\xe5\xb8\x96 - phpwind 9.0 - Powered by phpwind</title>\r\n<meta http-equiv="X-UA-Compatible" content="chrome=1">\r\n<meta name="generator" content="phpwind v9.0.2 20161021" />\r\n<meta name="description" content="\xe3\x80\x90phpwind 9.0\xe3\x80\x91\xe4\xb8\xad\xe7\x9a\x84\xe6\x9c\x80\xe6\x96\xb0\xe5\xb8\x96\xe5\xad\x90\xe5\x88\x97\xe8\xa1\xa8" />\r\n<meta name="keywords" content="" />\r\n<link rel="stylesheet" href="http://47.107.116.139/phpwind/themes/site/default/css/dev/core.css?v=20161021" />\r\n<link rel="stylesheet" href="http://47.107.116.139/phpwind/themes/site/default/css/dev/style.css?v=20161021" />\r\n<!-- <base id="headbase" href="http://47.107.116.139/phpwind/" /> -->\r\n<script>\r\n//\xe5\x85\xa8\xe5\xb1\x80\xe5\x8f\x98\xe9\x87\x8f Global Variables\r\nvar GV = {\r\n\tJS_ROOT : \'http://47.107.116.139/phpwind/res/js/dev/\',\t\t\t\t\t\t\t\t\t\t//js\xe7\x9b\xae\xe5\xbd\x95\r\n\tJS_VERSION : \'20161021\',\t\t\t\t\t\t\t\t\t\t\t//js\xe7\x89\x88\xe6\x9c\xac\xe5\x8f\xb7(\xe4\xb8\x8d\xe8\x83\xbd\xe5\xb8\xa6\xe7\xa9\xba\xe6\xa0\xbc)\r\n\tJS_EXTRES : \'http://47.107.116.139/phpwind/themes/extres\',\r\n\tTOKEN : \'b89c7b83fc4d5825\',\t//token $.ajaxSetup data\r\n\tU_CENTER : \'http://47.107.116.139/phpwind/index.php?m=space\',\t\t//\xe7\x94\xa8\xe6\x88\xb7\xe7\xa9\xba\xe9\x97\xb4(\xe5\x8f\x82\xe6\x95\xb0 : uid)\r\n\t//\xe7\x99\xbb\xe5\xbd\x95\xe5\x90\x8e\r\n\tU_NAME : \'beifan\',\t\t\t\t\t\t\t\t\t\t//\xe7\x99\xbb\xe5\xbd\x95\xe7\x94\xa8\xe6\x88\xb7\xe5\x90\x8d\r\n\tU_AVATAR : \'http://47.107.116.139/phpwind/windid/attachment/avatar/000/00/08/877_middle.jpg\',\t\t\t\t\t\t\t//\xe7\x99\xbb\xe5\xbd\x95\xe7\x94\xa8\xe6\x88\xb7\xe5\xa4\xb4\xe5\x83\x8f\r\n\tU_AVATAR_DEF : \'http://47.107.116.139/phpwind/res/images/face/face_small.jpg\',\t\t\t\t\t//\xe9\xbb\x98\xe8\xae\xa4\xe5\xb0\x8f\xe5\xa4\xb4\xe5\x83\x8f\r\n\tU_ID : parseInt(\'877\'),\t\t\t\t\t\t\t\t\t//uid\r\n\tREGION_CONFIG : \'\',\t\t\t\t\t\t\t\t\t\t\t\t\t\t//\xe5\x9c\xb0\xe5\x8c\xba\xe6\x95\xb0\xe6\x8d\xae\r\n\tCREDIT_REWARD_JUDGE : \'1\',\t\t\t//\xe6\x98\xaf\xe5\x90\xa6\xe7\xa7\xaf\xe5\x88\x86\xe5\xa5\x96\xe5\x8a\xb1\xef\xbc\x8c\xe7\xa9\xba\xe5\x80\xbc:false, 1:true\r\n\tURL : {\r\n\t\tLOGIN : \'http://47.107.116.139/phpwind/index.php?m=u&c=login\',\t\t\t\t\t\t\t\t\t\t//\xe7\x99\xbb\xe5\xbd\x95\xe5\x9c\xb0\xe5\x9d\x80\r\n\t\tQUICK_LOGIN : \'http://47.107.116.139/phpwind/index.php?m=u&c=login&a=fast\',\t\t\t\t\t\t\t\t//\xe5\xbf\xab\xe9\x80\x9f\xe7\x99\xbb\xe5\xbd\x95\r\n\t\tIMAGE_RES: \'http://47.107.116.139/phpwind/res/images\',\t\t\t\t\t\t\t\t\t\t//\xe5\x9b\xbe\xe7\x89\x87\xe7\x9b\xae\xe5\xbd\x95\r\n\t\tCHECK_IMG : \'http://47.107.116.139/phpwind/index.php?m=u&c=login&a=showverify\',\t\t\t\t\t\t\t//\xe9\xaa\x8c\xe8\xaf\x81\xe7\xa0\x81\xe5\x9b\xbe\xe7\x89\x87url\xef\xbc\x8cglobal.js\xe5\xbc\x95\xe7\x94\xa8\r\n\t\tVARIFY : \'http://47.107.116.139/phpwind/index.php?m=verify&a=get\',\t\t\t\t\t\t\t\t\t//\xe9\xaa\x8c\xe8\xaf\x81\xe7\xa0\x81html\r\n\t\tVARIFY_CHECK : \'http://47.107.116.139/phpwind/index.php?m=verify&a=check\',\t\t\t\t\t\t\t//\xe9\xaa\x8c\xe8\xaf\x81\xe7\xa0\x81html\r\n\t\tHEAD_MSG : {\r\n\t\t\tLIST : \'http://47.107.116.139/phpwind/index.php?m=message&c=notice&a=minilist\'\t\t\t\t\t\t\t//\xe5\xa4\xb4\xe9\x83\xa8\xe6\xb6\x88\xe6\x81\xaf_\xe5\x88\x97\xe8\xa1\xa8\r\n\t\t},\r\n\t\tUSER_CARD : \'http://47.107.116.139/phpwind/index.php?m=space&c=card\',\t\t\t\t\t\t\t\t//\xe5\xb0\x8f\xe5\x90\x8d\xe7\x89\x87(\xe5\x8f\x82\xe6\x95\xb0 : uid)\r\n\t\tLIKE_FORWARDING : \'http://47.107.116.139/phpwind/index.php?c=post&a=doreply\',\t\t\t\t\t\t\t//\xe5\x96\x9c\xe6\xac\xa2\xe8\xbd\xac\xe5\x8f\x91(\xe5\x8f\x82\xe6\x95\xb0 : fid)\r\n\t\tREGION : \'http://47.107.116.139/phpwind/index.php?m=misc&c=webData&a=area\',\t\t\t\t\t\t\t\t\t//\xe5\x9c\xb0\xe5\x8c\xba\xe6\x95\xb0\xe6\x8d\xae\r\n\t\tSCHOOL : \'http://47.107.116.139/phpwind/index.php?m=misc&c=webData&a=school\',\t\t\t\t\t\t\t\t//\xe5\xad\xa6\xe6\xa0\xa1\xe6\x95\xb0\xe6\x8d\xae\r\n\t\tEMOTIONS : "http://47.107.116.139/phpwind/index.php?m=emotion&type=bbs",\t\t\t\t\t//\xe8\xa1\xa8\xe6\x83\x85\xe6\x95\xb0\xe6\x8d\xae\r\n\t\tCRON_AJAX : \'\',\t\t\t\t\t\t\t\t\t\t\t//\xe8\xae\xa1\xe5\x88\x92\xe4\xbb\xbb\xe5\x8a\xa1 \xe5\x90\x8e\xe7\xab\xaf\xe8\xbe\x93\xe5\x87\xba\xe6\x89\xa7\xe8\xa1\x8c\r\n\t\tFORUM_LIST : \'http://47.107.116.139/phpwind/index.php?c=forum&a=list\',\t\t\t\t\t\t\t\t//\xe7\x89\x88\xe5\x9d\x97\xe5\x88\x97\xe8\xa1\xa8\xe6\x95\xb0\xe6\x8d\xae\r\n\t\tCREDIT_REWARD_DATA : \'http://47.107.116.139/phpwind/index.php?m=u&a=showcredit\',\t\t\t\t\t//\xe7\xa7\xaf\xe5\x88\x86\xe5\xa5\x96\xe5\x8a\xb1 \xe6\x95\xb0\xe6\x8d\xae\r\n\t\tAT_URL: \'http://47.107.116.139/phpwind/index.php?c=remind\',\t\t\t\t\t\t\t\t\t//@\xe5\xa5\xbd\xe5\x8f\x8b\xe5\x88\x97\xe8\xa1\xa8\xe6\x8e\xa5\xe5\x8f\xa3\r\n\t\tTOPIC_TYPIC: \'http://47.107.116.139/phpwind/index.php?c=forum&a=topictype\'\t\t\t\t\t\t\t//\xe4\xb8\xbb\xe9\xa2\x98\xe5\x88\x86\xe7\xb1\xbb\r\n\t}\r\n};\r\n</script>\r\n<script src="http://47.107.116.139/phpwind/res/js/dev/wind.js?v=20161021"></script>\r\n<link href="http://47.107.116.139/phpwind/themes/site/default/css/dev/forum.css?v=20161021" rel="stylesheet" />\r\n</head>\r\n<body>\r\n<style type="text/css">\r\n</style><div class="wrap">\r\n<header class="header_wrap">\r\n\t<div id="J_header" class="header cc">\r\n\t\t<div class="logo">\r\n\t\t\t<a href="http://47.107.116.139/phpwind/">\r\n\t\t\t\t\t\t\t\t<img src="http://47.107.116.139/phpwind/themes/site/default/images/logo.png" alt="phpwind 9.0">\r\n\t\t\t\t\t\t\t</a>\r\n\t\t</div>\r\n\t\t<nav class="nav_wrap">\r\n\t\t\t<div class="nav">\r\n\t\t\t\t<ul>\r\n\t\t\t\t\t\t<li class="current"><a href="index.php?m=bbs">\xe8\xae\xba\xe5\x9d\x9b</a></li>\r\n\t\t\t\t\t\t<li class=""><a href="index.php?m=bbs&c=forumlist">\xe7\x89\x88\xe5\x9d\x97</a></li>\r\n\t\t\t\t\t\t<li class=""><a href="index.php?m=like&c=like">\xe5\x96\x9c\xe6\xac\xa2</a></li>\r\n\t\t\t\t\t\t<li class=""><a href="index.php?m=tag">\xe8\xaf\x9d\xe9\xa2\x98</a></li>\r\n\t\t\t\t\t</ul>\r\n\t\t\t</div>\r\n\t\t</nav>\r\n\t\t\t\t<div class="header_search" role="search">\r\n\t\t\t<form action="http://47.107.116.139/phpwind/index.php?m=search&c=s" method="post">\r\n\t\t\t\t<input type="text" id="s" aria-label="\xe6\x90\x9c\xe7\xb4\xa2\xe5\x85\xb3\xe9\x94\xae\xe8\xaf\x8d" accesskey="s" placeholder="\xe6\x90\x9c\xe7\xb4\xa2\xe5\x85\xb6\xe5\xae\x9e\xe5\xbe\x88\xe7\xae\x80\xe5\x8d\x95" x-webkit-speech speech name="keyword"/>\r\n\t\t\t\t<button type="submit" aria-label="\xe6\x90\x9c\xe7\xb4\xa2"><span>\xe6\x90\x9c\xe7\xb4\xa2</span></button>\r\n\t\t\t<input type="hidden" name="csrf_token" value="b89c7b83fc4d5825"/><input type="hidden" name="csrf_token" value="b89c7b83fc4d5825"/></form>\r\n\t\t</div>\r\n\t\t\t<a class="header_login_btn" id="J_head_forum_post" role="button" aria-label="\xe5\xbf\xab\xe9\x80\x9f\xe5\x8f\x91\xe5\xb8\x96" aria-haspopup="J_head_forum_pop" href="#" title="\xe5\xbf\xab\xe9\x80\x9f\xe5\x8f\x91\xe5\xb8\x96" tabindex="-1"><span class="inside"><span class="header_post" >\xe5\x8f\x91\xe5\xb8\x96</span></span></a>\r\n\t<div id="J_head_forum_pop" tabindex="0" class="pop_select_forum" style="display:none;" aria-label="\xe5\xbf\xab\xe9\x80\x9f\xe5\x8f\x91\xe5\xb8\x96\xe8\x8f\x9c\xe5\x8d\x95,\xe6\x8c\x89ESC\xe9\x94\xae\xe5\x85\xb3\xe9\x97\xad\xe8\x8f\x9c\xe5\x8d\x95">\r\n\t\t<a id="J_head_forum_close" href="#" class="pop_close" role="button">\xe5\x85\xb3\xe9\x97\xad\xe7\xaa\x97\xe5\x8f\xa3</a>\r\n\t\t<div class="core_arrow_top" style="left:310px;"><em></em><span></span></div>\r\n\t\t<div class="hd">\xe5\x8f\x91\xe5\xb8\x96\xe5\x88\xb0\xe5\x85\xb6\xe4\xbb\x96\xe7\x89\x88\xe5\x9d\x97</div>\r\n\t\t<div id="J_head_forum_ct" class="ct cc" data-fid="0" data-cid="0">\r\n\t\t\t<div class="pop_loading"></div>\r\n\t\t</div>\r\n\t\t<div class="ft">\r\n\t\t\t<div class="associate">\r\n\t\t\t\t<label class="fr"><input type="checkbox" id="J_head_forum_join" data-url="http://47.107.116.139/phpwind/index.php?c=forum&a=join">\xe6\xb7\xbb\xe5\x8a\xa0\xe5\x88\xb0\xe6\x88\x91\xe7\x9a\x84\xe7\x89\x88\xe5\x9d\x97</label>\r\n\t\t\t\t\xe5\x8f\x91\xe5\xb8\x96\xe5\x88\xb0\xef\xbc\x9a<span id="J_post_to_forum"></span>\r\n\t\t\t</div>\r\n\t\t\t<div class="tac">\r\n\t\t\t\t<button type="button" class="btn btn_submit disabled" disabled="disabled" id="J_head_forum_sub" data-url="http://47.107.116.139/phpwind/index.php?c=post">\xe7\xa1\xae\xe5\xae\x9a</button>\r\n\t\t\t</div>\r\n\t\t</div>\r\n\t</div>\r\n\t\t<a class="header_login_btn" id="J_head_msg_btn" tabindex="0" href="http://47.107.116.139/phpwind/index.php?m=message&c=message" aria-haspopup="J_head_msg_pop" aria-label="\xe6\xb6\x88\xe6\x81\xaf\xe8\x8f\x9c\xe5\x8d\x95,\xe6\x8c\x89pagedown\xe6\x89\x93\xe5\xbc\x80\xe8\x8f\x9c\xe5\x8d\x95,tab\xe9\x94\xae\xe5\xaf\xbc\xe8\x88\xaa,esc\xe9\x94\xae\xe5\x85\xb3\xe9\x97\xad"><span class="inside"><span class="header_message">\xe6\xb6\x88\xe6\x81\xaf<em class="core_num J_hm_num">5</em></span></span></a>\r\n\t<!--\xe6\xb6\x88\xe6\x81\xaf\xe4\xb8\x8b\xe6\x8b\x89\xe8\x8f\x9c\xe5\x8d\x95-->\r\n\t<div id="J_head_msg_pop" tabindex="0" aria-label="\xe6\xb6\x88\xe6\x81\xaf\xe4\xb8\x8b\xe6\x8b\x89\xe8\x8f\x9c\xe5\x8d\x95,\xe6\x8c\x89ESC\xe9\x94\xae\xe5\x85\xb3\xe9\x97\xad\xe8\x8f\x9c\xe5\x8d\x95" class="header_menu_wrap my_message_menu" style="display:none;">\r\n\t\t<div class="header_menu cc">\r\n\t\t\t<div class="header_menu_hd" id="J_head_pl_hm"><span class="header_message header_message_down">\xe6\xb6\x88\xe6\x81\xaf<em class="core_num J_hm_num">5</em></span></div>\r\n\t\t\t<div id="J_head_msg" class="my_message_content"><div class="pop_loading"></div></div>\r\n\t\t</div>\r\n\t</div>\r\n\t<div class="header_login_later">\r\n\t\t\t\t<a aria-haspopup="J_head_user_menu" aria-label="\xe4\xb8\xaa\xe4\xba\xba\xe5\x8a\x9f\xe8\x83\xbd\xe8\x8f\x9c\xe5\x8d\x95,\xe6\x8c\x89pagedown\xe6\x89\x93\xe5\xbc\x80\xe8\x8f\x9c\xe5\x8d\x95,tab\xe9\x94\xae\xe5\xaf\xbc\xe8\x88\xaa,esc\xe9\x94\xae\xe5\x85\xb3\xe9\x97\xad" tabindex="0" rel="nofollow" href="http://47.107.116.139/phpwind/index.php?m=space&uid=877" id="J_head_user_a" class="username" title="beifan">beifan<em class="core_arrow"></em></a>\r\n\t\t\t\t<div class="fl">\r\n\t\t<div id="J_head_user_menu" role="menu" class="header_menu_wrap my_menu_wrap" style="display:none;">\r\n\t\t\t<div class="header_menu my_menu cc">\r\n\t\t\t\t<div class="header_menu_hd" id="J_head_pl_user"><span title="beifan" class="username">beifan</span><em class="core_arrow_up"></em></div>\r\n\t\t\t\t<ul class="ct cc">\r\n\t\t\t\t\t\t\t\t\t<li><a href="index.php?m=space"><em class="icon_space"></em>\xe6\x88\x91\xe7\x9a\x84\xe7\xa9\xba\xe9\x97\xb4</a></li>\r\n\t\t\t\t\t\t\t\t\t<li><a href="index.php?m=my&c=fresh"><em class="icon_fresh"></em>\xe6\x88\x91\xe7\x9a\x84\xe5\x85\xb3\xe6\xb3\xa8</a></li>\r\n\t\t\t\t\t\t\t\t\t<li><a href="index.php?m=bbs&c=forum&a=my"><em class="icon_forum"></em>\xe6\x88\x91\xe7\x9a\x84\xe7\x89\x88\xe5\x9d\x97</a></li>\r\n\t\t\t\t\t\t\t\t\t<li><a href="index.php?m=my&c=article"><em class="icon_article"></em>\xe6\x88\x91\xe7\x9a\x84\xe5\xb8\x96\xe5\xad\x90</a></li>\r\n\t\t\t\t\t\t\t\t\t<li><a href="index.php?m=vote&c=my"><em class="icon_vote"></em>\xe6\x88\x91\xe7\x9a\x84\xe6\x8a\x95\xe7\xa5\xa8</a></li>\r\n\t\t\t\t\t\t\t\t\t<li><a href="index.php?m=task"><em class="icon_task"></em>\xe6\x88\x91\xe7\x9a\x84\xe4\xbb\xbb\xe5\x8a\xa1</a></li>\r\n\t\t\t\t\t\t\t\t\t<li><a href="index.php?m=medal"><em class="icon_medal"></em>\xe6\x88\x91\xe7\x9a\x84\xe5\x8b\x8b\xe7\xab\xa0</a></li>\r\n\t\t\t\t\t\t\t\t</ul>\r\n\t\t\t\t<ul class="ft cc">\r\n\t\t\t\t\t<li><a href="http://47.107.116.139/phpwind/index.php?m=profile"><em class="icon_profile"></em>\xe4\xb8\xaa\xe4\xba\xba\xe8\xae\xbe\xe7\xbd\xae</a></li>\r\n\t\t\t\t\t\t\t\t\t\t<li><a href="http://47.107.116.139/phpwind/index.php?m=u&c=login&a=logout" rel="nofollow"><em class="icon_quit"></em>\xe9\x80\x80\xe5\x87\xba</a></li>\r\n\t\t\t\t</ul>\r\n\t\t\t</div>\r\n\t\t</div>\r\n\t\t</div>\r\n\t</div>\r\n\t\t<audio autoplay="autoplay">\r\n\t\t<source src="http://47.107.116.139/phpwind/themes/site/default/images/message/msg.wav" type="audio/wav" />\r\n\t\t<source src="http://47.107.116.139/phpwind/themes/site/default/images/message/msg.mp3" type="audio/mp3" />\r\n\t\t<div style=\'overflow:hidden;width:0;float:left\'><embed src=\'http://47.107.116.139/phpwind/themes/site/default/images/message/msg.wav\' width=\'0\' height=\'0\' AutoStart=\'true\' type=\'application/x-mplayer2\'></embed></div>\r\n\t</audio>\r\n\t\r\n\t</div>\r\n</header>\r\n<div class="tac"> </div>\r\n\t<div class="main_wrap">\r\n\t\t\r\n\t\t<div class="bread_crumb" id="bread_crumb">\r\n\t\t\t<a href="http://47.107.116.139/phpwind/" class="home" title="phpwind 9.0">\xe9\xa6\x96\xe9\xa1\xb5</a><em>&gt;</em><a href="http://47.107.116.139/phpwind/">\xe6\x9c\xac\xe7\xab\x99\xe6\x96\xb0\xe5\xb8\x96</a>\r\n\t\t</div>\r\n\t\t\r\n\t\t<div id="cloudwind_forum_top"></div>\r\n\t\t<div class="main cc">\r\n\t\t\t<div class="main_body">\r\n\t\t\t\t<div class="main_content cc">\r\n\t\t\t\t\t\r\n\t\t\t\t\t \r\n\t\t\t\t\t<div class="box_wrap thread_page J_check_wrap">\r\n\t\t\t\t\t\t<nav>\r\n\t\t\t\t\t\t\t<div class="content_nav" id="hashpos_ttype">\r\n\t\t\t\t\t\t\t\t<div class="content_filter"><a href="http://47.107.116.139/phpwind/index.php?order=postdate" class="">\xe6\x9c\x80\xe6\x96\xb0\xe5\x8f\x91\xe5\xb8\x96</a><span>|</span><a href="http://47.107.116.139/phpwind/index.php?order=lastpost" class=" current">\xe6\x9c\x80\xe5\x90\x8e\xe5\x9b\x9e\xe5\xa4\x8d</a></div>\r\n\t\t\t\t\t\t\t\t<ul>\r\n\t\t\t\t\t\t\t\t\t<li class="current"><a href="http://47.107.116.139/phpwind/index.php?order=lastpost">\xe6\x9c\xac\xe7\xab\x99\xe6\x96\xb0\xe5\xb8\x96</a></li>\r\n\t\t\t\t\t\t\t\t\t<li><a rel="nofollow" href="http://47.107.116.139/phpwind/index.php?c=forum&a=my">\xe6\x88\x91\xe7\x9a\x84\xe7\x89\x88\xe5\x9d\x97</a></li>\t\t\t\t\t\t\t\t</ul>\r\n\t\t\t\t\t\t\t</div>\r\n\t\t\t\t\t\t</nav>\r\n\t\t\t\t\t\t<!--\xe5\x85\xac\xe5\x91\x8a-->\r\n\t\t\t\t\t\t\t\t\t\t\t\t<!--\xe5\x85\xac\xe5\x91\x8a\xe7\xbb\x93\xe6\x9d\x9f-->\r\n\t\t\t\t\t\t\t\t\t\t\t\t<div class="thread_posts_list">\r\n\t\t\t\t\t\t\t<table width="100%" id="J_posts_list" summary="\xe5\xb8\x96\xe5\xad\x90\xe5\x88\x97\xe8\xa1\xa8">\r\n\t\t\t\t\t\t\t\t\t\t\t\t\t\t\t\t<tr>\r\n\t\t\t\t\t\t\t\t\t<td class="author"><a class="J_user_card_show" data-uid="10611" href="http://47.107.116.139/phpwind/index.php?m=space&uid=10611"><img src="http://47.107.116.139/phpwind/windid/attachment/avatar/000/01/06/10611_small.jpg" onerror="this.onerror=null;this.src=\'http://47.107.116.139/phpwind/res/images/face/face_small.jpg\'" width="45" height="45" alt="samu" /></a></td>\r\n\t\t\t\t\t\t\t\t\t<td class="subject">\r\n\t\t\t\t\t\t\t\t\t\t<p class="title">\r\n\t\t\t\t\t\t\t\t\t\t\t\t\t\t\t\t\t\t\t\t\t\t<a href="http://47.107.116.139/phpwind/read.php?tid=15653&fid=2" target="_blank"><span class="posts_icon"><i class="icon_topic" title="\xe6\x99\xae\xe9\x80\x9a\xe5\xb8\x96  \xe6\x96\xb0\xe7\xaa\x97\xe5\x8f\xa3\xe6\x89\x93\xe5\xbc\x80"></i></span></a>\r\n\t\t\t\t\t\t\t\t\t\t\t\t\t\t\t\t\t\t\t\t\t\t<a href="http://47.107.116.139/phpwind/index.php?c=thread&fid=2" class="st">[\xe6\x96\xb0\xe7\x89\x88\xe5\x9d\x97]</a>\r\n\t\t\t\t\t\t\t\t\t\t\t\t\t\t\t\t\t\t\t\t\t\t<a href="http://47.107.116.139/phpwind/read.php?tid=15653&fid=2" class="st" style="" title="pytest_1675325097.6695313">pytest_1675325097.6695313</a>\r\n\t\t\t\t\t\t\t\t\t\t\t\t\t\t\t\t\t\t\t\t\t</p>\r\n\t\t\t\t\t\t\t\t\t\t<p class="info">\r\n\t\t\t\t\t\t\t\t\t\t\t\xe6\xa5\xbc\xe4\xb8\xbb\xef\xbc\x9a<a class="J_user_card_show" data-uid="10611" href="http://47.107.116.139/phpwind/index.php?m=space&uid=10611">samu</a><span>2023-02-02</span>\r\n\t\t\t\t\t\t\t\t\t\t\t\xe6\x9c\x80\xe5\x90\x8e\xe5\x9b\x9e\xe5\xa4\x8d\xef\xbc\x9a<a class="J_user_card_show" data-uid="10611" href="http://47.107.116.139/phpwind/index.php?m=space&uid=10611">samu</a><span><a href="http://47.107.116.139/phpwind/read.php?tid=15653&fid=2&page=e#a" rel="nofollow" aria-label="\xe6\x9c\x80\xe5\x90\x8e\xe5\x9b\x9e\xe5\xa4\x8d\xe6\x97\xb6\xe9\x97\xb4">02-02 16:05</a></span>\r\n\t\t\t\t\t\t\t\t\t\t</p>\r\n\t\t\t\t\t\t\t\t\t</td>\r\n\t\t\t\t\t\t\t\t\t<td class="num">\r\n\t\t\t\t\t\t\t\t\t\t<span>\xe5\x9b\x9e\xe5\xa4\x8d<em>1</em></span>\r\n\t\t\t\t\t\t\t\t\t\t<span>\xe6\xb5\x8f\xe8\xa7\x88<em>1</em></span>\r\n\t\t\t\t\t\t\t\t\t</td>\r\n\t\t\t\t\t\t\t\t</tr>\r\n\t\t\t\t\t\t\t\t\t\t\t\t\t\t\t\t<tr>\r\n\t\t\t\t\t\t\t\t\t<td class="author"><a class="J_user_card_show" data-uid="10611" href="http://47.107.116.139/phpwind/index.php?m=space&uid=10611"><img src="http://47.107.116.139/phpwind/windid/attachment/avatar/000/01/06/10611_small.jpg" onerror="this.onerror=null;this.src=\'http://47.107.116.139/phpwind/res/images/face/face_small.jpg\'" width="45" height="45" alt="samu" /></a></td>\r\n\t\t\t\t\t\t\t\t\t<td class="subject">\r\n\t\t\t\t\t\t\t\t\t\t<p class="title">\r\n\t\t\t\t\t\t\t\t\t\t\t\t\t\t\t\t\t\t\t\t\t\t<a href="http://47.107.116.139/phpwind/read.php?tid=15652&fid=2" target="_blank"><span class="posts_icon"><i class="icon_topic" title="\xe6\x99\xae\xe9\x80\x9a\xe5\xb8\x96  \xe6\x96\xb0\xe7\xaa\x97\xe5\x8f\xa3\xe6\x89\x93\xe5\xbc\x80"></i></span></a>\r\n\t\t\t\t\t\t\t\t\t\t\t\t\t\t\t\t\t\t\t\t\t\t<a href="http://47.107.116.139/phpwind/index.php?c=thread&fid=2" class="st">[\xe6\x96\xb0\xe7\x89\x88\xe5\x9d\x97]</a>\r\n\t\t\t\t\t\t\t\t\t\t\t\t\t\t\t\t\t\t\t\t\t\t<a href="http://47.107.116.139/phpwind/read.php?tid=15652&fid=2" class="st" style="" title="pytest_1675324607.5379455">pytest_1675324607.5379455</a>\r\n\t\t\t\t\t\t\t\t\t\t\t\t\t\t\t\t\t\t\t\t\t</p>\r\n\t\t\t\t\t\t\t\t\t\t<p class="info">\r\n\t\t\t\t\t\t\t\t\t\t\t\xe6\xa5\xbc\xe4\xb8\xbb\xef\xbc\x9a<a class="J_user_card_show" data-uid="10611" href="http://47.107.116.139/phpwind/index.php?m=space&uid=10611">samu</a><span>2023-02-02</span>\r\n\t\t\t\t\t\t\t\t\t\t\t\xe6\x9c\x80\xe5\x90\x8e\xe5\x9b\x9e\xe5\xa4\x8d\xef\xbc\x9a<a class="J_user_card_show" data-uid="10611" href="http://47.107.116.139/phpwind/index.php?m=space&uid=10611">samu</a><span><a href="http://47.107.116.139/phpwind/read.php?tid=15652&fid=2&page=e#a" rel="nofollow" aria-label="\xe6\x9c\x80\xe5\x90\x8e\xe5\x9b\x9e\xe5\xa4\x8d\xe6\x97\xb6\xe9\x97\xb4">02-02 15:56</a></span>\r\n\t\t\t\t\t\t\t\t\t\t</p>\r\n\t\t\t\t\t\t\t\t\t</td>\r\n\t\t\t\t\t\t\t\t\t<td class="num">\r\n\t\t\t\t\t\t\t\t\t\t<span>\xe5\x9b\x9e\xe5\xa4\x8d<em>1</em></span>\r\n\t\t\t\t\t\t\t\t\t\t<span>\xe6\xb5\x8f\xe8\xa7\x88<em>1</em></span>\r\n\t\t\t\t\t\t\t\t\t</td>\r\n\t\t\t\t\t\t\t\t</tr>\r\n\t\t\t\t\t\t\t\t\t\t\t\t\t\t\t\t<tr>\r\n\t\t\t\t\t\t\t\t\t<td class="author"><a class="J_user_card_show" data-uid="10611" href="http://47.107.116.139/phpwind/index.php?m=space&uid=10611"><img src="http://47.107.116.139/phpwind/windid/attachment/avatar/000/01/06/10611_small.jpg" onerror="this.onerror=null;this.src=\'http://47.107.116.139/phpwind/res/images/face/face_small.jpg\'" width="45" height="45" alt="samu" /></a></td>\r\n\t\t\t\t\t\t\t\t\t<td class="subject">\r\n\t\t\t\t\t\t\t\t\t\t<p class="title">\r\n\t\t\t\t\t\t\t\t\t\t\t\t\t\t\t\t\t\t\t\t\t\t<a href="http://47.107.116.139/phpwind/read.php?tid=15651&fid=2" target="_blank"><span class="posts_icon"><i class="icon_topic" title="\xe6\x99\xae\xe9\x80\x9a\xe5\xb8\x96  \xe6\x96\xb0\xe7\xaa\x97\xe5\x8f\xa3\xe6\x89\x93\xe5\xbc\x80"></i></span></a>\r\n\t\t\t\t\t\t\t\t\t\t\t\t\t\t\t\t\t\t\t\t\t\t<a href="http://47.107.116.139/phpwind/index.php?c=thread&fid=2" class="st">[\xe6\x96\xb0\xe7\x89\x88\xe5\x9d\x97]</a>\r\n\t\t\t\t\t\t\t\t\t\t\t\t\t\t\t\t\t\t\t\t\t\t<a href="http://47.107.116.139/phpwind/read.php?tid=15651&fid=2" class="st" style="" title="pytest_1675324369.6978676">pytest_1675324369.6978676</a>\r\n\t\t\t\t\t\t\t\t\t\t\t\t\t\t\t\t\t\t\t\t\t</p>\r\n\t\t\t\t\t\t\t\t\t\t<p class="info">\r\n\t\t\t\t\t\t\t\t\t\t\t\xe6\xa5\xbc\xe4\xb8\xbb\xef\xbc\x9a<a class="J_user_card_show" data-uid="10611" href="http://47.107.116.139/phpwind/index.php?m=space&uid=10611">samu</a><span>2023-02-02</span>\r\n\t\t\t\t\t\t\t\t\t\t\t\xe6\x9c\x80\xe5\x90\x8e\xe5\x9b\x9e\xe5\xa4\x8d\xef\xbc\x9a<a class="J_user_card_show" data-uid="10611" href="http://47.107.116.139/phpwind/index.php?m=space&uid=10611">samu</a><span><a href="http://47.107.116.139/phpwind/read.php?tid=15651&fid=2&page=e#a" rel="nofollow" aria-label="\xe6\x9c\x80\xe5\x90\x8e\xe5\x9b\x9e\xe5\xa4\x8d\xe6\x97\xb6\xe9\x97\xb4">02-02 15:52</a></span>\r\n\t\t\t\t\t\t\t\t\t\t</p>\r\n\t\t\t\t\t\t\t\t\t</td>\r\n\t\t\t\t\t\t\t\t\t<td class="num">\r\n\t\t\t\t\t\t\t\t\t\t<span>\xe5\x9b\x9e\xe5\xa4\x8d<em>1</em></span>\r\n\t\t\t\t\t\t\t\t\t\t<span>\xe6\xb5\x8f\xe8\xa7\x88<em>1</em></span>\r\n\t\t\t\t\t\t\t\t\t</td>\r\n\t\t\t\t\t\t\t\t</tr>\r\n\t\t\t\t\t\t\t\t\t\t\t\t\t\t\t\t<tr>\r\n\t\t\t\t\t\t\t\t\t<td class="author"><a class="J_user_card_show" data-uid="10611" href="http://47.107.116.139/phpwind/index.php?m=space&uid=10611"><img src="http://47.107.116.139/phpwind/windid/attachment/avatar/000/01/06/10611_small.jpg" onerror="this.onerror=null;this.src=\'http://47.107.116.139/phpwind/res/images/face/face_small.jpg\'" width="45" height="45" alt="samu" /></a></td>\r\n\t\t\t\t\t\t\t\t\t<td class="subject">\r\n\t\t\t\t\t\t\t\t\t\t<p class="title">\r\n\t\t\t\t\t\t\t\t\t\t\t\t\t\t\t\t\t\t\t\t\t\t<a href="http://47.107.116.139/phpwind/read.php?tid=15650&fid=2" target="_blank"><span class="posts_icon"><i class="icon_topic" title="\xe6\x99\xae\xe9\x80\x9a\xe5\xb8\x96  \xe6\x96\xb0\xe7\xaa\x97\xe5\x8f\xa3\xe6\x89\x93\xe5\xbc\x80"></i></span></a>\r\n\t\t\t\t\t\t\t\t\t\t\t\t\t\t\t\t\t\t\t\t\t\t<a href="http://47.107.116.139/phpwind/index.php?c=thread&fid=2" class="st">[\xe6\x96\xb0\xe7\x89\x88\xe5\x9d\x97]</a>\r\n\t\t\t\t\t\t\t\t\t\t\t\t\t\t\t\t\t\t\t\t\t\t<a href="http://47.107.116.139/phpwind/read.php?tid=15650&fid=2" class="st" style="" title="pytest_1675324320.347515">pytest_1675324320.347515</a>\r\n\t\t\t\t\t\t\t\t\t\t\t\t\t\t\t\t\t\t\t\t\t</p>\r\n\t\t\t\t\t\t\t\t\t\t<p class="info">\r\n\t\t\t\t\t\t\t\t\t\t\t\xe6\xa5\xbc\xe4\xb8\xbb\xef\xbc\x9a<a class="J_user_card_show" data-uid="10611" href="http://47.107.116.139/phpwind/index.php?m=space&uid=10611">samu</a><span>2023-02-02</span>\r\n\t\t\t\t\t\t\t\t\t\t\t\xe6\x9c\x80\xe5\x90\x8e\xe5\x9b\x9e\xe5\xa4\x8d\xef\xbc\x9a<a class="J_user_card_show" data-uid="10611" href="http://47.107.116.139/phpwind/index.php?m=space&uid=10611">samu</a><span><a href="http://47.107.116.139/phpwind/read.php?tid=15650&fid=2&page=e#a" rel="nofollow" aria-label="\xe6\x9c\x80\xe5\x90\x8e\xe5\x9b\x9e\xe5\xa4\x8d\xe6\x97\xb6\xe9\x97\xb4">02-02 15:52</a></span>\r\n\t\t\t\t\t\t\t\t\t\t</p>\r\n\t\t\t\t\t\t\t\t\t</td>\r\n\t\t\t\t\t\t\t\t\t<td class="num">\r\n\t\t\t\t\t\t\t\t\t\t<span>\xe5\x9b\x9e\xe5\xa4\x8d<em>1</em></span>\r\n\t\t\t\t\t\t\t\t\t\t<span>\xe6\xb5\x8f\xe8\xa7\x88<em>1</em></span>\r\n\t\t\t\t\t\t\t\t\t</td>\r\n\t\t\t\t\t\t\t\t</tr>\r\n\t\t\t\t\t\t\t\t\t\t\t\t\t\t\t\t<tr>\r\n\t\t\t\t\t\t\t\t\t<td class="author"><a class="J_user_card_show" data-uid="10611" href="http://47.107.116.139/phpwind/index.php?m=space&uid=10611"><img src="http://47.107.116.139/phpwind/windid/attachment/avatar/000/01/06/10611_small.jpg" onerror="this.onerror=null;this.src=\'http://47.107.116.139/phpwind/res/images/face/face_small.jpg\'" width="45" height="45" alt="samu" /></a></td>\r\n\t\t\t\t\t\t\t\t\t<td class="subject">\r\n\t\t\t\t\t\t\t\t\t\t<p class="title">\r\n\t\t\t\t\t\t\t\t\t\t\t\t\t\t\t\t\t\t\t\t\t\t<a href="http://47.107.116.139/phpwind/read.php?tid=15649&fid=2" target="_blank"><span class="posts_icon"><i class="icon_topic" title="\xe6\x99\xae\xe9\x80\x9a\xe5\xb8\x96  \xe6\x96\xb0\xe7\xaa\x97\xe5\x8f\xa3\xe6\x89\x93\xe5\xbc\x80"></i></span></a>\r\n\t\t\t\t\t\t\t\t\t\t\t\t\t\t\t\t\t\t\t\t\t\t<a href="http://47.107.116.139/phpwind/index.php?c=thread&fid=2" class="st">[\xe6\x96\xb0\xe7\x89\x88\xe5\x9d\x97]</a>\r\n\t\t\t\t\t\t\t\t\t\t\t\t\t\t\t\t\t\t\t\t\t\t<a href="http://47.107.116.139/phpwind/read.php?tid=15649&fid=2" class="st" style="" title="pytest_1675324268.7471006">pytest_1675324268.7471006</a>\r\n\t\t\t\t\t\t\t\t\t\t\t\t\t\t\t\t\t\t\t\t\t</p>\r\n\t\t\t\t\t\t\t\t\t\t<p class="info">\r\n\t\t\t\t\t\t\t\t\t\t\t\xe6\xa5\xbc\xe4\xb8\xbb\xef\xbc\x9a<a class="J_user_card_show" data-uid="10611" href="http://47.107.116.139/phpwind/index.php?m=space&uid=10611">samu</a><span>2023-02-02</span>\r\n\t\t\t\t\t\t\t\t\t\t\t\xe6\x9c\x80\xe5\x90\x8e\xe5\x9b\x9e\xe5\xa4\x8d\xef\xbc\x9a<a class="J_user_card_show" data-uid="10611" href="http://47.107.116.139/phpwind/index.php?m=space&uid=10611">samu</a><span><a href="http://47.107.116.139/phpwind/read.php?tid=15649&fid=2&page=e#a" rel="nofollow" aria-label="\xe6\x9c\x80\xe5\x90\x8e\xe5\x9b\x9e\xe5\xa4\x8d\xe6\x97\xb6\xe9\x97\xb4">02-02 15:51</a></span>\r\n\t\t\t\t\t\t\t\t\t\t</p>\r\n\t\t\t\t\t\t\t\t\t</td>\r\n\t\t\t\t\t\t\t\t\t<td class="num">\r\n\t\t\t\t\t\t\t\t\t\t<span>\xe5\x9b\x9e\xe5\xa4\x8d<em>1</em></span>\r\n\t\t\t\t\t\t\t\t\t\t<span>\xe6\xb5\x8f\xe8\xa7\x88<em>1</em></span>\r\n\t\t\t\t\t\t\t\t\t</td>\r\n\t\t\t\t\t\t\t\t</tr>\r\n\t\t\t\t\t\t\t\t\t\t\t\t\t\t\t\t<tr>\r\n\t\t\t\t\t\t\t\t\t<td class="author"><a class="J_user_card_show" data-uid="10611" href="http://47.107.116.139/phpwind/index.php?m=space&uid=10611"><img src="http://47.107.116.139/phpwind/windid/attachment/avatar/000/01/06/10611_small.jpg" onerror="this.onerror=null;this.src=\'http://47.107.116.139/phpwind/res/images/face/face_small.jpg\'" width="45" height="45" alt="samu" /></a></td>\r\n\t\t\t\t\t\t\t\t\t<td class="subject">\r\n\t\t\t\t\t\t\t\t\t\t<p class="title">\r\n\t\t\t\t\t\t\t\t\t\t\t\t\t\t\t\t\t\t\t\t\t\t<a href="http://47.107.116.139/phpwind/read.php?tid=15648&fid=2" target="_blank"><span class="posts_icon"><i class="icon_topic" title="\xe6\x99\xae\xe9\x80\x9a\xe5\xb8\x96  \xe6\x96\xb0\xe7\xaa\x97\xe5\x8f\xa3\xe6\x89\x93\xe5\xbc\x80"></i></span></a>\r\n\t\t\t\t\t\t\t\t\t\t\t\t\t\t\t\t\t\t\t\t\t\t<a href="http://47.107.116.139/phpwind/index.php?c=thread&fid=2" class="st">[\xe6\x96\xb0\xe7\x89\x88\xe5\x9d\x97]</a>\r\n\t\t\t\t\t\t\t\t\t\t\t\t\t\t\t\t\t\t\t\t\t\t<a href="http://47.107.116.139/phpwind/read.php?tid=15648&fid=2" class="st" style="" title="pytest_1675324219.9098566">pytest_1675324219.9098566</a>\r\n\t\t\t\t\t\t\t\t\t\t\t\t\t\t\t\t\t\t\t\t\t</p>\r\n\t\t\t\t\t\t\t\t\t\t<p class="info">\r\n\t\t\t\t\t\t\t\t\t\t\t\xe6\xa5\xbc\xe4\xb8\xbb\xef\xbc\x9a<a class="J_user_card_show" data-uid="10611" href="http://47.107.116.139/phpwind/index.php?m=space&uid=10611">samu</a><span>2023-02-02</span>\r\n\t\t\t\t\t\t\t\t\t\t\t\xe6\x9c\x80\xe5\x90\x8e\xe5\x9b\x9e\xe5\xa4\x8d\xef\xbc\x9a<a class="J_user_card_show" data-uid="10611" href="http://47.107.116.139/phpwind/index.php?m=space&uid=10611">samu</a><span><a href="http://47.107.116.139/phpwind/read.php?tid=15648&fid=2&page=e#a" rel="nofollow" aria-label="\xe6\x9c\x80\xe5\x90\x8e\xe5\x9b\x9e\xe5\xa4\x8d\xe6\x97\xb6\xe9\x97\xb4">02-02 15:50</a></span>\r\n\t\t\t\t\t\t\t\t\t\t</p>\r\n\t\t\t\t\t\t\t\t\t</td>\r\n\t\t\t\t\t\t\t\t\t<td class="num">\r\n\t\t\t\t\t\t\t\t\t\t<span>\xe5\x9b\x9e\xe5\xa4\x8d<em>1</em></span>\r\n\t\t\t\t\t\t\t\t\t\t<span>\xe6\xb5\x8f\xe8\xa7\x88<em>1</em></span>\r\n\t\t\t\t\t\t\t\t\t</td>\r\n\t\t\t\t\t\t\t\t</tr>\r\n\t\t\t\t\t\t\t\t\t\t\t\t\t\t\t\t<tr>\r\n\t\t\t\t\t\t\t\t\t<td class="author"><a class="J_user_card_show" data-uid="10611" href="http://47.107.116.139/phpwind/index.php?m=space&uid=10611"><img src="http://47.107.116.139/phpwind/windid/attachment/avatar/000/01/06/10611_small.jpg" onerror="this.onerror=null;this.src=\'http://47.107.116.139/phpwind/res/images/face/face_small.jpg\'" width="45" height="45" alt="samu" /></a></td>\r\n\t\t\t\t\t\t\t\t\t<td class="subject">\r\n\t\t\t\t\t\t\t\t\t\t<p class="title">\r\n\t\t\t\t\t\t\t\t\t\t\t\t\t\t\t\t\t\t\t\t\t\t<a href="http://47.107.116.139/phpwind/read.php?tid=15647&fid=2" target="_blank"><span class="posts_icon"><i class="icon_topic" title="\xe6\x99\xae\xe9\x80\x9a\xe5\xb8\x96  \xe6\x96\xb0\xe7\xaa\x97\xe5\x8f\xa3\xe6\x89\x93\xe5\xbc\x80"></i></span></a>\r\n\t\t\t\t\t\t\t\t\t\t\t\t\t\t\t\t\t\t\t\t\t\t<a href="http://47.107.116.139/phpwind/index.php?c=thread&fid=2" class="st">[\xe6\x96\xb0\xe7\x89\x88\xe5\x9d\x97]</a>\r\n\t\t\t\t\t\t\t\t\t\t\t\t\t\t\t\t\t\t\t\t\t\t<a href="http://47.107.116.139/phpwind/read.php?tid=15647&fid=2" class="st" style="" title="pytest_1675324199.3294551">pytest_1675324199.3294551</a>\r\n\t\t\t\t\t\t\t\t\t\t\t\t\t\t\t\t\t\t\t\t\t</p>\r\n\t\t\t\t\t\t\t\t\t\t<p class="info">\r\n\t\t\t\t\t\t\t\t\t\t\t\xe6\xa5\xbc\xe4\xb8\xbb\xef\xbc\x9a<a class="J_user_card_show" data-uid="10611" href="http://47.107.116.139/phpwind/index.php?m=space&uid=10611">samu</a><span>2023-02-02</span>\r\n\t\t\t\t\t\t\t\t\t\t\t\xe6\x9c\x80\xe5\x90\x8e\xe5\x9b\x9e\xe5\xa4\x8d\xef\xbc\x9a<a class="J_user_card_show" data-uid="10611" href="http://47.107.116.139/phpwind/index.php?m=space&uid=10611">samu</a><span><a href="http://47.107.116.139/phpwind/read.php?tid=15647&fid=2&page=e#a" rel="nofollow" aria-label="\xe6\x9c\x80\xe5\x90\x8e\xe5\x9b\x9e\xe5\xa4\x8d\xe6\x97\xb6\xe9\x97\xb4">02-02 15:50</a></span>\r\n\t\t\t\t\t\t\t\t\t\t</p>\r\n\t\t\t\t\t\t\t\t\t</td>\r\n\t\t\t\t\t\t\t\t\t<td class="num">\r\n\t\t\t\t\t\t\t\t\t\t<span>\xe5\x9b\x9e\xe5\xa4\x8d<em>1</em></span>\r\n\t\t\t\t\t\t\t\t\t\t<span>\xe6\xb5\x8f\xe8\xa7\x88<em>1</em></span>\r\n\t\t\t\t\t\t\t\t\t</td>\r\n\t\t\t\t\t\t\t\t</tr>\r\n\t\t\t\t\t\t\t\t\t\t\t\t\t\t\t\t<tr>\r\n\t\t\t\t\t\t\t\t\t<td class="author"><a class="J_user_card_show" data-uid="10611" href="http://47.107.116.139/phpwind/index.php?m=space&uid=10611"><img src="http://47.107.116.139/phpwind/windid/attachment/avatar/000/01/06/10611_small.jpg" onerror="this.onerror=null;this.src=\'http://47.107.116.139/phpwind/res/images/face/face_small.jpg\'" width="45" height="45" alt="samu" /></a></td>\r\n\t\t\t\t\t\t\t\t\t<td class="subject">\r\n\t\t\t\t\t\t\t\t\t\t<p class="title">\r\n\t\t\t\t\t\t\t\t\t\t\t\t\t\t\t\t\t\t\t\t\t\t<a href="http://47.107.116.139/phpwind/read.php?tid=15646&fid=2" target="_blank"><span class="posts_icon"><i class="icon_topic" title="\xe6\x99\xae\xe9\x80\x9a\xe5\xb8\x96  \xe6\x96\xb0\xe7\xaa\x97\xe5\x8f\xa3\xe6\x89\x93\xe5\xbc\x80"></i></span></a>\r\n\t\t\t\t\t\t\t\t\t\t\t\t\t\t\t\t\t\t\t\t\t\t<a href="http://47.107.116.139/phpwind/index.php?c=thread&fid=2" class="st">[\xe6\x96\xb0\xe7\x89\x88\xe5\x9d\x97]</a>\r\n\t\t\t\t\t\t\t\t\t\t\t\t\t\t\t\t\t\t\t\t\t\t<a href="http://47.107.116.139/phpwind/read.php?tid=15646&fid=2" class="st" style="" title="pytest_1675324154.5878596">pytest_1675324154.5878596</a>\r\n\t\t\t\t\t\t\t\t\t\t\t\t\t\t\t\t\t\t\t\t\t</p>\r\n\t\t\t\t\t\t\t\t\t\t<p class="info">\r\n\t\t\t\t\t\t\t\t\t\t\t\xe6\xa5\xbc\xe4\xb8\xbb\xef\xbc\x9a<a class="J_user_card_show" data-uid="10611" href="http://47.107.116.139/phpwind/index.php?m=space&uid=10611">samu</a><span>2023-02-02</span>\r\n\t\t\t\t\t\t\t\t\t\t\t\xe6\x9c\x80\xe5\x90\x8e\xe5\x9b\x9e\xe5\xa4\x8d\xef\xbc\x9a<a class="J_user_card_show" data-uid="10611" href="http://47.107.116.139/phpwind/index.php?m=space&uid=10611">samu</a><span><a href="http://47.107.116.139/phpwind/read.php?tid=15646&fid=2&page=e#a" rel="nofollow" aria-label="\xe6\x9c\x80\xe5\x90\x8e\xe5\x9b\x9e\xe5\xa4\x8d\xe6\x97\xb6\xe9\x97\xb4">02-02 15:49</a></span>\r\n\t\t\t\t\t\t\t\t\t\t</p>\r\n\t\t\t\t\t\t\t\t\t</td>\r\n\t\t\t\t\t\t\t\t\t<td class="num">\r\n\t\t\t\t\t\t\t\t\t\t<span>\xe5\x9b\x9e\xe5\xa4\x8d<em>1</em></span>\r\n\t\t\t\t\t\t\t\t\t\t<span>\xe6\xb5\x8f\xe8\xa7\x88<em>1</em></span>\r\n\t\t\t\t\t\t\t\t\t</td>\r\n\t\t\t\t\t\t\t\t</tr>\r\n\t\t\t\t\t\t\t\t\t\t\t\t\t\t\t\t<tr>\r\n\t\t\t\t\t\t\t\t\t<td class="author"><a class="J_user_card_show" data-uid="10611" href="http://47.107.116.139/phpwind/index.php?m=space&uid=10611"><img src="http://47.107.116.139/phpwind/windid/attachment/avatar/000/01/06/10611_small.jpg" onerror="this.onerror=null;this.src=\'http://47.107.116.139/phpwind/res/images/face/face_small.jpg\'" width="45" height="45" alt="samu" /></a></td>\r\n\t\t\t\t\t\t\t\t\t<td class="subject">\r\n\t\t\t\t\t\t\t\t\t\t<p class="title">\r\n\t\t\t\t\t\t\t\t\t\t\t\t\t\t\t\t\t\t\t\t\t\t<a href="http://47.107.116.139/phpwind/read.php?tid=15645&fid=2" target="_blank"><span class="posts_icon"><i class="icon_topic" title="\xe6\x99\xae\xe9\x80\x9a\xe5\xb8\x96  \xe6\x96\xb0\xe7\xaa\x97\xe5\x8f\xa3\xe6\x89\x93\xe5\xbc\x80"></i></span></a>\r\n\t\t\t\t\t\t\t\t\t\t\t\t\t\t\t\t\t\t\t\t\t\t<a href="http://47.107.116.139/phpwind/index.php?c=thread&fid=2" class="st">[\xe6\x96\xb0\xe7\x89\x88\xe5\x9d\x97]</a>\r\n\t\t\t\t\t\t\t\t\t\t\t\t\t\t\t\t\t\t\t\t\t\t<a href="http://47.107.116.139/phpwind/read.php?tid=15645&fid=2" class="st" style="" title="pytest_1675324123.8741848">pytest_1675324123.8741848</a>\r\n\t\t\t\t\t\t\t\t\t\t\t\t\t\t\t\t\t\t\t\t\t</p>\r\n\t\t\t\t\t\t\t\t\t\t<p class="info">\r\n\t\t\t\t\t\t\t\t\t\t\t\xe6\xa5\xbc\xe4\xb8\xbb\xef\xbc\x9a<a class="J_user_card_show" data-uid="10611" href="http://47.107.116.139/phpwind/index.php?m=space&uid=10611">samu</a><span>2023-02-02</span>\r\n\t\t\t\t\t\t\t\t\t\t\t\xe6\x9c\x80\xe5\x90\x8e\xe5\x9b\x9e\xe5\xa4\x8d\xef\xbc\x9a<a class="J_user_card_show" data-uid="10611" href="http://47.107.116.139/phpwind/index.php?m=space&uid=10611">samu</a><span><a href="http://47.107.116.139/phpwind/read.php?tid=15645&fid=2&page=e#a" rel="nofollow" aria-label="\xe6\x9c\x80\xe5\x90\x8e\xe5\x9b\x9e\xe5\xa4\x8d\xe6\x97\xb6\xe9\x97\xb4">02-02 15:48</a></span>\r\n\t\t\t\t\t\t\t\t\t\t</p>\r\n\t\t\t\t\t\t\t\t\t</td>\r\n\t\t\t\t\t\t\t\t\t<td class="num">\r\n\t\t\t\t\t\t\t\t\t\t<span>\xe5\x9b\x9e\xe5\xa4\x8d<em>1</em></span>\r\n\t\t\t\t\t\t\t\t\t\t<span>\xe6\xb5\x8f\xe8\xa7\x88<em>1</em></span>\r\n\t\t\t\t\t\t\t\t\t</td>\r\n\t\t\t\t\t\t\t\t</tr>\r\n\t\t\t\t\t\t\t\t\t\t\t\t\t\t\t\t<tr>\r\n\t\t\t\t\t\t\t\t\t<td class="author"><a class="J_user_card_show" data-uid="10611" href="http://47.107.116.139/phpwind/index.php?m=space&uid=10611"><img src="http://47.107.116.139/phpwind/windid/attachment/avatar/000/01/06/10611_small.jpg" onerror="this.onerror=null;this.src=\'http://47.107.116.139/phpwind/res/images/face/face_small.jpg\'" width="45" height="45" alt="samu" /></a></td>\r\n\t\t\t\t\t\t\t\t\t<td class="subject">\r\n\t\t\t\t\t\t\t\t\t\t<p class="title">\r\n\t\t\t\t\t\t\t\t\t\t\t\t\t\t\t\t\t\t\t\t\t\t<a href="http://47.107.116.139/phpwind/read.php?tid=15644&fid=2" target="_blank"><span class="posts_icon"><i class="icon_topic" title="\xe6\x99\xae\xe9\x80\x9a\xe5\xb8\x96  \xe6\x96\xb0\xe7\xaa\x97\xe5\x8f\xa3\xe6\x89\x93\xe5\xbc\x80"></i></span></a>\r\n\t\t\t\t\t\t\t\t\t\t\t\t\t\t\t\t\t\t\t\t\t\t<a href="http://47.107.116.139/phpwind/index.php?c=thread&fid=2" class="st">[\xe6\x96\xb0\xe7\x89\x88\xe5\x9d\x97]</a>\r\n\t\t\t\t\t\t\t\t\t\t\t\t\t\t\t\t\t\t\t\t\t\t<a href="http://47.107.116.139/phpwind/read.php?tid=15644&fid=2" class="st" style="" title="pytest_1675324102.7845185">pytest_1675324102.7845185</a>\r\n\t\t\t\t\t\t\t\t\t\t\t\t\t\t\t\t\t\t\t\t\t</p>\r\n\t\t\t\t\t\t\t\t\t\t<p class="info">\r\n\t\t\t\t\t\t\t\t\t\t\t\xe6\xa5\xbc\xe4\xb8\xbb\xef\xbc\x9a<a class="J_user_card_show" data-uid="10611" href="http://47.107.116.139/phpwind/index.php?m=space&uid=10611">samu</a><span>2023-02-02</span>\r\n\t\t\t\t\t\t\t\t\t\t\t\xe6\x9c\x80\xe5\x90\x8e\xe5\x9b\x9e\xe5\xa4\x8d\xef\xbc\x9a<a class="J_user_card_show" data-uid="10611" href="http://47.107.116.139/phpwind/index.php?m=space&uid=10611">samu</a><span><a href="http://47.107.116.139/phpwind/read.php?tid=15644&fid=2&page=e#a" rel="nofollow" aria-label="\xe6\x9c\x80\xe5\x90\x8e\xe5\x9b\x9e\xe5\xa4\x8d\xe6\x97\xb6\xe9\x97\xb4">02-02 15:48</a></span>\r\n\t\t\t\t\t\t\t\t\t\t</p>\r\n\t\t\t\t\t\t\t\t\t</td>\r\n\t\t\t\t\t\t\t\t\t<td class="num">\r\n\t\t\t\t\t\t\t\t\t\t<span>\xe5\x9b\x9e\xe5\xa4\x8d<em>1</em></span>\r\n\t\t\t\t\t\t\t\t\t\t<span>\xe6\xb5\x8f\xe8\xa7\x88<em>1</em></span>\r\n\t\t\t\t\t\t\t\t\t</td>\r\n\t\t\t\t\t\t\t\t</tr>\r\n\t\t\t\t\t\t\t\t\t\t\t\t\t\t\t\t<tr>\r\n\t\t\t\t\t\t\t\t\t<td class="author"><a class="J_user_card_show" data-uid="10611" href="http://47.107.116.139/phpwind/index.php?m=space&uid=10611"><img src="http://47.107.116.139/phpwind/windid/attachment/avatar/000/01/06/10611_small.jpg" onerror="this.onerror=null;this.src=\'http://47.107.116.139/phpwind/res/images/face/face_small.jpg\'" width="45" height="45" alt="samu" /></a></td>\r\n\t\t\t\t\t\t\t\t\t<td class="subject">\r\n\t\t\t\t\t\t\t\t\t\t<p class="title">\r\n\t\t\t\t\t\t\t\t\t\t\t\t\t\t\t\t\t\t\t\t\t\t<a href="http://47.107.116.139/phpwind/read.php?tid=15643&fid=2" target="_blank"><span class="posts_icon"><i class="icon_topic" title="\xe6\x99\xae\xe9\x80\x9a\xe5\xb8\x96  \xe6\x96\xb0\xe7\xaa\x97\xe5\x8f\xa3\xe6\x89\x93\xe5\xbc\x80"></i></span></a>\r\n\t\t\t\t\t\t\t\t\t\t\t\t\t\t\t\t\t\t\t\t\t\t<a href="http://47.107.116.139/phpwind/index.php?c=thread&fid=2" class="st">[\xe6\x96\xb0\xe7\x89\x88\xe5\x9d\x97]</a>\r\n\t\t\t\t\t\t\t\t\t\t\t\t\t\t\t\t\t\t\t\t\t\t<a href="http://47.107.116.139/phpwind/read.php?tid=15643&fid=2" class="st" style="" title="pytest_1675323062.9039645">pytest_1675323062.9039645</a>\r\n\t\t\t\t\t\t\t\t\t\t\t\t\t\t\t\t\t\t\t\t\t</p>\r\n\t\t\t\t\t\t\t\t\t\t<p class="info">\r\n\t\t\t\t\t\t\t\t\t\t\t\xe6\xa5\xbc\xe4\xb8\xbb\xef\xbc\x9a<a class="J_user_card_show" data-uid="10611" href="http://47.107.116.139/phpwind/index.php?m=space&uid=10611">samu</a><span>2023-02-02</span>\r\n\t\t\t\t\t\t\t\t\t\t\t\xe6\x9c\x80\xe5\x90\x8e\xe5\x9b\x9e\xe5\xa4\x8d\xef\xbc\x9a<a class="J_user_card_show" data-uid="10611" href="http://47.107.116.139/phpwind/index.php?m=space&uid=10611">samu</a><span><a href="http://47.107.116.139/phpwind/read.php?tid=15643&fid=2&page=e#a" rel="nofollow" aria-label="\xe6\x9c\x80\xe5\x90\x8e\xe5\x9b\x9e\xe5\xa4\x8d\xe6\x97\xb6\xe9\x97\xb4">02-02 15:31</a></span>\r\n\t\t\t\t\t\t\t\t\t\t</p>\r\n\t\t\t\t\t\t\t\t\t</td>\r\n\t\t\t\t\t\t\t\t\t<td class="num">\r\n\t\t\t\t\t\t\t\t\t\t<span>\xe5\x9b\x9e\xe5\xa4\x8d<em>1</em></span>\r\n\t\t\t\t\t\t\t\t\t\t<span>\xe6\xb5\x8f\xe8\xa7\x88<em>1</em></span>\r\n\t\t\t\t\t\t\t\t\t</td>\r\n\t\t\t\t\t\t\t\t</tr>\r\n\t\t\t\t\t\t\t\t\t\t\t\t\t\t\t\t<tr>\r\n\t\t\t\t\t\t\t\t\t<td class="author"><a class="J_user_card_show" data-uid="10611" href="http://47.107.116.139/phpwind/index.php?m=space&uid=10611"><img src="http://47.107.116.139/phpwind/windid/attachment/avatar/000/01/06/10611_small.jpg" onerror="this.onerror=null;this.src=\'http://47.107.116.139/phpwind/res/images/face/face_small.jpg\'" width="45" height="45" alt="samu" /></a></td>\r\n\t\t\t\t\t\t\t\t\t<td class="subject">\r\n\t\t\t\t\t\t\t\t\t\t<p class="title">\r\n\t\t\t\t\t\t\t\t\t\t\t\t\t\t\t\t\t\t\t\t\t\t<a href="http://47.107.116.139/phpwind/read.php?tid=15642&fid=2" target="_blank"><span class="posts_icon"><i class="icon_topic" title="\xe6\x99\xae\xe9\x80\x9a\xe5\xb8\x96  \xe6\x96\xb0\xe7\xaa\x97\xe5\x8f\xa3\xe6\x89\x93\xe5\xbc\x80"></i></span></a>\r\n\t\t\t\t\t\t\t\t\t\t\t\t\t\t\t\t\t\t\t\t\t\t<a href="http://47.107.116.139/phpwind/index.php?c=thread&fid=2" class="st">[\xe6\x96\xb0\xe7\x89\x88\xe5\x9d\x97]</a>\r\n\t\t\t\t\t\t\t\t\t\t\t\t\t\t\t\t\t\t\t\t\t\t<a href="http://47.107.116.139/phpwind/read.php?tid=15642&fid=2" class="st" style="" title="pytest_1675322996.3602803">pytest_1675322996.3602803</a>\r\n\t\t\t\t\t\t\t\t\t\t\t\t\t\t\t\t\t\t\t\t\t</p>\r\n\t\t\t\t\t\t\t\t\t\t<p class="info">\r\n\t\t\t\t\t\t\t\t\t\t\t\xe6\xa5\xbc\xe4\xb8\xbb\xef\xbc\x9a<a class="J_user_card_show" data-uid="10611" href="http://47.107.116.139/phpwind/index.php?m=space&uid=10611">samu</a><span>2023-02-02</span>\r\n\t\t\t\t\t\t\t\t\t\t\t\xe6\x9c\x80\xe5\x90\x8e\xe5\x9b\x9e\xe5\xa4\x8d\xef\xbc\x9a<a class="J_user_card_show" data-uid="10611" href="http://47.107.116.139/phpwind/index.php?m=space&uid=10611">samu</a><span><a href="http://47.107.116.139/phpwind/read.php?tid=15642&fid=2&page=e#a" rel="nofollow" aria-label="\xe6\x9c\x80\xe5\x90\x8e\xe5\x9b\x9e\xe5\xa4\x8d\xe6\x97\xb6\xe9\x97\xb4">02-02 15:29</a></span>\r\n\t\t\t\t\t\t\t\t\t\t</p>\r\n\t\t\t\t\t\t\t\t\t</td>\r\n\t\t\t\t\t\t\t\t\t<td class="num">\r\n\t\t\t\t\t\t\t\t\t\t<span>\xe5\x9b\x9e\xe5\xa4\x8d<em>1</em></span>\r\n\t\t\t\t\t\t\t\t\t\t<span>\xe6\xb5\x8f\xe8\xa7\x88<em>1</em></span>\r\n\t\t\t\t\t\t\t\t\t</td>\r\n\t\t\t\t\t\t\t\t</tr>\r\n\t\t\t\t\t\t\t\t\t\t\t\t\t\t\t\t<tr>\r\n\t\t\t\t\t\t\t\t\t<td class="author"><a class="J_user_card_show" data-uid="10611" href="http://47.107.116.139/phpwind/index.php?m=space&uid=10611"><img src="http://47.107.116.139/phpwind/windid/attachment/avatar/000/01/06/10611_small.jpg" onerror="this.onerror=null;this.src=\'http://47.107.116.139/phpwind/res/images/face/face_small.jpg\'" width="45" height="45" alt="samu" /></a></td>\r\n\t\t\t\t\t\t\t\t\t<td class="subject">\r\n\t\t\t\t\t\t\t\t\t\t<p class="title">\r\n\t\t\t\t\t\t\t\t\t\t\t\t\t\t\t\t\t\t\t\t\t\t<a href="http://47.107.116.139/phpwind/read.php?tid=15641&fid=2" target="_blank"><span class="posts_icon"><i class="icon_topic" title="\xe6\x99\xae\xe9\x80\x9a\xe5\xb8\x96  \xe6\x96\xb0\xe7\xaa\x97\xe5\x8f\xa3\xe6\x89\x93\xe5\xbc\x80"></i></span></a>\r\n\t\t\t\t\t\t\t\t\t\t\t\t\t\t\t\t\t\t\t\t\t\t<a href="http://47.107.116.139/phpwind/index.php?c=thread&fid=2" class="st">[\xe6\x96\xb0\xe7\x89\x88\xe5\x9d\x97]</a>\r\n\t\t\t\t\t\t\t\t\t\t\t\t\t\t\t\t\t\t\t\t\t\t<a href="http://47.107.116.139/phpwind/read.php?tid=15641&fid=2" class="st" style="" title="pytest_1675322931.9656408">pytest_1675322931.9656408</a>\r\n\t\t\t\t\t\t\t\t\t\t\t\t\t\t\t\t\t\t\t\t\t</p>\r\n\t\t\t\t\t\t\t\t\t\t<p class="info">\r\n\t\t\t\t\t\t\t\t\t\t\t\xe6\xa5\xbc\xe4\xb8\xbb\xef\xbc\x9a<a class="J_user_card_show" data-uid="10611" href="http://47.107.116.139/phpwind/index.php?m=space&uid=10611">samu</a><span>2023-02-02</span>\r\n\t\t\t\t\t\t\t\t\t\t\t\xe6\x9c\x80\xe5\x90\x8e\xe5\x9b\x9e\xe5\xa4\x8d\xef\xbc\x9a<a class="J_user_card_show" data-uid="10611" href="http://47.107.116.139/phpwind/index.php?m=space&uid=10611">samu</a><span><a href="http://47.107.116.139/phpwind/read.php?tid=15641&fid=2&page=e#a" rel="nofollow" aria-label="\xe6\x9c\x80\xe5\x90\x8e\xe5\x9b\x9e\xe5\xa4\x8d\xe6\x97\xb6\xe9\x97\xb4">02-02 15:28</a></span>\r\n\t\t\t\t\t\t\t\t\t\t</p>\r\n\t\t\t\t\t\t\t\t\t</td>\r\n\t\t\t\t\t\t\t\t\t<td class="num">\r\n\t\t\t\t\t\t\t\t\t\t<span>\xe5\x9b\x9e\xe5\xa4\x8d<em>1</em></span>\r\n\t\t\t\t\t\t\t\t\t\t<span>\xe6\xb5\x8f\xe8\xa7\x88<em>1</em></span>\r\n\t\t\t\t\t\t\t\t\t</td>\r\n\t\t\t\t\t\t\t\t</tr>\r\n\t\t\t\t\t\t\t\t\t\t\t\t\t\t\t\t<tr>\r\n\t\t\t\t\t\t\t\t\t<td class="author"><a class="J_user_card_show" data-uid="10611" href="http://47.107.116.139/phpwind/index.php?m=space&uid=10611"><img src="http://47.107.116.139/phpwind/windid/attachment/avatar/000/01/06/10611_small.jpg" onerror="this.onerror=null;this.src=\'http://47.107.116.139/phpwind/res/images/face/face_small.jpg\'" width="45" height="45" alt="samu" /></a></td>\r\n\t\t\t\t\t\t\t\t\t<td class="subject">\r\n\t\t\t\t\t\t\t\t\t\t<p class="title">\r\n\t\t\t\t\t\t\t\t\t\t\t\t\t\t\t\t\t\t\t\t\t\t<a href="http://47.107.116.139/phpwind/read.php?tid=15640&fid=2" target="_blank"><span class="posts_icon"><i class="icon_topic" title="\xe6\x99\xae\xe9\x80\x9a\xe5\xb8\x96  \xe6\x96\xb0\xe7\xaa\x97\xe5\x8f\xa3\xe6\x89\x93\xe5\xbc\x80"></i></span></a>\r\n\t\t\t\t\t\t\t\t\t\t\t\t\t\t\t\t\t\t\t\t\t\t<a href="http://47.107.116.139/phpwind/index.php?c=thread&fid=2" class="st">[\xe6\x96\xb0\xe7\x89\x88\xe5\x9d\x97]</a>\r\n\t\t\t\t\t\t\t\t\t\t\t\t\t\t\t\t\t\t\t\t\t\t<a href="http://47.107.116.139/phpwind/read.php?tid=15640&fid=2" class="st" style="" title="pytest_1675322906.359132">pytest_1675322906.359132</a>\r\n\t\t\t\t\t\t\t\t\t\t\t\t\t\t\t\t\t\t\t\t\t</p>\r\n\t\t\t\t\t\t\t\t\t\t<p class="info">\r\n\t\t\t\t\t\t\t\t\t\t\t\xe6\xa5\xbc\xe4\xb8\xbb\xef\xbc\x9a<a class="J_user_card_show" data-uid="10611" href="http://47.107.116.139/phpwind/index.php?m=space&uid=10611">samu</a><span>2023-02-02</span>\r\n\t\t\t\t\t\t\t\t\t\t\t\xe6\x9c\x80\xe5\x90\x8e\xe5\x9b\x9e\xe5\xa4\x8d\xef\xbc\x9a<a class="J_user_card_show" data-uid="10611" href="http://47.107.116.139/phpwind/index.php?m=space&uid=10611">samu</a><span><a href="http://47.107.116.139/phpwind/read.php?tid=15640&fid=2&page=e#a" rel="nofollow" aria-label="\xe6\x9c\x80\xe5\x90\x8e\xe5\x9b\x9e\xe5\xa4\x8d\xe6\x97\xb6\xe9\x97\xb4">02-02 15:28</a></span>\r\n\t\t\t\t\t\t\t\t\t\t</p>\r\n\t\t\t\t\t\t\t\t\t</td>\r\n\t\t\t\t\t\t\t\t\t<td class="num">\r\n\t\t\t\t\t\t\t\t\t\t<span>\xe5\x9b\x9e\xe5\xa4\x8d<em>1</em></span>\r\n\t\t\t\t\t\t\t\t\t\t<span>\xe6\xb5\x8f\xe8\xa7\x88<em>1</em></span>\r\n\t\t\t\t\t\t\t\t\t</td>\r\n\t\t\t\t\t\t\t\t</tr>\r\n\t\t\t\t\t\t\t\t\t\t\t\t\t\t\t\t<tr>\r\n\t\t\t\t\t\t\t\t\t<td class="author"><a class="J_user_card_show" data-uid="10611" href="http://47.107.116.139/phpwind/index.php?m=space&uid=10611"><img src="http://47.107.116.139/phpwind/windid/attachment/avatar/000/01/06/10611_small.jpg" onerror="this.onerror=null;this.src=\'http://47.107.116.139/phpwind/res/images/face/face_small.jpg\'" width="45" height="45" alt="samu" /></a></td>\r\n\t\t\t\t\t\t\t\t\t<td class="subject">\r\n\t\t\t\t\t\t\t\t\t\t<p class="title">\r\n\t\t\t\t\t\t\t\t\t\t\t\t\t\t\t\t\t\t\t\t\t\t<a href="http://47.107.116.139/phpwind/read.php?tid=15639&fid=2" target="_blank"><span class="posts_icon"><i class="icon_topic" title="\xe6\x99\xae\xe9\x80\x9a\xe5\xb8\x96  \xe6\x96\xb0\xe7\xaa\x97\xe5\x8f\xa3\xe6\x89\x93\xe5\xbc\x80"></i></span></a>\r\n\t\t\t\t\t\t\t\t\t\t\t\t\t\t\t\t\t\t\t\t\t\t<a href="http://47.107.116.139/phpwind/index.php?c=thread&fid=2" class="st">[\xe6\x96\xb0\xe7\x89\x88\xe5\x9d\x97]</a>\r\n\t\t\t\t\t\t\t\t\t\t\t\t\t\t\t\t\t\t\t\t\t\t<a href="http://47.107.116.139/phpwind/read.php?tid=15639&fid=2" class="st" style="" title="pytest_1675322646.94212">pytest_1675322646.94212</a>\r\n\t\t\t\t\t\t\t\t\t\t\t\t\t\t\t\t\t\t\t\t\t</p>\r\n\t\t\t\t\t\t\t\t\t\t<p class="info">\r\n\t\t\t\t\t\t\t\t\t\t\t\xe6\xa5\xbc\xe4\xb8\xbb\xef\xbc\x9a<a class="J_user_card_show" data-uid="10611" href="http://47.107.116.139/phpwind/index.php?m=space&uid=10611">samu</a><span>2023-02-02</span>\r\n\t\t\t\t\t\t\t\t\t\t\t\xe6\x9c\x80\xe5\x90\x8e\xe5\x9b\x9e\xe5\xa4\x8d\xef\xbc\x9a<a class="J_user_card_show" data-uid="10611" href="http://47.107.116.139/phpwind/index.php?m=space&uid=10611">samu</a><span><a href="http://47.107.116.139/phpwind/read.php?tid=15639&fid=2&page=e#a" rel="nofollow" aria-label="\xe6\x9c\x80\xe5\x90\x8e\xe5\x9b\x9e\xe5\xa4\x8d\xe6\x97\xb6\xe9\x97\xb4">02-02 15:24</a></span>\r\n\t\t\t\t\t\t\t\t\t\t</p>\r\n\t\t\t\t\t\t\t\t\t</td>\r\n\t\t\t\t\t\t\t\t\t<td class="num">\r\n\t\t\t\t\t\t\t\t\t\t<span>\xe5\x9b\x9e\xe5\xa4\x8d<em>1</em></span>\r\n\t\t\t\t\t\t\t\t\t\t<span>\xe6\xb5\x8f\xe8\xa7\x88<em>1</em></span>\r\n\t\t\t\t\t\t\t\t\t</td>\r\n\t\t\t\t\t\t\t\t</tr>\r\n\t\t\t\t\t\t\t\t\t\t\t\t\t\t\t\t<tr>\r\n\t\t\t\t\t\t\t\t\t<td class="author"><a class="J_user_card_show" data-uid="10611" href="http://47.107.116.139/phpwind/index.php?m=space&uid=10611"><img src="http://47.107.116.139/phpwind/windid/attachment/avatar/000/01/06/10611_small.jpg" onerror="this.onerror=null;this.src=\'http://47.107.116.139/phpwind/res/images/face/face_small.jpg\'" width="45" height="45" alt="samu" /></a></td>\r\n\t\t\t\t\t\t\t\t\t<td class="subject">\r\n\t\t\t\t\t\t\t\t\t\t<p class="title">\r\n\t\t\t\t\t\t\t\t\t\t\t\t\t\t\t\t\t\t\t\t\t\t<a href="http://47.107.116.139/phpwind/read.php?tid=15638&fid=2" target="_blank"><span class="posts_icon"><i class="icon_topic" title="\xe6\x99\xae\xe9\x80\x9a\xe5\xb8\x96  \xe6\x96\xb0\xe7\xaa\x97\xe5\x8f\xa3\xe6\x89\x93\xe5\xbc\x80"></i></span></a>\r\n\t\t\t\t\t\t\t\t\t\t\t\t\t\t\t\t\t\t\t\t\t\t<a href="http://47.107.116.139/phpwind/index.php?c=thread&fid=2" class="st">[\xe6\x96\xb0\xe7\x89\x88\xe5\x9d\x97]</a>\r\n\t\t\t\t\t\t\t\t\t\t\t\t\t\t\t\t\t\t\t\t\t\t<a href="http://47.107.116.139/phpwind/read.php?tid=15638&fid=2" class="st" style="" title="pytest_1675322563.5030336">pytest_1675322563.5030336</a>\r\n\t\t\t\t\t\t\t\t\t\t\t\t\t\t\t\t\t\t\t\t\t</p>\r\n\t\t\t\t\t\t\t\t\t\t<p class="info">\r\n\t\t\t\t\t\t\t\t\t\t\t\xe6\xa5\xbc\xe4\xb8\xbb\xef\xbc\x9a<a class="J_user_card_show" data-uid="10611" href="http://47.107.116.139/phpwind/index.php?m=space&uid=10611">samu</a><span>2023-02-02</span>\r\n\t\t\t\t\t\t\t\t\t\t\t\xe6\x9c\x80\xe5\x90\x8e\xe5\x9b\x9e\xe5\xa4\x8d\xef\xbc\x9a<a class="J_user_card_show" data-uid="10611" href="http://47.107.116.139/phpwind/index.php?m=space&uid=10611">samu</a><span><a href="http://47.107.116.139/phpwind/read.php?tid=15638&fid=2&page=e#a" rel="nofollow" aria-label="\xe6\x9c\x80\xe5\x90\x8e\xe5\x9b\x9e\xe5\xa4\x8d\xe6\x97\xb6\xe9\x97\xb4">02-02 15:22</a></span>\r\n\t\t\t\t\t\t\t\t\t\t</p>\r\n\t\t\t\t\t\t\t\t\t</td>\r\n\t\t\t\t\t\t\t\t\t<td class="num">\r\n\t\t\t\t\t\t\t\t\t\t<span>\xe5\x9b\x9e\xe5\xa4\x8d<em>1</em></span>\r\n\t\t\t\t\t\t\t\t\t\t<span>\xe6\xb5\x8f\xe8\xa7\x88<em>1</em></span>\r\n\t\t\t\t\t\t\t\t\t</td>\r\n\t\t\t\t\t\t\t\t</tr>\r\n\t\t\t\t\t\t\t\t\t\t\t\t\t\t\t\t<tr>\r\n\t\t\t\t\t\t\t\t\t<td class="author"><a class="J_user_card_show" data-uid="10611" href="http://47.107.116.139/phpwind/index.php?m=space&uid=10611"><img src="http://47.107.116.139/phpwind/windid/attachment/avatar/000/01/06/10611_small.jpg" onerror="this.onerror=null;this.src=\'http://47.107.116.139/phpwind/res/images/face/face_small.jpg\'" width="45" height="45" alt="samu" /></a></td>\r\n\t\t\t\t\t\t\t\t\t<td class="subject">\r\n\t\t\t\t\t\t\t\t\t\t<p class="title">\r\n\t\t\t\t\t\t\t\t\t\t\t\t\t\t\t\t\t\t\t\t\t\t<a href="http://47.107.116.139/phpwind/read.php?tid=15637&fid=2" target="_blank"><span class="posts_icon"><i class="icon_topic" title="\xe6\x99\xae\xe9\x80\x9a\xe5\xb8\x96  \xe6\x96\xb0\xe7\xaa\x97\xe5\x8f\xa3\xe6\x89\x93\xe5\xbc\x80"></i></span></a>\r\n\t\t\t\t\t\t\t\t\t\t\t\t\t\t\t\t\t\t\t\t\t\t<a href="http://47.107.116.139/phpwind/index.php?c=thread&fid=2" class="st">[\xe6\x96\xb0\xe7\x89\x88\xe5\x9d\x97]</a>\r\n\t\t\t\t\t\t\t\t\t\t\t\t\t\t\t\t\t\t\t\t\t\t<a href="http://47.107.116.139/phpwind/read.php?tid=15637&fid=2" class="st" style="" title="pytest_1675322464.165774">pytest_1675322464.165774</a>\r\n\t\t\t\t\t\t\t\t\t\t\t\t\t\t\t\t\t\t\t\t\t</p>\r\n\t\t\t\t\t\t\t\t\t\t<p class="info">\r\n\t\t\t\t\t\t\t\t\t\t\t\xe6\xa5\xbc\xe4\xb8\xbb\xef\xbc\x9a<a class="J_user_card_show" data-uid="10611" href="http://47.107.116.139/phpwind/index.php?m=space&uid=10611">samu</a><span>2023-02-02</span>\r\n\t\t\t\t\t\t\t\t\t\t\t\xe6\x9c\x80\xe5\x90\x8e\xe5\x9b\x9e\xe5\xa4\x8d\xef\xbc\x9a<a class="J_user_card_show" data-uid="10611" href="http://47.107.116.139/phpwind/index.php?m=space&uid=10611">samu</a><span><a href="http://47.107.116.139/phpwind/read.php?tid=15637&fid=2&page=e#a" rel="nofollow" aria-label="\xe6\x9c\x80\xe5\x90\x8e\xe5\x9b\x9e\xe5\xa4\x8d\xe6\x97\xb6\xe9\x97\xb4">02-02 15:21</a></span>\r\n\t\t\t\t\t\t\t\t\t\t</p>\r\n\t\t\t\t\t\t\t\t\t</td>\r\n\t\t\t\t\t\t\t\t\t<td class="num">\r\n\t\t\t\t\t\t\t\t\t\t<span>\xe5\x9b\x9e\xe5\xa4\x8d<em>1</em></span>\r\n\t\t\t\t\t\t\t\t\t\t<span>\xe6\xb5\x8f\xe8\xa7\x88<em>1</em></span>\r\n\t\t\t\t\t\t\t\t\t</td>\r\n\t\t\t\t\t\t\t\t</tr>\r\n\t\t\t\t\t\t\t\t\t\t\t\t\t\t\t\t<tr>\r\n\t\t\t\t\t\t\t\t\t<td class="author"><a class="J_user_card_show" data-uid="10611" href="http://47.107.116.139/phpwind/index.php?m=space&uid=10611"><img src="http://47.107.116.139/phpwind/windid/attachment/avatar/000/01/06/10611_small.jpg" onerror="this.onerror=null;this.src=\'http://47.107.116.139/phpwind/res/images/face/face_small.jpg\'" width="45" height="45" alt="samu" /></a></td>\r\n\t\t\t\t\t\t\t\t\t<td class="subject">\r\n\t\t\t\t\t\t\t\t\t\t<p class="title">\r\n\t\t\t\t\t\t\t\t\t\t\t\t\t\t\t\t\t\t\t\t\t\t<a href="http://47.107.116.139/phpwind/read.php?tid=15636&fid=2" target="_blank"><span class="posts_icon"><i class="icon_topic" title="\xe6\x99\xae\xe9\x80\x9a\xe5\xb8\x96  \xe6\x96\xb0\xe7\xaa\x97\xe5\x8f\xa3\xe6\x89\x93\xe5\xbc\x80"></i></span></a>\r\n\t\t\t\t\t\t\t\t\t\t\t\t\t\t\t\t\t\t\t\t\t\t<a href="http://47.107.116.139/phpwind/index.php?c=thread&fid=2" class="st">[\xe6\x96\xb0\xe7\x89\x88\xe5\x9d\x97]</a>\r\n\t\t\t\t\t\t\t\t\t\t\t\t\t\t\t\t\t\t\t\t\t\t<a href="http://47.107.116.139/phpwind/read.php?tid=15636&fid=2" class="st" style="" title="pytest_1675322371.0151918">pytest_1675322371.0151918</a>\r\n\t\t\t\t\t\t\t\t\t\t\t\t\t\t\t\t\t\t\t\t\t</p>\r\n\t\t\t\t\t\t\t\t\t\t<p class="info">\r\n\t\t\t\t\t\t\t\t\t\t\t\xe6\xa5\xbc\xe4\xb8\xbb\xef\xbc\x9a<a class="J_user_card_show" data-uid="10611" href="http://47.107.116.139/phpwind/index.php?m=space&uid=10611">samu</a><span>2023-02-02</span>\r\n\t\t\t\t\t\t\t\t\t\t\t\xe6\x9c\x80\xe5\x90\x8e\xe5\x9b\x9e\xe5\xa4\x8d\xef\xbc\x9a<a class="J_user_card_show" data-uid="10611" href="http://47.107.116.139/phpwind/index.php?m=space&uid=10611">samu</a><span><a href="http://47.107.116.139/phpwind/read.php?tid=15636&fid=2&page=e#a" rel="nofollow" aria-label="\xe6\x9c\x80\xe5\x90\x8e\xe5\x9b\x9e\xe5\xa4\x8d\xe6\x97\xb6\xe9\x97\xb4">02-02 15:19</a></span>\r\n\t\t\t\t\t\t\t\t\t\t</p>\r\n\t\t\t\t\t\t\t\t\t</td>\r\n\t\t\t\t\t\t\t\t\t<td class="num">\r\n\t\t\t\t\t\t\t\t\t\t<span>\xe5\x9b\x9e\xe5\xa4\x8d<em>1</em></span>\r\n\t\t\t\t\t\t\t\t\t\t<span>\xe6\xb5\x8f\xe8\xa7\x88<em>1</em></span>\r\n\t\t\t\t\t\t\t\t\t</td>\r\n\t\t\t\t\t\t\t\t</tr>\r\n\t\t\t\t\t\t\t\t\t\t\t\t\t\t\t\t<tr>\r\n\t\t\t\t\t\t\t\t\t<td class="author"><a class="J_user_card_show" data-uid="10611" href="http://47.107.116.139/phpwind/index.php?m=space&uid=10611"><img src="http://47.107.116.139/phpwind/windid/attachment/avatar/000/01/06/10611_small.jpg" onerror="this.onerror=null;this.src=\'http://47.107.116.139/phpwind/res/images/face/face_small.jpg\'" width="45" height="45" alt="samu" /></a></td>\r\n\t\t\t\t\t\t\t\t\t<td class="subject">\r\n\t\t\t\t\t\t\t\t\t\t<p class="title">\r\n\t\t\t\t\t\t\t\t\t\t\t\t\t\t\t\t\t\t\t\t\t\t<a href="http://47.107.116.139/phpwind/read.php?tid=15635&fid=2" target="_blank"><span class="posts_icon"><i class="icon_topic" title="\xe6\x99\xae\xe9\x80\x9a\xe5\xb8\x96  \xe6\x96\xb0\xe7\xaa\x97\xe5\x8f\xa3\xe6\x89\x93\xe5\xbc\x80"></i></span></a>\r\n\t\t\t\t\t\t\t\t\t\t\t\t\t\t\t\t\t\t\t\t\t\t<a href="http://47.107.116.139/phpwind/index.php?c=thread&fid=2" class="st">[\xe6\x96\xb0\xe7\x89\x88\xe5\x9d\x97]</a>\r\n\t\t\t\t\t\t\t\t\t\t\t\t\t\t\t\t\t\t\t\t\t\t<a href="http://47.107.116.139/phpwind/read.php?tid=15635&fid=2" class="st" style="" title="pytest_1675322363.9301581">pytest_1675322363.9301581</a>\r\n\t\t\t\t\t\t\t\t\t\t\t\t\t\t\t\t\t\t\t\t\t</p>\r\n\t\t\t\t\t\t\t\t\t\t<p class="info">\r\n\t\t\t\t\t\t\t\t\t\t\t\xe6\xa5\xbc\xe4\xb8\xbb\xef\xbc\x9a<a class="J_user_card_show" data-uid="10611" href="http://47.107.116.139/phpwind/index.php?m=space&uid=10611">samu</a><span>2023-02-02</span>\r\n\t\t\t\t\t\t\t\t\t\t\t\xe6\x9c\x80\xe5\x90\x8e\xe5\x9b\x9e\xe5\xa4\x8d\xef\xbc\x9a<a class="J_user_card_show" data-uid="10611" href="http://47.107.116.139/phpwind/index.php?m=space&uid=10611">samu</a><span><a href="http://47.107.116.139/phpwind/read.php?tid=15635&fid=2&page=e#a" rel="nofollow" aria-label="\xe6\x9c\x80\xe5\x90\x8e\xe5\x9b\x9e\xe5\xa4\x8d\xe6\x97\xb6\xe9\x97\xb4">02-02 15:19</a></span>\r\n\t\t\t\t\t\t\t\t\t\t</p>\r\n\t\t\t\t\t\t\t\t\t</td>\r\n\t\t\t\t\t\t\t\t\t<td class="num">\r\n\t\t\t\t\t\t\t\t\t\t<span>\xe5\x9b\x9e\xe5\xa4\x8d<em>1</em></span>\r\n\t\t\t\t\t\t\t\t\t\t<span>\xe6\xb5\x8f\xe8\xa7\x88<em>1</em></span>\r\n\t\t\t\t\t\t\t\t\t</td>\r\n\t\t\t\t\t\t\t\t</tr>\r\n\t\t\t\t\t\t\t\t\t\t\t\t\t\t\t\t<tr>\r\n\t\t\t\t\t\t\t\t\t<td class="author"><a class="J_user_card_show" data-uid="10611" href="http://47.107.116.139/phpwind/index.php?m=space&uid=10611"><img src="http://47.107.116.139/phpwind/windid/attachment/avatar/000/01/06/10611_small.jpg" onerror="this.onerror=null;this.src=\'http://47.107.116.139/phpwind/res/images/face/face_small.jpg\'" width="45" height="45" alt="samu" /></a></td>\r\n\t\t\t\t\t\t\t\t\t<td class="subject">\r\n\t\t\t\t\t\t\t\t\t\t<p class="title">\r\n\t\t\t\t\t\t\t\t\t\t\t\t\t\t\t\t\t\t\t\t\t\t<a href="http://47.107.116.139/phpwind/read.php?tid=15634&fid=2" target="_blank"><span class="posts_icon"><i class="icon_topic" title="\xe6\x99\xae\xe9\x80\x9a\xe5\xb8\x96  \xe6\x96\xb0\xe7\xaa\x97\xe5\x8f\xa3\xe6\x89\x93\xe5\xbc\x80"></i></span></a>\r\n\t\t\t\t\t\t\t\t\t\t\t\t\t\t\t\t\t\t\t\t\t\t<a href="http://47.107.116.139/phpwind/index.php?c=thread&fid=2" class="st">[\xe6\x96\xb0\xe7\x89\x88\xe5\x9d\x97]</a>\r\n\t\t\t\t\t\t\t\t\t\t\t\t\t\t\t\t\t\t\t\t\t\t<a href="http://47.107.116.139/phpwind/read.php?tid=15634&fid=2" class="st" style="" title="pytest_1675322326.9137845">pytest_1675322326.9137845</a>\r\n\t\t\t\t\t\t\t\t\t\t\t\t\t\t\t\t\t\t\t\t\t</p>\r\n\t\t\t\t\t\t\t\t\t\t<p class="info">\r\n\t\t\t\t\t\t\t\t\t\t\t\xe6\xa5\xbc\xe4\xb8\xbb\xef\xbc\x9a<a class="J_user_card_show" data-uid="10611" href="http://47.107.116.139/phpwind/index.php?m=space&uid=10611">samu</a><span>2023-02-02</span>\r\n\t\t\t\t\t\t\t\t\t\t\t\xe6\x9c\x80\xe5\x90\x8e\xe5\x9b\x9e\xe5\xa4\x8d\xef\xbc\x9a<a class="J_user_card_show" data-uid="10611" href="http://47.107.116.139/phpwind/index.php?m=space&uid=10611">samu</a><span><a href="http://47.107.116.139/phpwind/read.php?tid=15634&fid=2&page=e#a" rel="nofollow" aria-label="\xe6\x9c\x80\xe5\x90\x8e\xe5\x9b\x9e\xe5\xa4\x8d\xe6\x97\xb6\xe9\x97\xb4">02-02 15:18</a></span>\r\n\t\t\t\t\t\t\t\t\t\t</p>\r\n\t\t\t\t\t\t\t\t\t</td>\r\n\t\t\t\t\t\t\t\t\t<td class="num">\r\n\t\t\t\t\t\t\t\t\t\t<span>\xe5\x9b\x9e\xe5\xa4\x8d<em>1</em></span>\r\n\t\t\t\t\t\t\t\t\t\t<span>\xe6\xb5\x8f\xe8\xa7\x88<em>1</em></span>\r\n\t\t\t\t\t\t\t\t\t</td>\r\n\t\t\t\t\t\t\t\t</tr>\r\n\t\t\t\t\t\t\t\t\t\t\t\t\t\t\t</table>\r\n\t\t\t\t\t\t</div>\r\n\t\t\t\t\t\t\t\t\t\t\t</div>\r\n\t\t\t\t\t<div class="J_page_wrap cc" data-key="true">\r\n\t\t\t\t\t\t<div class="pages">\r\n\t<strong>1</strong>\r\n\t<a href="http://47.107.116.139/phpwind/index.php?page=2">2</a>\r\n\t\t<a href="http://47.107.116.139/phpwind/index.php?page=3">3</a>\r\n\t\t<a href="http://47.107.116.139/phpwind/index.php?page=4">4</a>\r\n\t\t<a href="http://47.107.116.139/phpwind/index.php?page=570">...570</a>\r\n\t\t<a href="http://47.107.116.139/phpwind/index.php?page=2" class="pages_next J_pages_next">\xe4\xb8\x8b\xe4\xb8\x80\xe9\xa1\xb5&nbsp;&raquo;</a>\r\n</div>\r\n\t\t\t\t\t</div>\r\n\t\t\t\t\t\r\n\t\t\t\t\t\t\t\t\t\t \r\n\t\t\t\t</div>\r\n\t\t\t</div>\r\n\t\t\t<div class="main_sidebar">\r\n\t\t\t\t\t<div class="box_wrap user_info">\r\n\t\t<dl class="cc">\r\n\t\t\t<dt id="J_ava_ie6">\r\n\t\t\t\t<a href="http://47.107.116.139/phpwind/index.php?m=space&uid=877"><img class="J_avatar" src="http://47.107.116.139/phpwind/windid/attachment/avatar/000/00/08/877_middle.jpg" data-type="middle" width="72" height="72" alt="beifan" /></a>\r\n\t\t\t\t<a href="http://47.107.116.139/phpwind/index.php?m=profile&c=avatar&_left=avatar"><b></b><span>\xe4\xbf\xae\xe6\x94\xb9\xe5\xa4\xb4\xe5\x83\x8f</span></a>\r\n\t\t\t</dt>\r\n\t\t\t<dd>\r\n\t\t\t\t<div class="name"><a href="http://47.107.116.139/phpwind/index.php?m=space&uid=877" class="username">beifan<i></i></a></div>\r\n\t\t\t\t<div class="level"><a href="http://47.107.116.139/phpwind/index.php?m=profile&c=right&_left=right">\xe5\x9c\xa3\xe9\xaa\x91\xe5\xa3\xab</a></div>\r\n\t\t\t\t<div class="level_img">\r\n\t\t\t\t\t<a href="http://47.107.116.139/phpwind/index.php?m=profile&c=credit"><img src="http://47.107.116.139/phpwind/res/images/level/8.gif" alt="\xe5\x9c\xa3\xe9\xaa\x91\xe5\xa3\xab" /></a>\r\n\t\t\t\t</div>\r\n\t\t\t</dd>\r\n\t\t</dl>\r\n\t\t<div class="num">\r\n\t\t\t<ul class="cc">\r\n\t\t\t\t<li><a href="http://47.107.116.139/phpwind/index.php?m=my&c=follow"><span>0</span><em>\xe5\x85\xb3\xe6\xb3\xa8</em></a></li>\r\n\t\t\t\t<li><a href="http://47.107.116.139/phpwind/index.php?m=my&c=fans"><span>0</span><em>\xe7\xb2\x89\xe4\xb8\x9d</em></a></li>\r\n\t\t\t\t<li class="tail"><a href="http://47.107.116.139/phpwind/index.php?m=my&c=article"><span>178</span><em>\xe5\xb8\x96\xe5\xad\x90</em></a></li>\r\n\t\t\t</ul>\r\n\t\t</div>\r\n\t\t\t<div class="medal_widget" id="J_medal_widget">\r\n\t\t\t<a href="javascript:;" class="next next_disabled J_lazyslide_next" title="\xe4\xb8\x8b\xe4\xb8\x80\xe7\xbb\x84"><em></em></a>\r\n\t\t\t<a href="javascript:;" class="pre pre_disabled J_lazyslide_prev" title="\xe4\xb8\x8a\xe4\xb8\x80\xe7\xbb\x84"><em></em></a>\r\n\t\t\t<div class="medal_list_wrap">\r\n\t\t\t<ul id="J_medal_widget_ul" class="cc J_lazyslide_list" style="width:900px;">\r\n\t\t\t\t\t\t\t\t<li class="doing"><a href="http://47.107.116.139/phpwind/index.php?m=medal"><img src="http://47.107.116.139/phpwind/res/images/medal/icon/shequjumin.gif" width="30" height="30" title="\xe7\xa4\xbe\xe5\x8c\xba\xe5\xb1\x85\xe6\xb0\x91" alt="\xe7\xa4\xbe\xe5\x8c\xba\xe5\xb1\x85\xe6\xb0\x91" /></a></li>\r\n\t\t\t\t\t\t\t\t\t<li class="doing"><a href="http://47.107.116.139/phpwind/index.php?m=medal"><img src="http://47.107.116.139/phpwind/res/images/medal/icon/zhongshihuiyuan.gif" width="30" height="30" title="\xe5\xbf\xa0\xe5\xae\x9e\xe4\xbc\x9a\xe5\x91\x98" alt="\xe5\xbf\xa0\xe5\xae\x9e\xe4\xbc\x9a\xe5\x91\x98" /></a></li>\r\n\t\t\t\t\t\t\t\t\t<li class="doing"><a href="http://47.107.116.139/phpwind/index.php?m=medal"><img src="http://47.107.116.139/phpwind/res/images/medal/icon/yuanchuangxieshou.gif" width="30" height="30" title="\xe5\x8e\x9f\xe5\x88\x9b\xe5\x86\x99\xe6\x89\x8b" alt="\xe5\x8e\x9f\xe5\x88\x9b\xe5\x86\x99\xe6\x89\x8b" /></a></li>\r\n\t\t\t\t\t\t\t\t\t<li class="doing"><a href="http://47.107.116.139/phpwind/index.php?m=medal"><img src="http://47.107.116.139/phpwind/res/images/medal/icon/shequmingxing.gif" width="30" height="30" title="\xe7\xa4\xbe\xe5\x8c\xba\xe6\x98\x8e\xe6\x98\x9f" alt="\xe7\xa4\xbe\xe5\x8c\xba\xe6\x98\x8e\xe6\x98\x9f" /></a></li>\r\n\t\t\t\t\t\t\t\t\t<li class="doing"><a href="http://47.107.116.139/phpwind/index.php?m=medal"><img src="http://47.107.116.139/phpwind/res/images/medal/icon/zuiaishafa.gif" width="30" height="30" title="\xe6\x9c\x80\xe7\x88\xb1\xe6\xb2\x99\xe5\x8f\x91" alt="\xe6\x9c\x80\xe7\x88\xb1\xe6\xb2\x99\xe5\x8f\x91" /></a></li>\r\n\t\t\t\t\t\t\t\t\t<li class="doing"><a href="http://47.107.116.139/phpwind/index.php?m=medal"><img src="http://47.107.116.139/phpwind/res/images/medal/icon/xihuandaren.gif" width="30" height="30" title="\xe5\x96\x9c\xe6\xac\xa2\xe8\xbe\xbe\xe4\xba\xba" alt="\xe5\x96\x9c\xe6\xac\xa2\xe8\xbe\xbe\xe4\xba\xba" /></a></li>\r\n\t\t\t\t\t\t\t</ul>\r\n\t\t\t<textarea id="J_sidebar_medal_ta" style="display:none">\r\n\t\t\t\t<li class="doing"><a href="http://47.107.116.139/phpwind/index.php?m=medal"><img src="http://47.107.116.139/phpwind/res/images/medal/icon/shequjumin.gif" width="30" height="30" title="\xe7\xa4\xbe\xe5\x8c\xba\xe5\xb1\x85\xe6\xb0\x91" alt="\xe7\xa4\xbe\xe5\x8c\xba\xe5\xb1\x85\xe6\xb0\x91" /></a></li><li class="doing"><a href="http://47.107.116.139/phpwind/index.php?m=medal"><img src="http://47.107.116.139/phpwind/res/images/medal/icon/zhongshihuiyuan.gif" width="30" height="30" title="\xe5\xbf\xa0\xe5\xae\x9e\xe4\xbc\x9a\xe5\x91\x98" alt="\xe5\xbf\xa0\xe5\xae\x9e\xe4\xbc\x9a\xe5\x91\x98" /></a></li><li class="doing"><a href="http://47.107.116.139/phpwind/index.php?m=medal"><img src="http://47.107.116.139/phpwind/res/images/medal/icon/yuanchuangxieshou.gif" width="30" height="30" title="\xe5\x8e\x9f\xe5\x88\x9b\xe5\x86\x99\xe6\x89\x8b" alt="\xe5\x8e\x9f\xe5\x88\x9b\xe5\x86\x99\xe6\x89\x8b" /></a></li><li class="doing"><a href="http://47.107.116.139/phpwind/index.php?m=medal"><img src="http://47.107.116.139/phpwind/res/images/medal/icon/shequmingxing.gif" width="30" height="30" title="\xe7\xa4\xbe\xe5\x8c\xba\xe6\x98\x8e\xe6\x98\x9f" alt="\xe7\xa4\xbe\xe5\x8c\xba\xe6\x98\x8e\xe6\x98\x9f" /></a></li><li class="doing"><a href="http://47.107.116.139/phpwind/index.php?m=medal"><img src="http://47.107.116.139/phpwind/res/images/medal/icon/zuiaishafa.gif" width="30" height="30" title="\xe6\x9c\x80\xe7\x88\xb1\xe6\xb2\x99\xe5\x8f\x91" alt="\xe6\x9c\x80\xe7\x88\xb1\xe6\xb2\x99\xe5\x8f\x91" /></a></li><li class="doing"><a href="http://47.107.116.139/phpwind/index.php?m=medal"><img src="http://47.107.116.139/phpwind/res/images/medal/icon/xihuandaren.gif" width="30" height="30" title="\xe5\x96\x9c\xe6\xac\xa2\xe8\xbe\xbe\xe4\xba\xba" alt="\xe5\x96\x9c\xe6\xac\xa2\xe8\xbe\xbe\xe4\xba\xba" /></a></li><li class="doing"><a href="http://47.107.116.139/phpwind/index.php?m=medal"><img src="http://47.107.116.139/phpwind/res/images/medal/icon/shequlaomo.gif" width="30" height="30" title="\xe7\xa4\xbe\xe5\x8c\xba\xe5\x8a\xb3\xe6\xa8\xa1" alt="\xe7\xa4\xbe\xe5\x8c\xba\xe5\x8a\xb3\xe6\xa8\xa1" /></a></li><li class="doing"><a href="http://47.107.116.139/phpwind/index.php?m=medal"><img src="http://47.107.116.139/phpwind/res/images/medal/icon/zhuixingyizu.gif" width="30" height="30" title="\xe8\xbf\xbd\xe6\x98\x9f\xe4\xb8\x80\xe6\x97\x8f" alt="\xe8\xbf\xbd\xe6\x98\x9f\xe4\xb8\x80\xe6\x97\x8f" /></a></li></textarea>\r\n\t\t\t</div>\r\n\t\t</div>\r\n\t\t<div class="cc punch_widget_wrap">\r\n\t\t<div id="J_punch_main_tip" class="fl dn">\r\n\t\t\t\t</div>\r\n\t\t<div class="punch_widget " id="J_punch_widget">\r\n\t\t\t<div class="date">02.02<span>\xe5\x91\xa8\xe5\x9b\x9b</span></div>\r\n\t\t\t<div class="cont"><a data-tips="http://47.107.116.139/phpwind/index.php?m=space&c=punch&a=punchtip" data-uri="http://47.107.116.139/phpwind/index.php?m=space&c=punch&a=punch" href="#" id="J_punch_mine" tabindex="-1" target="_blank">\xe6\xaf\x8f\xe6\x97\xa5\xe6\x89\x93\xe5\x8d\xa1</a></div>\r\n\t\t\t\t\t\t<a data-uri="http://47.107.116.139/phpwind/index.php?m=space&c=punch&a=friend" href="#" id="J_punch_friend" class="help_ta" tabindex="-1" target="_blank">\xe5\xb8\xaeTa\xe6\x89\x93\xe5\x8d\xa1</a>\r\n\t\t\t\t\t</div>\r\n\t</div>\r\n\t</div>\r\n<!--advertisement id=\'Site.Sider.User\' sys=\'1\'/-->\r\n\r\n\t\t\t\t<div class="box_wrap" aria-label="\xe7\x89\x88\xe5\x9d\x97\xe5\x88\x97\xe8\xa1\xa8" role="tablist">\r\n\t\t\t<h2 class="box_title J_sidebar_box_toggle">\xe7\x89\x88\xe5\x9d\x97\xe5\x88\x97\xe8\xa1\xa8</h2>\r\n\t\t\t<div class="forum_menu" >\r\n\t\t\t\t\t\t\t<dl class=" current">\r\n\t\t\t\t\t<dt class="J_sidebar_forum_toggle"><a href="http://47.107.116.139/phpwind/index.php?c=cate&fid=1">\xe6\x96\xb0\xe5\x88\x86\xe7\xb1\xbb</a></dt>\r\n\t\t\t\t\t<dd role="tabpanel">\r\n\t\t\t\t\t\t\t\t\t\t\t\t<p><a class="" href="http://47.107.116.139/phpwind/index.php?c=thread&fid=2">\xe6\x96\xb0\xe7\x89\x88\xe5\x9d\x97</a></p>\r\n\t\t\t\t\t\t\t\t\t\t\t\t<p><a class="" href="http://47.107.116.139/phpwind/index.php?c=thread&fid=3">\xe6\x96\xb0\xe9\x97\xbb\xe6\xa8\xa1\xe5\x9d\x97</a></p>\r\n\t\t\t\t\t\t\t\t\t\t\t</dd>\r\n\t\t\t\t</dl>\r\n\t\t\t\t\t\t\t</div>\r\n\t\t</div>\r\n\r\n \r\n<!--design role="segment" id="linkdemo"/-->\r\n\r\n\t\t\t</div>\r\n\t\t</div>\r\n\t\t<div id="cloudwind_forum_bottom"></div>\r\n\t</div>\r\n\t\r\n<!--.main-wrap,#main End-->\r\n<div class="tac">\r\n <br />\r\n \r\n</div>\r\n<div class="footer_wrap">\r\n\t<div class="footer">\r\n\t\t\r\n\t\t<div class="bottom">\r\n\t\t<a href="http://phpwind.com/about.html">\xe5\x85\xb3\xe4\xba\x8ephpwind</a><a href="http://phpwind.com/contact.html">\xe8\x81\x94\xe7\xb3\xbb\xe6\x88\x91\xe4\xbb\xac</a><a href="http://www.phpwind.net/thread-htm-fid-39.html">\xe7\xa8\x8b\xe5\xba\x8f\xe5\xbb\xba\xe8\xae\xae</a><a href="http://www.phpwind.net/thread-htm-fid-54.html">\xe9\x97\xae\xe9\xa2\x98\xe5\x8f\x8d\xe9\xa6\x88</a>\t\t</div>\r\n\t\t<p>Powered by <a href="http://www.phpwind.net/" target="_blank" rel="nofollow">phpwind v9.0.2</a> &copy;2003-2015 <a href="http://www.phpwind.com" target="_blank" rel="nofollow">phpwind.com</a> <a href="http://www.miitbeian.gov.cn" target="_blank" rel="nofollow"></a></p>\r\n\t\t<p></p>\r\n\t</div>\r\n\t \r\n\t \r\n\t \r\n\t<div id="cloudwind_common_bottom"></div>\r\n\t</div>\r\n\r\n<!--\xe8\xbf\x94\xe5\x9b\x9e\xe9\xa1\xb6\xe9\x83\xa8-->\r\n<a href="#" rel="nofollow" role="button" id="back_top" tabindex="-1">\xe8\xbf\x94\xe5\x9b\x9e\xe9\xa1\xb6\xe9\x83\xa8</a>\r\n\r\n</div>\r\n\r\n<script>\r\nvar FID = \'\';\r\nWind.use(\'jquery\', \'global\', function(){\r\n\tif(GV.U_ID) {\r\n\t\tWind.js(GV.JS_ROOT +\'pages/bbs/threadManage.js?v=\' + GV.JS_VERSION);\r\n\t}\r\n});\r\n</script>\r\n\r\n</body>\r\n</html>'
INFO     root:databases.py:12 sql="select count(1) from report where author='beifan'"
